979342449434578974 
979335164809338880 
979290863739994133 
979290638220677160 
979244679977660496 
979237424024678440 
979145225987579954 
979127393044279378 
979124213803782164 
979074713332646010 
979051984286003220 
978891454732726362 
978846477633880116 
978773907303727196 
978748752875626566 
978711162017443890 
978707041847767100 
978580674338488320 
978561014318637117 
978560335730602044 
978560188762173440 
978537909990862888 
978537122359312415 
978492239191879721 
978478838549971035 
978401572818149456 
978381633658953758 
978354400571568188 
978349841249878016 
978334019848667196 
978320517847220225 
978291239541686332 
978194784596406272 
978194739327283240 
978194726933106708 
978164938600226927 
978139784247660595 
978121119401922580 
978054384510468176 
978008844431138817 
977994014840201256 
977986001416904735 
977872812159152168 
977859755857051688 
977827717066137610 
977825796385280010 
977761920599875584 
977761727343108176 
977759522137440256 
977713689488662528 
977675701270511708 
977655317850640404 
977644486396088401 
977644355252797470 
977630022347145246 
977621822336016484 
977526798181072928 
977501331780665354 
977488934651183134 
977462747979714560 
977376719587667988 
977373079217004635 
977295925863149588 
977295530579345448 
977284013083492382 
977267516462227577 
977263006008369262 
977258760454148147 
977160517225443328 
977112608526176286 
977104554271338556 
977103634196217886 
977093712851140629 
977093331194638366 
977066375765983292 
976950296112672769 
976950289863180368 
976930973994344558 
976928489829724161 
976908952866549771 
976908034330755102 
976859501997199391 
976859416353726505 
976742141755797514 
976739451306905610 
976739390556631040 
976717344883744808 
976717250339962921 
976695295419232257 
976656899577630781 
976654938438500362 
976648635687256064 
976588228649951322 
976530739975831596 
976511584115511357 
976506990614413362 
976348493553745930 
976347989507457114 
976275278131245067 
976250254569664563 
976166757783977994 
976166721054449664 
976144188112515092 
976059733444284428 
976047515843559465 
976046151658795020 
976046051368771604 
976045467009953802 
976045362479509524 
976041542106103848 
975927121467830352 
975901172240089088 
975899179379478529 
975878459073114112 
975846623420772403 
975715463814332416 
975711272995786792 
975696967290220604 
975683963173621800 
975642250275074068 
975631891816402974 
975606595205615656 
975521903580176395 
975504900358287370 
975484826205437952 
975483669680652379 
975455653244067840 
975448434926551061 
975335276975124510 
975335259094810694 
975303838192009256 
975279577985351692 
975228594668310548 
975200318344265819 
975120908228370542 
975120341569503333 
974987186774626334 
974987066477776906 
974985065203380304 
974960097220493352 
974960025963495424 
974958605793128478 
974931791028822066 
974802699797266495 
974737488289595442 
974690371860840529 
974591569883713556 
974561056108212234 
974550705174114314 
974549566823219221 
974547259142328370 
974359649656651836 
974348860291944479 
974225832723771412 
974206256023760966 
974202132335054878 
974133925570023494 
974125570180915200 
974087482217988116 
973950721173123083 
973938105734287371 
973870078862958632 
973843615593934888 
973808504362123325 
973740891158249503 
973689331074105354 
973665287033462914 
973664647473422358 
973663214372016138 
973600606675681280 
973553509502959646 
973538349484748840 
973491626594955264 
973479974772301864 
973465422693269564 
973418059245158470 
973389879364948008 
973372521997025390 
973359164808102018 
973270680403603466 
973264287957123072 
973262234253922484 
973177851262173184 
973117868638076948 
973114224974897162 
973113914269257778 
973093935603941426 
973079257280569394 
972984206252703824 
972964209660944455 
972899806332727306 
972873395609940068 
972782344643674112 
972757635189329950 
972756636693315614 
972691744191828024 
972655543460167761 
972617865582743642 
972603463471071273 
972577241605214238 
972571950188757063 
972554725536972860 
972465706786508840 
972434937724690442 
972429400282890261 
972408404226244659 
972396007000244224 
972390512378138624 
972390510213885953 
972390297562673172 
972374210552942612 
972363374618873876 
972362858987925544 
972361152787009556 
972242673131986985 
972211582723563580 
972193909847498812 
972192317895229500 
972060077324370000 
972060023570194432 
972059929689063424 
972030330724831262 
972001145209905202 
971999252983205888 
971926240342716426 
971912479254925322 
971881448279781436 
971872961239871508 
971858787243790357 
971858117014986802 
971746248547782746 
971668404945711124 
971665619864940545 
971665492974661642 
971630904176967720 
971608531704873060 
971605085224316969 
971487836714971156 
971487579134390302 
971486963829985300 
971484083181994014 
971477021148450846 
971471146534961172 
971445919646118038 
971408709618106478 
971321297776807937 
971306122227122216 
971291302618615819 
971286967755108422 
971279885052047360 
971225028433702952 
971202316617256970 
971167291867803689 
971155408947384420 
971155249609982002 
971154534535680040 
971097070591152189 
971096432964698112 
971096152512548914 
970972341200891915 
970966609151807528 
970945397910548490 
970882592847040552 
970857207522541588 
970856595997224991 
970819546854334464 
970808173684465725 
970790035345539084 
970779617348698203 
970779327908171897 
970760970781753424 
970669126148296785 
970595665090592798 
970595274890313738 
970594779836596364 
970594645732126740 
970593581217759282 
970592868068642837 
970520612579729420 
970488396680159293 
970488113069719623 
970487865031147550 
970397187156639875 
970222405173805066 
970218104758083645 
970217506121846794 
970217463407050832 
970191460488085544 
970185311223152670 
970157777777471489 
970157234673836062 
970140711599095839 
970110767988875334 
970110733301981184 
970109969083019264 
970088270811770950 
970065442699898910 
970048357961711616 
969852917555294219 
969852869887000616 
969811396332253196 
969692849924894761 
969682653693501492 
969664829566619778 
969660321847476314 
969485697478168606 
969478804282175548 
969478586518110230 
969437548088819802 
969294801222639686 
969294514051227688 
969281693611622480 
969116685548269568 
969050625465806848 
969007225030983730 
968997982206840902 
968966526982037534 
968966524675166258 
968963052357697576 
968779359064322089 
968779338352824340 
968779312461385799 
968773128736112652 
968772978064101406 
968768418461413436 
968735561303093268 
968677016796811294 
968558995935735868 
968557688533438514 
968424007705694248 
968374910953074688 
968346222345715763 
968335768563097600 
968304704385855588 
968301044138401813 
968299856944849006 
968299713398964234 
968291998152937512 
968241918653919262 
968241870113218680 
968238342812598362 
968001354893250622 
979866112751702097 
979858338957393980 
979834771653943366 
979773352195543090 
979756620663894096 
979637746366836747 
979637543979061258 
979608187982479450 
979529186496622652 
979519184784482354 
979342449434578974 
979335164809338880 
979290863739994133 
979290638220677160 
979244679977660496 
979237424024678440 
979145225987579954 
979127393044279378 
979124213803782164 
979074713332646010 
979051984286003220 
978891454732726362 
978846477633880116 
978773907303727196 
978748752875626566 
978711162017443890 
978707041847767100 
978580674338488320 
978561014318637117 
978560335730602044 
978560188762173440 
978537909990862888 
978537122359312415 
978492239191879721 
978478838549971035 
978401572818149456 
978381633658953758 
978354400571568188 
978349841249878016 
978334019848667196 
978320517847220225 
978291239541686332 
978194784596406272 
978194739327283240 
978194726933106708 
978164938600226927 
978139784247660595 
978121119401922580 
978054384510468176 
978008844431138817 
977994014840201256 
977986001416904735 
977872812159152168 
977859755857051688 
977827717066137610 
977825796385280010 
977761920599875584 
977761727343108176 
977759522137440256 
977713689488662528 
977675701270511708 
977655317850640404 
977644486396088401 
977644355252797470 
977630022347145246 
977621822336016484 
977526798181072928 
977501331780665354 
977488934651183134 
977462747979714560 
977376719587667988 
977373079217004635 
977295925863149588 
977295530579345448 
977284013083492382 
977267516462227577 
977263006008369262 
977258760454148147 
977160517225443328 
977112608526176286 
977104554271338556 
977103634196217886 
977093712851140629 
977093331194638366 
977066375765983292 
976950296112672769 
976950289863180368 
976930973994344558 
976928489829724161 
976908952866549771 
976908034330755102 
976859501997199391 
976859416353726505 
976742141755797514 
976739451306905610 
976739390556631040 
976717344883744808 
976717250339962921 
976695295419232257 
976656899577630781 
976654938438500362 
976648635687256064 
976588228649951322 
976530739975831596 
976511584115511357 
976506990614413362 
976348493553745930 
976347989507457114 
976275278131245067 
976250254569664563 
976166757783977994 
976166721054449664 
976144188112515092 
976059733444284428 
976047515843559465 
976046151658795020 
976046051368771604 
976045467009953802 
976045362479509524 
976041542106103848 
975927121467830352 
975901172240089088 
975899179379478529 
975878459073114112 
975846623420772403 
975715463814332416 
975711272995786792 
975696967290220604 
975683963173621800 
975642250275074068 
975631891816402974 
975606595205615656 
975521903580176395 
975504900358287370 
975484826205437952 
975483669680652379 
975455653244067840 
975448434926551061 
975335276975124510 
975335259094810694 
975303838192009256 
975279577985351692 
975228594668310548 
975200318344265819 
975120908228370542 
975120341569503333 
974987186774626334 
974987066477776906 
974985065203380304 
974960097220493352 
974960025963495424 
974958605793128478 
974931791028822066 
974802699797266495 
974737488289595442 
974690371860840529 
974591569883713556 
974561056108212234 
974550705174114314 
974549566823219221 
974547259142328370 
974359649656651836 
974348860291944479 
974225832723771412 
974206256023760966 
974202132335054878 
974133925570023494 
974125570180915200 
974087482217988116 
973950721173123083 
973938105734287371 
973870078862958632 
973843615593934888 
973808504362123325 
973740891158249503 
973689331074105354 
973665287033462914 
973664647473422358 
973663214372016138 
973600606675681280 
973553509502959646 
973538349484748840 
973491626594955264 
973479974772301864 
973465422693269564 
973418059245158470 
973389879364948008 
973372521997025390 
973359164808102018 
973270680403603466 
973264287957123072 
973262234253922484 
973177851262173184 
973117868638076948 
973114224974897162 
973113914269257778 
973093935603941426 
973079257280569394 
972984206252703824 
972964209660944455 
972899806332727306 
972873395609940068 
972782344643674112 
972757635189329950 
972756636693315614 
972691744191828024 
972655543460167761 
972617865582743642 
972603463471071273 
972577241605214238 
972571950188757063 
972554725536972860 
972465706786508840 
972434937724690442 
972429400282890261 
972408404226244659 
972396007000244224 
972390512378138624 
972390510213885953 
972390297562673172 
972374210552942612 
972363374618873876 
972362858987925544 
972361152787009556 
972242673131986985 
972211582723563580 
972193909847498812 
972192317895229500 
972060077324370000 
972060023570194432 
972059929689063424 
972030330724831262 
972001145209905202 
971999252983205888 
971926240342716426 
971912479254925322 
971881448279781436 
971872961239871508 
971858787243790357 
971858117014986802 
971746248547782746 
971668404945711124 
971665619864940545 
971665492974661642 
971630904176967720 
971608531704873060 
971605085224316969 
971487836714971156 
971487579134390302 
971486963829985300 
971484083181994014 
971477021148450846 
971471146534961172 
971445919646118038 
971408709618106478 
971321297776807937 
971306122227122216 
971291302618615819 
971286967755108422 
971279885052047360 
971225028433702952 
971202316617256970 
971167291867803689 
971155408947384420 
971155249609982002 
971154534535680040 
971097070591152189 
971096432964698112 
971096152512548914 
970972341200891915 
970966609151807528 
970945397910548490 
970882592847040552 
970857207522541588 
970856595997224991 
970819546854334464 
970808173684465725 
970790035345539084 
970779617348698203 
970779327908171897 
970760970781753424 
970669126148296785 
970595665090592798 
970595274890313738 
970594779836596364 
970594645732126740 
970593581217759282 
970592868068642837 
970520612579729420 
970488396680159293 
970488113069719623 
970487865031147550 
970397187156639875 
970222405173805066 
970218104758083645 
970217506121846794 
970217463407050832 
970191460488085544 
970185311223152670 
970157777777471489 
970157234673836062 
970140711599095839 
970110767988875334 
970110733301981184 
970109969083019264 
970088270811770950 
970065442699898910 
970048357961711616 
969852917555294219 
969852869887000616 
969811396332253196 
969692849924894761 
969682653693501492 
969664829566619778 
969660321847476314 
969485697478168606 
969478804282175548 
969478586518110230 
969437548088819802 
969294801222639686 
969294514051227688 
969281693611622480 
969116685548269568 
969050625465806848 
969007225030983730 
968997982206840902 
968966526982037534 
968966524675166258 
968963052357697576 
968779359064322089 
968779338352824340 
968779312461385799 
968773128736112652 
968772978064101406 
968768418461413436 
968735561303093268 
968677016796811294 
968558995935735868 
968557688533438514 
968424007705694248 
968374910953074688 
968346222345715763 
968335768563097600 
968304704385855588 
968301044138401813 
968299856944849006 
968299713398964234 
968291998152937512 
968241918653919262 
968241870113218680 
968238342812598362 
968001354893250622 
979978174727352340 
979866112751702097 
979858338957393980 
979834771653943366 
979773352195543090 
979756620663894096 
979637746366836747 
979637543979061258 
979608187982479450 
979529186496622652 
979519184784482354 
979342449434578974 
979335164809338880 
979290863739994133 
979290638220677160 
979244679977660496 
979237424024678440 
979145225987579954 
979127393044279378 
979124213803782164 
979074713332646010 
979051984286003220 
978891454732726362 
978846477633880116 
978773907303727196 
978748752875626566 
978711162017443890 
978707041847767100 
978580674338488320 
978561014318637117 
978560335730602044 
978560188762173440 
978537909990862888 
978537122359312415 
978492239191879721 
978478838549971035 
978401572818149456 
978381633658953758 
978354400571568188 
978349841249878016 
978334019848667196 
978320517847220225 
978291239541686332 
978194784596406272 
978194739327283240 
978194726933106708 
978164938600226927 
978139784247660595 
978121119401922580 
978054384510468176 
978008844431138817 
977994014840201256 
977986001416904735 
977872812159152168 
977859755857051688 
977827717066137610 
977825796385280010 
977761920599875584 
977761727343108176 
977759522137440256 
977713689488662528 
977675701270511708 
977655317850640404 
977644486396088401 
977644355252797470 
977630022347145246 
977621822336016484 
977526798181072928 
977501331780665354 
977488934651183134 
977462747979714560 
977376719587667988 
977373079217004635 
977295925863149588 
977295530579345448 
977284013083492382 
977267516462227577 
977263006008369262 
977258760454148147 
977160517225443328 
977112608526176286 
977104554271338556 
977103634196217886 
977093712851140629 
977093331194638366 
977066375765983292 
976950296112672769 
976950289863180368 
976930973994344558 
976928489829724161 
976908952866549771 
976908034330755102 
976859501997199391 
976859416353726505 
976742141755797514 
976739451306905610 
976739390556631040 
976717344883744808 
976717250339962921 
976695295419232257 
976656899577630781 
976654938438500362 
976648635687256064 
976588228649951322 
976530739975831596 
976511584115511357 
976506990614413362 
976348493553745930 
976347989507457114 
976275278131245067 
976250254569664563 
976166757783977994 
976166721054449664 
976144188112515092 
976059733444284428 
976047515843559465 
976046151658795020 
976046051368771604 
976045467009953802 
976045362479509524 
976041542106103848 
975927121467830352 
975901172240089088 
975899179379478529 
975878459073114112 
975846623420772403 
975715463814332416 
975711272995786792 
975696967290220604 
975683963173621800 
975642250275074068 
975631891816402974 
975606595205615656 
975521903580176395 
975504900358287370 
975484826205437952 
975483669680652379 
975455653244067840 
975448434926551061 
975335276975124510 
975335259094810694 
975303838192009256 
975279577985351692 
980030057248600084 
980030057248600084 
980030057248600084 
980030057248600084 
980002067429085196 
980002067429085196 
980002067429085196 
980002067429085196 
980030057248600084 
979978174727352340 
979978174727352340 
979978174727352340 
980002067429085196 
979978174727352340 
979866112751702097 
979866112751702097 
979866112751702097 
979858338957393980 
979858338957393980 
979858338957393980 
979866112751702097 
979858338957393980 
979834771653943366 
979834771653943366 
979834771653943366 
979834771653943366 
979773352195543090 
979773352195543090 
979773352195543090 
979756620663894096 
979756620663894096 
979756620663894096 
979637746366836747 
979637543979061258 
979637746366836747 
979637543979061258 
979637746366836747 
979637543979061258 
979773352195543090 
979756620663894096 
979608187982479450 
979608187982479450 
979608187982479450 
979637746366836747 
979637543979061258 
980101512221065216 
980030057248600084 
980002067429085196 
979978174727352340 
979866112751702097 
979858338957393980 
979834771653943366 
979773352195543090 
979756620663894096 
979637746366836747 
979637543979061258 
979608187982479450 
979529186496622652 
979519184784482354 
979342449434578974 
979335164809338880 
979290863739994133 
979290638220677160 
979244679977660496 
979237424024678440 
979145225987579954 
979127393044279378 
979124213803782164 
979074713332646010 
979051984286003220 
978891454732726362 
978846477633880116 
978773907303727196 
978748752875626566 
978711162017443890 
978707041847767100 
978580674338488320 
978561014318637117 
978560335730602044 
978560188762173440 
978537909990862888 
978537122359312415 
978492239191879721 
978478838549971035 
978401572818149456 
978381633658953758 
978354400571568188 
978349841249878016 
978334019848667196 
978320517847220225 
978291239541686332 
978194784596406272 
978194739327283240 
978194726933106708 
978164938600226927 
978139784247660595 
978121119401922580 
978054384510468176 
978008844431138817 
977994014840201256 
977986001416904735 
977872812159152168 
977859755857051688 
977827717066137610 
977825796385280010 
977761920599875584 
977761727343108176 
977759522137440256 
977713689488662528 
977675701270511708 
977655317850640404 
977644486396088401 
977644355252797470 
977630022347145246 
977621822336016484 
977526798181072928 
977501331780665354 
977488934651183134 
977462747979714560 
977376719587667988 
977373079217004635 
977295925863149588 
977295530579345448 
977284013083492382 
977267516462227577 
977263006008369262 
977258760454148147 
977160517225443328 
977112608526176286 
977104554271338556 
977103634196217886 
977093712851140629 
977093331194638366 
977066375765983292 
976950296112672769 
976950289863180368 
976930973994344558 
976928489829724161 
976908952866549771 
976908034330755102 
976859501997199391 
976859416353726505 
976742141755797514 
976739451306905610 
976739390556631040 
976717344883744808 
976717250339962921 
976695295419232257 
976656899577630781 
976654938438500362 
976648635687256064 
976588228649951322 
976530739975831596 
976511584115511357 
976506990614413362 
976348493553745930 
976347989507457114 
976275278131245067 
976250254569664563 
976166757783977994 
976166721054449664 
976144188112515092 
976059733444284428 
976047515843559465 
976046151658795020 
976046051368771604 
976045467009953802 
976045362479509524 
976041542106103848 
975927121467830352 
975901172240089088 
975899179379478529 
975878459073114112 
975846623420772403 
975715463814332416 
975711272995786792 
975696967290220604 
975683963173621800 
975642250275074068 
975631891816402974 
975606595205615656 
975521903580176395 
975504900358287370 
975484826205437952 
975483669680652379 
975455653244067840 
975448434926551061 
975335276975124510 
975335259094810694 
975303838192009256 
975279577985351692 
975228594668310548 
975200318344265819 
975120908228370542 
975120341569503333 
974987186774626334 
974987066477776906 
974985065203380304 
974960097220493352 
974960025963495424 
974958605793128478 
974931791028822066 
974802699797266495 
974737488289595442 
974690371860840529 
974591569883713556 
974561056108212234 
974550705174114314 
974549566823219221 
974547259142328370 
974359649656651836 
974348860291944479 
974225832723771412 
974206256023760966 
974202132335054878 
974133925570023494 
974125570180915200 
974087482217988116 
973950721173123083 
973938105734287371 
973870078862958632 
973843615593934888 
973808504362123325 
973740891158249503 
973689331074105354 
973665287033462914 
973664647473422358 
973663214372016138 
973600606675681280 
973553509502959646 
973538349484748840 
973491626594955264 
973479974772301864 
973465422693269564 
973418059245158470 
973389879364948008 
973372521997025390 
973359164808102018 
973270680403603466 
973264287957123072 
973262234253922484 
973177851262173184 
973117868638076948 
973114224974897162 
973113914269257778 
973093935603941426 
973079257280569394 
972984206252703824 
972964209660944455 
972899806332727306 
972873395609940068 
972782344643674112 
972757635189329950 
972756636693315614 
972691744191828024 
972655543460167761 
972617865582743642 
972603463471071273 
972577241605214238 
972571950188757063 
972554725536972860 
972465706786508840 
972434937724690442 
972429400282890261 
972408404226244659 
972396007000244224 
972390512378138624 
972390510213885953 
972390297562673172 
972374210552942612 
972363374618873876 
972362858987925544 
972361152787009556 
972242673131986985 
972211582723563580 
972193909847498812 
972192317895229500 
972060077324370000 
972060023570194432 
972059929689063424 
972030330724831262 
972001145209905202 
971999252983205888 
971926240342716426 
971912479254925322 
971881448279781436 
971872961239871508 
971858787243790357 
971858117014986802 
971746248547782746 
971668404945711124 
971665619864940545 
971665492974661642 
971630904176967720 
971608531704873060 
971605085224316969 
971487836714971156 
971487579134390302 
971486963829985300 
971484083181994014 
971477021148450846 
971471146534961172 
971445919646118038 
971408709618106478 
971321297776807937 
971306122227122216 
971291302618615819 
971286967755108422 
971279885052047360 
971225028433702952 
971202316617256970 
971167291867803689 
971155408947384420 
971155249609982002 
971154534535680040 
971097070591152189 
971096432964698112 
971096152512548914 
970972341200891915 
970966609151807528 
970945397910548490 
970882592847040552 
970857207522541588 
970856595997224991 
970819546854334464 
970808173684465725 
970790035345539084 
970779617348698203 
970779327908171897 
970760970781753424 
970669126148296785 
970595665090592798 
970595274890313738 
970594779836596364 
970594645732126740 
970593581217759282 
970592868068642837 
970520612579729420 
970488396680159293 
970488113069719623 
970487865031147550 
970397187156639875 
970222405173805066 
970218104758083645 
970217506121846794 
970217463407050832 
970191460488085544 
970185311223152670 
970157777777471489 
970157234673836062 
970140711599095839 
970110767988875334 
970110733301981184 
970109969083019264 
970088270811770950 
970065442699898910 
970048357961711616 
969852917555294219 
969852869887000616 
969811396332253196 
969692849924894761 
969682653693501492 
969664829566619778 
969660321847476314 
969485697478168606 
969478804282175548 
969478586518110230 
969437548088819802 
969294801222639686 
969294514051227688 
969281693611622480 
969116685548269568 
969050625465806848 
969007225030983730 
968997982206840902 
968966526982037534 
968966524675166258 
968963052357697576 
968779359064322089 
968779338352824340 
968779312461385799 
968773128736112652 
968772978064101406 
968768418461413436 
968735561303093268 
968677016796811294 
968558995935735868 
968557688533438514 
968424007705694248 
968374910953074688 
968346222345715763 
968335768563097600 
968304704385855588 
968301044138401813 
968299856944849006 
968299713398964234 
968291998152937512 
968241918653919262 
968241870113218680 
968238342812598362 
968001354893250622 
990265663337685133 
990265663337685133 
990141894594031646 
990060123701542952 
990265663337685133 
990141894594031646 
990060123701542952 
990265663337685133 
990141894594031646 
990060123701542952 
990267851875164200 
990267846800076820 
990267824788340776 
990267806887080076 
990267803615526983 
990267785777135696 
990267782157447228 
990267764201619526 
990267759977984011 
990267742852628500 
990267739518140446 
990267723349131264 
990267717258969138 
990267700695674890 
990267695326953492 
990267686154018866 
990267654088556564 
990267647822274560 
990267487243341834 
990267468729700392 
990267448819347526 
990267442876022806 
990267425540952136 
990267421640245248 
990267403587956736 
990267400177995857 
990267383266553856 
990267378384396310 
990267328610582528 
990267309782355968 
990267306703720468 
990267288630476820 
990267285459578920 
990267266534887474 
990267263129120828 
990267247832490104 
990267241075449987 
990267135588720732 
990267107390398484 
990267052197576724 
990267036489908224 
990267030005489725 
990267011894509638 
990267008522264616 
990266993850605598 
990266987064221696 
990266975576006656 
990266965094465557 
990266952234700810 
990266944173277204 
990266931091243128 
990266922102829137 
990266851852427284 
990266845330288670 
990266779790098442 
990266772814979113 
990266762136281128 
990266755953860638 
990266733803737088 
990266720541368350 
990266712681218078 
990266690652749944 
990266675821674586 
990266669899350016 
990266654464299018 
990266647837286440 
990266634587471932 
990266626781904956 
990266591507779594 
990266566631378964 
990266552207163483 
990266545114583151 
990265947216556163 
990265932452610118 
990265911330082847 
990265903839076365 
990265889347756052 
990265882762690621 
990265867826786314 
990265861489197076 
990265837963325480 
990265823128084570 
990265816131977266 
990265794820735056 
990265779343728684 
990265773308141619 
990265759513063444 
990265752248520724 
990265738071769138 
990265730182303805 
990265663337685133 
990265504658759780 
990265497641697331 
990265443354816592 
990265429803032592 
990265421733187584 
990265405719322724 
990265400128339978 
990265351201759333 
990265344511844422 
990265316993007636 
990265307706835044 
990265293676875776 
990265286240403516 
990265270545313872 
990265264048336946 
990265251272458261 
990265242825150484 
990237167437615216 
990237150886907914 
990237127549784114 
990237124177559592 
990237106804768778 
990237102664986624 
990237084860182638 
990237081081094175 
990237070138159145 
990237044351582288 
990237021350035466 
990237016740466688 
990237000164597801 
990236995521507328 
990236986579251210 
990236973170040885 
990236957139419146 
990236951753945129 
990236678042050560 
990236674036486204 
990236652599406694 
990236637919326299 
990236631183274005 
990236609054117938 
990236592427892847 
990236586673340416 
990236523398062100 
990236506947989565 
990236501419884614 
990236483480854568 
990236479701803098 
990236462702272572 
990236458931589120 
990236441772711986 
990236436332683304 
990236419966533642 
990236414643949578 
990236405328396289 
990236401998114876 
990236379902517278 
990236362433253388 
990236358519980092 
990236349237985370 
990236336944459809 
990236321433911326 
990236313817071616 
990236301691346946 
990236276982706216 
990236270586388511 
990236262969524254 
990236258582286370 
990236230941822997 
990236225346625586 
990236180593405992 
990236177317638185 
990236158875303966 
990236155419176960 
990236137756962856 
990236134275694602 
990236120837132359 
990236101736280125 
990236087949611069 
990236069893140480 
990236048107917383 
990236044643426304 
990236027782307900 
990236023462166548 
990236006852739093 
990235983742111795 
990235979614920784 
990235966713249792 
990235938456236065 
990235933532115004 
990235918612987945 
990235912233439292 
990235897075228672 
990235890414678016 
990235879186518066 
990235869044682752 
990232010033356870 
990231994837397584 
990231970963394600 
990231966597140491 
990231949895409664 
990231945315237888 
990231931474047056 
990231923861381232 
990231906358554624 
990231902332006452 
990231885294731315 
990231881264009256 
990231864281288754 
990231859617206342 
990231844584837131 
990231826054381568 
990231815946113025 
990231804143353866 
990231793548546078 
990192725649412136 
990192639586492456 
990192621999759390 
990192599887388682 
990192583651237948 
990192567087947796 
990192550130372639 
990192526692585513 
990192510225752084 
990265663337685133 
990265663337685133 
990267827942481921 
990267669720760340 
990267465055469648 
990267332138004521 
990267128617795616 
990267118677278820 
990266746676056114 
990266697053274133 
990266597702770778 
990266574046892042 
990265925926277161 
990265800600453183 
990265663337685133 
990265455413444648 
990265359426805760 
990265329043247115 
990237146298343437 
990237060067627098 
990237038223720528 
990236661063487498 
990236528569643078 
990236382763057162 
990236291683737621 
990236112746340422 
990236091418308629 
990236065984020480 
990236001605681243 
990235958123331694 
990231988625629264 
990231837555183618 
990192694473134141 
990192671740010586 
990192282391183430 
990192204763004949 
990191925829185536 
990191858871328838 
990191756857454602 
990191665862049844 
990191655581786133 
990191456314589234 
990191406066851850 
990180401215590400 
990180340335263804 
990180223100284968 
990180189210308618 
990180036378263552 
990179758052618291 
990265663337685133 
990265663337685133 
990265663337685133 
990312183529353216 
990312167901384734 
990312161597341737 
990312149790392351 
990312139300429875 
990312128764313620 
990312118370844752 
990312100800921600 
990312090071867422 
990312072850059274 
990312068051783700 
990312053510135848 
990312045683544144 
990312010296225822 
990311998908690484 
990311956248428554 
990311917107154994 
990311894256603146 
990311880188887072 
990311872777584640 
990311858164621362 
990311851323715664 
990311836853362698 
990311829840470036 
990311805102477352 
990311792532144148 
990311783673757726 
990311767865454642 
990311761880170527 
990311748089282680 
990311740812173332 
990311728845848616 
990311719463170198 
990311704749551698 
990311697568895027 
990311684411392030 
990311676186353704 
990307683166998548 
990307663776723085 
990307658974257222 
990307642645807176 
990307636354363414 
990307621636538418 
990307615525449778 
990307601134813194 
990307593484382258 
990307583069937664 
990307571845980190 
990307555437850644 
990307549972693083 
990307535674290206 
990307528283934720 
990307493722853426 
990304497110745098 
990304480685879356 
990304474759299082 
990304463887687700 
990304452932145184 
990304438356947024 
990304430610067538 
990304421516816444 
990304408493522974 
990304390525095967 
990304385777156176 
990304371495555122 
990304365518667806 
990304348837916832 
990304342185738281 
990304312456544266 
990298238139645962 
990298220368371792 
990298216689967144 
990298198885171300 
990298195030577262 
990298189120819262 
990298168547753984 
990298153884475483 
990298147114848306 
990298131801460766 
990298124939579412 
990298107138961428 
990298103292760064 
990298088067461220 
990298082111520828 
990298070342316153 
990298060439568494 
990298045172305981 
990298038780194836 
990297906458288168 
990297851206721597 
990297837449379880 
990297830189043742 
990297814955347968 
990297808273829919 
990297779928694904 
990297742167380028 
990297735984984134 
990297719987904552 
990297714422075392 
990297698752159767 
990297692628455434 
990297672994939020 
990297662416912435 
990297629697134623 
990297616782864405 
990297608138391592 
990296994046152716 
990296958226800770 
990296947216777266 
990296936470954014 
990296921157541900 
990296910382395433 
990296888571990126 
990296877360631840 
990296866803576872 
990296855457972306 
990296844561158215 
990296834004107294 
990296820833988658 
990296810037866546 
990296799224922133 
990296788701429760 
990296776374374450 
990296754459115541 
990296744250187796 
990296725057048616 
990296714378354728 
990296703699648654 
990296693490745414 
990296679154610187 
990296668907929610 
990295765530337390 
990295755845664808 
990295743887716404 
990295683498147910 
990295671007490139 
990295662505639986 
990295647657816154 
990295640166760489 
990295625583173662 
990295618645790770 
990295602887798845 
990295596852195328 
990295584638394378 
990295575423492096 
990295562450534470 
990295553948647474 
990295537687355393 
990295532322844692 
990295504724328579 
990295498244124713 
990295463011946516 
990295447023280220 
990295441641988117 
990295426521497611 
990295419890315326 
990295405369643009 
990295398570676284 
990295386306527282 
990295376764477511 
990295367738343465 
990295354039763005 
990295339699404800 
990295332887887922 
990295318455279636 
990295310813233264 
990295295822815352 
990295289116110919 
990295240214724618 
990295230861410314 
990295215401214012 
990295209147518987 
990282701460373517 
990282687241654313 
990282679884857364 
990282664751796264 
990282658313568296 
990282643402805328 
990282637073612821 
990282621340762182 
990282614843773009 
990282599861735474 
990282593398313021 
990282578399469638 
990282572401618965 
990282558908559481 
990282550104690708 
990282535114272808 
990282528587915294 
990282513802997811 
990282506936913970 
990281725399679009 
990281717669572669 
990312183529353216 
990312167901384734 
990312161597341737 
990312149790392351 
990312139300429875 
990312128764313620 
990312118370844752 
990312100800921600 
990312090071867422 
990312072850059274 
990312068051783700 
990312053510135848 
990312045683544144 
990312010296225822 
990311998908690484 
990311956248428554 
990311917107154994 
990311894256603146 
990311880188887072 
990311872777584640 
990311858164621362 
990311851323715664 
990311836853362698 
990311829840470036 
990311805102477352 
990311792532144148 
990311783673757726 
990311767865454642 
990311761880170527 
990311748089282680 
990311740812173332 
990311728845848616 
990311719463170198 
990311704749551698 
990311697568895027 
990311684411392030 
990311676186353704 
990307683166998548 
990307663776723085 
990307658974257222 
990307642645807176 
990307636354363414 
990307621636538418 
990307615525449778 
990307601134813194 
990307593484382258 
990307583069937664 
990307571845980190 
990307555437850644 
990307549972693083 
990307535674290206 
990307528283934720 
990307493722853426 
990304497110745098 
990304480685879356 
990304474759299082 
990304463887687700 
990304452932145184 
990304438356947024 
990304430610067538 
990304421516816444 
990304408493522974 
990304390525095967 
990304385777156176 
990304371495555122 
990304365518667806 
990304348837916832 
990304342185738281 
990304312456544266 
990298238139645962 
990298220368371792 
990298216689967144 
990298198885171300 
990298195030577262 
990298189120819262 
990298168547753984 
990298153884475483 
990298147114848306 
990298131801460766 
990298124939579412 
990298107138961428 
990298103292760064 
990298088067461220 
990298082111520828 
990298070342316153 
990298060439568494 
990298045172305981 
990298038780194836 
990297906458288168 
990297851206721597 
990297837449379880 
990297830189043742 
990297814955347968 
990297808273829919 
990297779928694904 
990297742167380028 
990297735984984134 
990297719987904552 
990297714422075392 
990297698752159767 
990297692628455434 
990297672994939020 
990297662416912435 
990297629697134623 
990297616782864405 
990297608138391592 
990296994046152716 
990296958226800770 
990296947216777266 
990296936470954014 
990296921157541900 
990296910382395433 
990296888571990126 
990296877360631840 
990296866803576872 
990296855457972306 
990296844561158215 
990296834004107294 
990296820833988658 
990296810037866546 
990296799224922133 
990296788701429760 
990296776374374450 
990296754459115541 
990296744250187796 
990296725057048616 
990296714378354728 
990296703699648654 
990296693490745414 
990296679154610187 
990296668907929610 
990295765530337390 
990295755845664808 
990295743887716404 
990295683498147910 
990295671007490139 
990295662505639986 
990295647657816154 
990295640166760489 
990295625583173662 
990295618645790770 
990295602887798845 
990295596852195328 
990295584638394378 
990295575423492096 
990295562450534470 
990295553948647474 
990295537687355393 
990295532322844692 
990295504724328579 
990295498244124713 
990295463011946516 
990295447023280220 
990295441641988117 
990295426521497611 
990295419890315326 
990295405369643009 
990295398570676284 
990295386306527282 
990295376764477511 
990295367738343465 
990295354039763005 
990295339699404800 
990295332887887922 
990295318455279636 
990295310813233264 
990295295822815352 
990295289116110919 
990295240214724618 
990295230861410314 
990295215401214012 
990295209147518987 
990282701460373517 
990282687241654313 
990282679884857364 
990282664751796264 
990282658313568296 
990282643402805328 
990282637073612821 
990282621340762182 
990282614843773009 
990282599861735474 
990282593398313021 
990282578399469638 
990282572401618965 
990282558908559481 
990282550104690708 
990282535114272808 
990282528587915294 
990282513802997811 
990282506936913970 
990281725399679009 
990281717669572669 
990281704105181274 
990281696647737344 
990281681653084201 
990281674313052181 
990281660111138836 
990281652494270575 
990281638263001168 
990281627236200518 
990281610991644772 
990281605480329236 
990281582306816053 
990281567324733482 
990281561138159646 
990281545514381332 
990281539852046366 
990281526086365214 
990281517341216879 
990281506008227900 
990281496587808778 
990281413536415774 
990281403046461502 
990281390752956416 
990281376504885289 
990281369693347870 
990281352643510342 
990281348281421844 
990281325896400916 
990281322075389983 
990281305226903614 
990281300718006272 
990281279490654228 
990281262038122506 
990281257655074876 
990279761693650984 
990279751778312263 
990279735743508531 
990279718140018698 
990279713706614795 
990279696971333752 
990279692353405020 
990279674913521704 
990279670568218624 
990279653015052329 
990279648476823612 
990279631674441789 
990279626930667550 
990279608739979335 
990279604155596921 
990279590331158609 
990279582269718599 
990279568478830682 
990279559909896192 
990267851875164200 
990267846800076820 
990267827942481921 
990267824788340776 
990267806887080076 
990267803615526983 
990267785777135696 
990267782157447228 
990267764201619526 
990267759977984011 
990267742852628500 
990267739518140446 
990267723349131264 
990267717258969138 
990267700695674890 
990267695326953492 
990267686154018866 
990267669720760340 
990267654088556564 
990267647822274560 
990267487243341834 
990267468729700392 
990267465055469648 
990267448819347526 
990267442876022806 
990267425540952136 
990267421640245248 
990267403587956736 
990267400177995857 
990267383266553856 
990267378384396310 
990267332138004521 
990267328610582528 
990267309782355968 
990267306703720468 
990267288630476820 
990267285459578920 
990267266534887474 
990267263129120828 
990267247832490104 
990267241075449987 
990267135588720732 
990267128617795616 
990267118677278820 
990267107390398484 
990267052197576724 
990267036489908224 
990267030005489725 
990267011894509638 
990267008522264616 
990266993850605598 
990266987064221696 
990266975576006656 
990266965094465557 
990266952234700810 
990266944173277204 
990266931091243128 
990266922102829137 
990266851852427284 
990266845330288670 
990266779790098442 
990266772814979113 
990266762136281128 
990266755953860638 
990266746676056114 
990266733803737088 
990266720541368350 
990266712681218078 
990266697053274133 
990266690652749944 
990266675821674586 
990266669899350016 
990266654464299018 
990266647837286440 
990266634587471932 
990266626781904956 
990266597702770778 
990266591507779594 
990266574046892042 
990266566631378964 
990266552207163483 
990266545114583151 
990265947216556163 
990265932452610118 
990265925926277161 
990265911330082847 
990265903839076365 
990265889347756052 
990265882762690621 
990265867826786314 
990265861489197076 
990265837963325480 
990265823128084570 
990265816131977266 
990265800600453183 
990265794820735056 
990265779343728684 
990265773308141619 
990265759513063444 
990265752248520724 
990265738071769138 
990265730182303805 
990265663337685133 
990265504658759780 
990265497641697331 
990265455413444648 
990265443354816592 
990265429803032592 
990265421733187584 
990265405719322724 
990265400128339978 
990265359426805760 
990265351201759333 
990265344511844422 
990265329043247115 
990265316993007636 
990265307706835044 
990265293676875776 
990265286240403516 
990265270545313872 
990265264048336946 
990265251272458261 
990265242825150484 
990237167437615216 
990237150886907914 
990237146298343437 
990237127549784114 
990237124177559592 
990237106804768778 
990237102664986624 
990237084860182638 
990237081081094175 
990237070138159145 
990237060067627098 
990237044351582288 
990237038223720528 
990237021350035466 
990237016740466688 
990237000164597801 
990236995521507328 
990236986579251210 
990236973170040885 
990236957139419146 
990236951753945129 
990236678042050560 
990236674036486204 
990236661063487498 
990236652599406694 
990236637919326299 
990236631183274005 
990236609054117938 
990236592427892847 
990236586673340416 
990236528569643078 
990236523398062100 
990236506947989565 
990236501419884614 
990236483480854568 
990236479701803098 
990236462702272572 
990236458931589120 
990236441772711986 
990236436332683304 
990236419966533642 
990236414643949578 
990236405328396289 
990236401998114876 
990236382763057162 
990236379902517278 
990236362433253388 
990236358519980092 
990236349237985370 
990236336944459809 
990236321433911326 
990236313817071616 
990236301691346946 
990236291683737621 
990236276982706216 
990236270586388511 
990236262969524254 
990236258582286370 
990236230941822997 
990236225346625586 
990236180593405992 
990236177317638185 
990236158875303966 
990236155419176960 
990236137756962856 
990236134275694602 
990236120837132359 
990236112746340422 
990236101736280125 
990236091418308629 
990236087949611069 
990236069893140480 
990236065984020480 
990236048107917383 
990236044643426304 
990236027782307900 
990236023462166548 
990236006852739093 
990236001605681243 
990235983742111795 
990235979614920784 
990235966713249792 
990235958123331694 
990235938456236065 
990235933532115004 
990235918612987945 
990235912233439292 
990235897075228672 
990235890414678016 
990235879186518066 
990235869044682752 
990232010033356870 
990231994837397584 
990231988625629264 
990231970963394600 
990231966597140491 
990231949895409664 
990231945315237888 
990231931474047056 
990231923861381232 
990231906358554624 
990231902332006452 
990231885294731315 
990231881264009256 
990231864281288754 
990231859617206342 
990231844584837131 
990231837555183618 
990231826054381568 
990231815946113025 
990231804143353866 
990231793548546078 
990192725649412136 
990192694473134141 
990192671740010586 
990192639586492456 
990192621999759390 
990192599887388682 
990192583651237948 
990192567087947796 
990192550130372639 
990192526692585513 
990192510225752084 
990192492001509417 
990192475035566142 
990192447382499368 
990192415367376907 
990192306642628628 
990192293933903892 
990192282391183430 
990192260987617362 
990192249906282526 
990192204763004949 
990192193576763402 
990192183699206174 
990192173767082004 
990192161800720395 
990192151445012510 
990192140233637949 
990192129219371048 
990192118993649755 
990192103822880798 
990192094624743446 
990192084252254239 
990192072147468338 
990192061594615819 
990192047568871424 
990192003939696642 
990191958716710922 
990191949241782322 
990191925829185536 
990191916584943707 
990191905792991233 
990191895806357534 
990191886939619358 
990191871601033267 
990191858871328838 
990191850197487627 
990191840068259860 
990191828756217907 
990191816877932544 
990191807914729532 
990191796703342643 
990191785768783892 
990191756857454602 
990191746157797406 
990191735449731102 
990191713735823380 
990191678289743872 
990191665862049844 
990191655581786133 
990191637235916800 
990191627928743958 
990191615584899113 
990191603064918036 
990191593984237589 
990191579341930497 
990191571230154762 
990191561805545492 
990191549914705960 
990191537600217098 
990191528641187870 
990191519480807444 
990191499817922640 
990191490489790514 
990191474899562586 
990191456314589234 
990191443450687578 
990191430444130324 
990191417978683454 
990191406066851850 
990191393672667167 
990191374550831186 
990191358012690482 
990191214924009492 
990191204371157003 
990191187820441600 
990191168681803776 
990191158204432435 
990191145894162442 
990191134418563113 
990191106761293845 
990191095356993536 
990191084732829698 
990191068765093928 
990191056832315402 
990191045184729128 
990191023454052422 
990191012116856922 
990180422468108321 
990180409679687680 
990180401215590400 
990180388506837022 
990180379652681799 
990180371528302623 
990180354344230943 
990180340335263804 
990180333087490058 
990180265311731712 
990180257128648704 
990180244977774643 
990180235817386014 
990180223100284968 
990180214711648327 
990180189210308618 
990180170138796042 
990180161871818752 
990180149871910962 
990180139914625055 
990180068997341254 
990180057748238376 
990180036378263552 
990180023887626280 
990179991155269682 
990179979620937748 
990179969193885736 
990179958414528522 
990179946796310568 
990179935656235018 
990179925153677344 
990179913887780864 
990179903888556032 
990179892245192705 
990179882275319838 
990179869654679572 
990179857784782888 
990179846766342164 
990179835630460948 
990179824830144512 
990179813291589672 
990179781905637426 
990179769045884929 
990179758052618291 
990179747898224651 
990179736619724891 
990179726582767658 
990179715937611776 
990179696685748294 
990179685096890418 
990179673784848384 
990179660983848961 
990179652528111646 
990179639513202689 
990179631036510228 
990179620664004638 
990179606675992576 
990179596160876585 
990179585180196864 
990179568679800832 
990179556751212545 
990179542465388544 
990179532722020403 
990179521691009045 
990179511066841119 
990179499616391238 
990179488702816306 
990179475285213236 
990179464405217321 
990179397644476426 
990179385984319539 
990179375594995732 
990179365209931816 
990179354539593728 
990179343047221278 
990179332343365692 
990179320599298058 
990179310679785492 
990179300344991784 
990179288768741406 
990179276403920937 
990179265200930836 
990176462755741716 
990176459559677982 
990176442035867668 
990176438076452914 
990176420007395408 
990176416052174859 
990176397643378698 
990176393621033001 
990176376546017311 
990176372435615784 
990176355624833104 
990176350956572703 
990176336796590100 
990176328886132787 
990176310657703977 
990176301832871956 
990176245297840128 
990176238951882842 
990176210900365372 
990176201744199730 
990176186887962645 
990176180521021460 
990176168479195156 
990176158375096342 
990176143623741450 
990176137273561119 
990176122287292456 
990176115878416405 
990176026220965888 
990176011247312956 
990176004586745906 
990175926249721906 
990175915730432010 
990175902245720144 
990175895220260864 
990175879651004436 
990175872558452747 
990169311962365963 
990169301384331305 
990169290491695214 
990169276994428937 
990169265330065451 
990169253627985940 
990169242261418044 
990169230223769620 
990169216911020064 
990169203577327668 
990169194979024936 
990169170790465596 
990169159625220126 
990169147163938826 
990169138603380737 
990169119645130773 
990161920239755265 
990161909552664588 
990161898198671360 
990161887981367316 
990161872441475072 
990161862215733320 
990161846533238814 
990161836647272448 
990161826257965117 
990161815621234728 
990161798705586176 
990161785690681454 
990161739700109362 
990161728404873276 
990161717508055090 
990161698667245608 
990161687892086865 
990161677498589255 
990161666543067216 
990161654954197043 
990161644468465687 
990161560452366346 
990161548641181787 
990161537773748265 
990161527384465448 
990161516760268851 
990161489509875712 
990161474221649971 
990161463001874472 
990161445973004308 
990161434484826132 
990161423348957184 
990161408652115998 
990161397134528522 
990161380281815050 
990161366381891614 
990161350653280266 
990161337499938906 
990161325453877248 
990161310794801152 
990161281157840966 
990161248274509874 
990161232386482197 
990161226434756638 
990161055063900171 
990161040308310067 
990161033706500156 
990161017612947496 
990161012126801990 
990160961723842590 
990160947534512138 
990160940727169064 
990160842949558343 
990160810158456912 
990160802663243846 
990160750049906698 
990160737953517588 
990160728478580786 
990160715132317756 
990160707045687327 
990160694647357450 
990160685637988423 
990148621162917909 
990148615454470194 
990148600304635935 
990148593677664256 
990148574610341918 
990148570571231262 
990148552850296903 
990148548626616360 
990148534277926932 
990148526682017813 
990148506121539644 
990148499196747858 
990148485791756288 
990148477612875816 
990148460382654505 
990148450731565106 
990148118702063626 
990148106123358218 
990148097143341128 
990148081397948456 
990148075655942224 
990148060866830377 
990148054118174750 
990148038687354891 
990148032328769536 
990148017489326140 
990148010883289130 
990147996559757362 
990147989970513930 
990147976901058580 
990147968013320222 
990147952947380224 
990147946681073684 
990147935163527168 
990147925134962688 
990147909586673664 
990147903437824000 
990147717361696818 
990147709656788992 
990147697065476137 
990147688064507944 
990147678195290162 
990147660252074054 
990147647409111091 
990147638848528444 
990147625049276477 
990147616992026625 
990147605826793492 
990147595567521813 
990147583013974036 
990147573950058548 
990147565662117888 
990147549493080074 
990147539623895052 
990147525522632734 
990147505037643786 
990147496791642112 
990147375513366540 
990147359692451860 
990147353891733584 
990147338536374363 
990147332127469589 
990147325169119252 
990147308911992833 
990147293065908224 
990147287470727189 
990147270785769512 
990147265454813264 
990147249331929098 
990147243652808734 
990147227592831048 
990147221217488907 
990147205857951774 
990147199616823329 
990147170130853930 
990146873966878770 
990146857076420608 
990146852345217034 
990146834339102740 
990146830425800785 
990146812629385236 
990146808292470826 
990146793398493184 
990146786704379914 
990146550757982228 
990146536094728192 
990146528561729627 
990146510081646592 
990146502213136415 
990146476493647932 
990146465424883794 
990145933297737728 
990145923206234122 
990145881137356830 
990145870605480047 
990145859754811422 
990145844420423711 
990145838191874098 
990145803966382120 
990145787667312691 
990145772983025714 
990145766020509697 
990145752988786699 
990145745346789487 
990145729395834931 
990145722760441866 
990145709179277332 
990145701449191474 
990145680356024340 
990145663696240721 
990145645996310609 
990145639667101756 
990141894594031646 
990132615052918784 
990132609759735878 
990132594484080640 
990132588532338758 
990132572245860392 
990132566529015818 
990132552180334642 
990132544987095080 
990132531720511529 
990132523747147776 
990132516377747496 
990132501840289802 
990132484127727627 
990132478608044042 
990132463122661438 
990132456994787328 
990132441773637692 
990132435683532820 
990132423918505994 
990132414145781820 
990132395422392380 
990132390171123762 
990132314543640606 
990132299641274438 
990132292993298442 
990132281341517865 
990132269920423977 
990132254477000734 
990132248185561178 
990132239838900294 
990132225527939133 
990132211116277770 
990132204371865620 
990132195924529202 
990132182553067570 
990132165033472031 
990132157576007700 
990132141922844742 
990132135904030720 
990132120301224057 
990132114445963275 
990132099052888114 
990132092333600829 
990132076881780776 
990132071005569054 
990132060809228358 
990132053930565653 
990132031881093140 
990132027070234654 
990132010662129695 
990132005230477322 
990131990412001300 
990131983789203488 
990131966743572491 
990131962515693600 
990131947063902228 
990131941078626354 
990131928936112138 
990131918911705139 
990131875752325140 
990131858106880021 
990131837005336656 
990131826121138206 
990131797520158750 
990131779434315846 
990131757267427408 
990131745967976498 
990131702993137704 
990131691895025664 
990131315959537714 
990131300625178645 
990131155196080218 
990131142697054290 
990131133117263873 
990131099504082974 
990131079023304725 
990131071616176188 
990131058479611904 
990131050158120960 
990131034660171817 
990131028519686225 
990131014607192074 
990131007384588330 
990130987545530408 
990130980964696084 
990130965995204629 
990130959057825793 
990130947565453332 
990130937956294697 
990130904125030400 
990130883069616148 
990130870008565790 
990130861741576193 
990130834373754913 
990130794288775190 
990130782045605888 
990126756558143518 
990126741064413204 
990126734517084185 
990126716229931048 
990126713377792060 
990126696139210752 
990126691840040971 
990126676354695188 
990126670436528158 
990126658415624192 
990126648957485096 
990126620872441856 
990126613515632660 
990126592929968128 
990126589389979689 
990126571824222228 
990126568225521704 
990126555856519218 
990126546775863296 
990126533618303016 
990126525191958539 
990125860948439070 
990125851683217438 
990125836504006706 
990125830384525372 
990125814509109280 
990125808821608458 
990125796653928478 
990125787174801430 
990125774252175420 
990125765662216262 
990125669558157402 
990125663853899787 
990125651027689472 
990125642324529152 
990125394902528040 
990125365034893312 
990125357426421780 
990124814108860456 
990124802444505208 
990124792550150184 
990124651655077948 
990124645187452971 
990124597280112640 
990124587561926698 
990124576165990420 
990124565919318017 
990124553822933012 
990124544767426570 
990124530502627358 
990124522940272651 
990124509929549895 
990124501423505448 
990124486160424980 
990124480116449321 
990124467609014312 
990124458608058399 
990124444364193874 
990124436717994014 
990124423145222164 
990124415062773781 
990124147139018752 
990124131657871450 
990124125408333824 
990124110992515132 
990124103992246282 
990124097306517525 
990124080348930088 
990124067011039292 
990124052226142258 
990124037206335499 
990124030889705522 
990124015957987370 
990124009658130502 
990123995036778496 
990123987956809818 
990123979241054249 
990123962614820864 
990123942293438535 
990123934278107136 
990123003151003700 
990122998612762624 
990122984863838248 
990122976647192586 
990122962353008690 
990122954539024414 
990122921542422609 
990122904614236180 
990122899425869895 
990122886964596767 
990122877464494160 
990122867020689508 
990122855775735848 
990122834690985984 
990111464499056740 
990111458685763584 
990111443733065828 
990111438016237628 
990111421268394025 
990111415845150802 
990111393334329355 
990111389991448656 
990111373491077120 
990111368332079124 
990111332302999584 
990111325827006495 
990111310844923964 
990111290380935198 
990111284232073248 
990111269161951323 
990111263038246923 
990111251910762516 
990111241504690176 
990111224865894491 
990111219853713428 
990110546546278412 
990110535691415556 
990110523024633876 
990110512404652064 
990110501306499112 
990110489415667754 
990110479655501934 
990110468980998214 
990110458231017522 
990110446847672371 
990110436621971548 
990110364819669073 
990110353675415552 
990110342665363497 
990110331042955295 
990110316471922708 
990110306237837312 
990110295152295997 
990110284570062919 
990110270527520778 
990110259249049620 
990109844155559996 
990109832541511690 
990109822517121044 
990109811918143538 
990109793123442719 
990109783623340043 
990109764052725870 
990109752950419467 
990109742720507904 
990109723632222248 
990109712643137607 
990109703579246624 
990109693097676801 
990109679973716008 
990109667227226122 
990109636944351313 
990109463333711892 
990109454185922591 
990109421843673099 
990109410607108126 
990104248677199922 
990104234093608960 
990104227034570772 
990104215638650880 
990104202795708446 
990104188660903996 
990104181220200488 
990104167458693190 
990104160064126996 
990104147531542558 
990104138681557032 
990104086852558888 
990104078782713996 
990104067537764442 
990104057723125780 
990100771108454410 
990100765098004540 
990100749625229373 
990100743031767141 
990100727995187232 
990100721611468870 
990100706402914314 
990100699549405185 
990100683929845771 
990100678074585129 
990100666267627551 
990100656218079262 
990100641399574578 
990100634336395334 
990100621422120980 
990100613188681728 
990100599330705428 
990100591621595146 
990100523854225498 
990100519806697513 
990100502295494717 
990100498579345448 
990100484293533736 
990100476315979796 
990100454644007023 
990100451238248458 
990100432800067584 
990100429184589874 
990100411132293130 
990100406724071476 
990100389904916510 
990100385677058130 
990100371219308567 
990100363661176953 
990096296004169758 
990096282171355156 
990096272704815114 
990096251871698974 
990096239334916167 
990096230736601118 
990096217444864041 
990096209106583622 
990096198595645440 
990096187275214858 
990096156124123166 
990096142710734878 
990096130446594058 
990096117284892732 
990096101803716648 
990096086909743146 
990096052289937489 
990096011181555742 
990095984673570926 
990095974267514900 
990095897041969202 
990095886312951888 
990095876368236645 
990095864984895509 
990095774215983254 
990095760550940673 
990095706607988756 
990095695249817651 
990095685556772894 
990095673175183401 
990095663020769310 
990095651318689863 
990095641617256458 
990095599342846052 
990095573266866187 
990095562227478578 
990095550328225913 
990095539725013084 
990095527909687316 
990095514743750676 
990095504341876806 
990086032609390633 
990086028494782484 
990086010299875349 
990086006181068820 
990085989605212260 
990085985272496198 
990085967056609290 
990085962921046086 
990085945866981396 
990085940888346654 
990085927508508713 
990085918796947498 
990085905123520523 
990085897510858792 
990085883896147978 
990085874979074089 
990085803151593482 
990085794855272538 
990085778312937522 
990085773544013875 
990085757639196783 
990085751356129372 
990085735631683616 
990085730334289950 
990085714223968296 
990085708796530739 
990085693718016090 
990085687107792947 
990085673342087179 
990085665351938070 
990085649312923728 
990085644179095592 
990085628731465730 
990085621588582401 
990085601896308776 
990085595567099904 
990085582107574322 
990085573928685588 
990085552688746526 
990085545470332988 
990085530064658462 
990085523630596156 
990085508581437481 
990085502227071006 
990085487274373150 
990085480957755394 
990085465174573056 
990085459470344302 
990085444937064528 
990085437840318464 
990085410447294495 
990085396555763762 
990085388922130452 
990085361701122098 
990085355594186804 
990083520611368971 
990083514219237436 
990083499300118588 
990083492874440734 
990083476919316500 
990083470900469833 
990083455977160744 
990083449597624330 
990083435613790248 
990083427334254696 
990083414596136961 
990083406966706268 
990083393578467389 
990083384325849168 
990083354353344542 
990083348053516388 
990083335848099872 
990083326536740894 
990083313299517491 
990083304424349697 
990083262951092235 
990083247725740052 
990083237013516369 
990083225193963530 
990083203882684426 
990083192591626280 
990083165836169257 
990083127080796200 
990083116431441950 
990083104850985021 
990083091588599819 
990083078288457728 
990083052925509673 
990083037469478942 
990083025087909951 
990083012257533982 
990083001385902100 
990082963393875998 
990082910835064852 
990082900626116678 
990082887653158992 
990070756098580550 
990070741645029416 
990070733348687882 
990070717930418207 
990070712054206534 
990070697600622644 
990070690063474779 
990070663962296372 
990070648913166366 
990070642994982912 
990070625718632498 
990070620438032384 
990070604508057610 
990070598808006716 
990070584165666896 
990070577568038932 
990070563840073768 
990070555522777089 
990070521108521000 
990070514607341609 
990070494873149481 
990070490393624666 
990070476552433674 
990070468545507378 
990070456373637130 
990070447385243719 
990070399922475089 
990070396562849842 
990070377860431902 
990070373896847452 
990070357929132052 
990070352606556190 
990070339662925905 
990070330691313716 
990070312488013935 
990070297522749480 
990070291092881458 
990070275087421450 
990070269357989908 
990070254061383682 
990070247811846154 
990070232011907082 
990070226131513485 
990070210369298433 
990070204245614634 
990070188848345129 
990070183341211688 
990070177565655110 
990070159018450964 
990070147932893184 
990070135182204928 
990070121022230528 
990070110196760597 
990070095470559262 
990070088877092864 
990070019113246771 
990070015300599858 
990069997772607579 
990069992982720522 
990069974750068826 
990069971499503656 
990069953275265044 
990069949957550130 
990069932597317661 
990069928499499109 
990069913190277200 
990069907251159090 
990068158851321886 
990068148080345088 
990068129419919370 
990068118623760444 
990068108356112504 
990067745842401360 
990067735180501032 
990067723058950205 
990067713873432577 
990063219844452403 
990063213414584330 
990063198638067822 
990063192401121290 
990063164454486036 
990063156808286288 
990063140672782336 
990063134914019328 
990063116417126400 
990063110545096754 
990063094858403862 
990063088256569424 
990063073345806356 
990063066202898533 
990063051522867252 
990063043725652038 
990063027644678145 
990063022401798174 
990063008250204210 
990063000478154792 
990060123701542952 
990059790443106304 
990059778657099778 
990059717697101834 
990059706598948965 
990059688706064424 
990059621853053058 
990059612487159818 
990059597119234068 
990059590890684416 
990059581327679558 
990059569264877638 
990059557055238254 
990059547836162088 
990059505943474176 
990059491846402079 
990059484271489084 
990058680768671744 
990058666193453108 
990058652549398539 
990058572073287760 
990058562216681542 
990058546869731348 
990058538166538301 
990058525382299660 
990058515932536882 
990058504356233276 
990058494768062504 
990058484773052417 
990058473171591168 
990058421069955174 
990058217746878545 
990058206204141568 
990058194518818826 
990058133290381332 
990058122825584641 
990058112817971270 
990058099433947196 
990057459555119144 
990057452286378034 
990057436670984242 
990057430857678890 
990057415242285106 
990057409034731531 
990057391653519381 
990057387463430195 
990057373420912731 
990057366743552010 
990057330274099290 
990057323735167037 
990057307826163712 
990057301819924501 
990057286871449660 
990057280181534762 
990057265883152404 
990057258832498721 
990049904388890666 
990049887456460832 
990049882976972820 
990049869681016842 
990049861279813643 
990049060876615720 
990049057663766538 
990049039921840158 
990049035995992154 
990049018610610176 
990049014936395817 
990049000881262672 
990048992807247892 
990048903279808542 
990048840558202931 
990048834392555600 
990041486437523466 
990041483136618517 
990041466988527626 
990041462248997015 
990041429109796904 
990041413645373480 
990041407232286721 
990041395442098176 
990041386080428052 
990041378731995226 
990041364827877416 
990041349116010516 
990041343407562762 
990041308125097984 
990041299832938516 
990041253800464404 
990041238914867230 
990041232430493726 
990041216735395840 
990041210779488266 
990040940574040096 
990040927911415808 
990040915953463389 
990040906323353600 
990040895950839868 
990040884483596319 
990040873322569778 
990040863558238208 
990040843714953236 
990040833350852669 
990040820268806165 
990040811519479848 
990040800589144094 
990040789885288498 
990040777444954132 
990040768477528134 
990040756020477952 
990040746612621402 
990040722176610384 
990040711690866728 
990040502311223326 
990040494358798376 
990040481666830366 
990040472888152094 
990040459890008065 
990040451908259870 
990040436137689120 
990040430500544522 
990040319213051934 
990040304990171186 
990040297717268500 
990040257997193277 
990040243577163796 
990040236371345488 
990040221531901982 
990040214892322816 
990040200690405437 
990040193438453810 
990040178305417337 
990040171091226684 
990040149217902653 
990040136379146260 
990040128984608798 
990040114484879400 
990040107732045884 
990040094129938483 
990040085896495114 
990040073124839484 
990040064736260166 
990040050941194270 
990040042569363506 
990040028942053416 
990040020943536169 
990040006104080404 
990039999670001705 
990039985300336680 
990039978207772672 
990039963900973077 
990039956229599253 
990039602658148382 
990039597289447454 
990039582659735582 
990039575403593778 
990039558160789525 
990039550233571360 
990039536543367229 
990039528947466310 
990039513738928148 
990039507049013268 
990039493191024660 
990039485536415794 
990039473368752159 
990039464132878346 
990039449683521566 
990039442444152842 
990039428447744010 
990039421019648070 
990039337523642408 
990039331072782448 
990039313880326255 
990039308117352498 
990039293886087178 
990039286839656488 
990039265142538260 
990039249137041469 
990039244317794324 
990039226626244668 
990039222050258954 
990039206946545665 
990039200692830208 
990039184616075294 
990039179046047744 
990039162746966086 
990039157525082132 
990039141880324107 
990039137094606848 
990039120510353458 
990039114281803786 
990027959035392081 
990027917205590077 
990027910536659014 
990027895059648553 
990027889120534548 
990027880522211348 
990027867565989918 
990027852294524998 
990027845906595870 
990027835152400384 
990027824142385242 
990027809969807360 
990027802147446874 
990027791359676417 
990027780697784350 
990027764692291585 
990027758996455426 
990027747269156934 
990027739518079066 
990027695360454677 
990027683570257940 
990027673755590746 
990026576932532284 
990026571278614660 
990026553041748020 
990026549552111636 
990026534674911253 
990026527683018883 
990026497924403240 
990026492664754226 
990026474700554300 
990026470929870958 
990026454270087230 
990026448674902097 
990026439757803570 
990026427342655578 
990026413459521576 
990026405289005117 
990026260740730890 
990026244282265731 
990026238406057984 
990026223142993980 
990026216796999690 
990026201802350672 
990026195133427722 
990026179161489418 
990026173088149514 
990026157858648146 
990026151193894943 
990026136299900939 
990026129643556874 
990026113717792839 
990026107812212786 
990026095959085107 
990026086253490216 
990026072135438336 
990026063855898686 
990026051155533844 
990026042586570782 
990025876466982942 
990025861124198521 
990025854220394557 
990025839011844126 
990025833068507236 
990025818682044486 
990025812172484618 
990025796460625950 
990025790156578907 
990025775174520912 
990025768945975326 
990025757139042344 
990025746955239424 
990025736565956638 
990025725790785566 
990025711022653500 
990025704357900288 
990025688809603162 
990025682228756512 
990025667271884850 
990025660657459290 
990025635424522302 
990025623001002065 
990025614293614682 
990025602490847252 
990025592890097664 
990025580588195940 
990025571151003700 
990025558761021442 
990025549869092934 
990025536933888001 
990025528243269703 
990025517254213662 
990025507410173952 
990025481652932668 
990025470307369053 
990025459444088884 
990025449054814320 
990025437558214677 
990025427525451846 
990025392565911603 
990025207886524427 
990025200009633863 
990025186835324968 
990025178224422933 
990025165503070258 
990025157093515314 
990025143256485888 
990025135039873075 
990025121198661732 
990025113476927518 
990025100759797781 
990025091846914099 
990025080648126504 
990025070514671707 
990025053880070154 
990025044526788608 
990025029741867008 
990025022418595840 
990012951333335081 
990012933255868416 
990012930110160948 
990012913416827001 
990012908471738378 
990012890788544582 
990012886933962772 
990012869888331836 
990012865530462279 
990012847092285471 
990012844047228968 
990012825353212004 
990012821762887690 
990012808198496336 
990012800296443924 
990010997945278645 
990010986599706634 
990010975115673681 
990010963682033685 
990010950889394217 
990010940151971860 
990010926134591539 
990010913937563668 
990010901774073886 
990010890336215050 
990010878353088522 
990010861009645698 
990010849777315870 
990010838763044915 
990010827526524988 
990010817724440676 
990010805892296775 
990010795905658950 
990010774330179645 
990010770442031134 
990010755074113586 
990010748862341170 
990010715043672084 
990010709305851964 
990010699885465611 
990010687512281168 
990010670042976307 
990010666070994994 
990010648438136842 
990010643765665902 
990010629538611200 
990010621812674651 
990010604632813578 
990010596537810955 
990010510948847656 
990010499255132160 
990010489427853393 
990010474710040596 
990010467407777874 
990010425426976798 
990010418388942858 
990010403964715018 
990010396872179753 
990010384406696027 
990010375770619994 
990010361585467412 
990010354480340992 
990010313262899220 
990010305759289344 
990010296275972116 
990010284343169084 
990010270095134720 
990010262977384448 
990010237954187346 
990010223198625812 
990010204802392074 
990010189619011584 
990010183906365500 
990010170581057606 
990010162100195328 
990010147160068096 
990010139832627342 
990010125551013898 
990010118668181594 
990010103161823263 
990010097101049866 
990010084790763540 
990010076070805524 
990009972727382046 
990009957732724786 
990009951013437510 
990009935259656202 
990009929182101524 
990009769907609642 
990009763465134100 
990007753256874096 
990007747074465823 
990007733644329050 
990007725398302730 
990007709669666866 
990007703998988289 
990007690178732122 
990007683123929218 
990007664031453285 
990007657584820325 
990007643919749190 
990007635543732254 
990007620884656178 
990007614433812610 
990007590257831986 
990007575074443296 
990007568556498984 
990007539204775936 
990007525262913556 
990007517365014559 
990007083065806938 
990007075205677068 
990007060815028314 
990007053944770650 
990007002749079632 
990006988287115314 
990006981215539280 
990006966392881202 
990006959942029333 
990006945459081266 
990006938320404592 
990006923719999620 
990006917076250734 
990006902270353449 
990006894980653176 
990006880564834385 
990006873874919485 
990006858574098452 
990006852181950484 
990006836973416549 
990006830786805800 
990006476657549342 
990006463927832646 
990006451005177866 
990006442385879060 
990006430654398485 
990006420948803604 
990006405404696736 
990006399809515580 
990006383598501928 
990006378091380906 
990006364602507274 
990006356583002172 
990006347934351360 
990006334080565279 
990006317320122389 
990006312475697232 
990006296491196467 
990006290908577832 
990006279017746552 
990006269521821716 
990006249087193159 
990006242154016828 
990006224806379560 
990006217780887652 
990006203046305802 
990006195760799755 
990006182087385161 
990006174470508634 
990006159597514792 
990006152920186941 
990006126709964860 
990006118988275762 
990006089070288956 
990006073169678387 
990006066748207124 
990006052378533899 
990006045311107102 
990006030429728808 
990006023744004157 
990006010540359740 
990006001883312151 
990005966814707792 
990005944308105306 
990005932756959292 
990005916210458676 
990005898690826280 
990005894110658560 
990005880487559238 
990005872237346887 
990005853811777567 
990005850414399548 
990005833452638208 
990005828666933278 
990005812451749928 
990005806848172072 
990005794730831882 
990005785000030278 
989996354241695755 
989996347954434108 
989996333194686474 
989996326693535745 
989996310553825381 
989996304639864883 
989996289376784395 
989996283244732447 
989996268115865660 
989996261685993492 
989996248125833226 
989996240441851965 
989996224612565052 
989996218442735616 
989996202193997884 
989996197043392564 
989996180001927329 
989996175367241819 
989995273742876732 
989995268755849246 
989995252410638426 
989995247473926225 
989995229769769031 
989995225177030716 
989995207388958740 
989995203253387335 
989995189412188200 
989995181413646416 
989995166247026698 
989995159750049823 
989995143849459753 
989995137465712710 
989995126384369715 
989995115277856799 
989995097833734227 
989995090963497000 
989995069937446942 
989995061704024074 
989995046642253874 
989995039780388955 
989995027767918623 
989995018179711096 
989995007660396554 
989994996658737233 
989994982150639696 
989994975024529438 
989994960185065532 
989994953528705024 
989994938592808990 
989994932062281778 
989994921215811614 
989994910495174657 
989994895567622237 
989994888810618881 
989994865116995654 
989992421016358982 
989992417241473074 
989992400040656976 
989992396412579840 
989992379656319018 
989992376367996969 
989992356138852432 
989992352569516082 
989992334571765760 
989992330390036511 
989992312606179348 
989992308814540831 
989992293694054400 
989992286937042994 
989992274517717042 
989992265269272636 
989992105051062352 
989992096746319902 
989992090429698098 
989992075430854726 
989992060713042040 
989992053112975411 
989992046314012742 
989992030413398080 
989992011492909106 
989992005293715486 
989991989950951506 
989991983240077335 
989991969310773339 
989991962272759848 
989991945965289482 
989991940256849970 
989991925123801108 
989991918366781470 
989991911228059741 
989991895218401300 
989991876113354792 
989991861349384282 
989991854378455040 
989991840226869248 
989991833109151764 
989991803799363675 
989991797159759912 
989991782727155722 
989991775806586940 
989991760811925624 
989991754038149171 
989991741522325524 
989991732538122290 
989991717790957578 
989991710761291786 
989991698564255765 
989991689001267320 
989991674543497277 
989991667702583316 
989991653991407637 
989991646466830346 
989980713434620034 
989980707399028746 
989980693050318968 
989980686213603388 
989980672561152010 
989980664583573574 
989980654353666069 
989980645222645761 
989980627912777859 
989980621365469244 
989980609780793344 
989980599076945961 
989980585046990898 
989980577698574366 
989980561646972938 
989980555842035783 
989980541724033084 
989980534048440331 
989979812791738458 
989979805829181441 
989979769217110097 
989979760404869150 
989979747381547068 
989979738569343066 
989979725894144060 
989979717706870864 
989979703798546454 
989979695795806288 
989979680843124746 
989979673716998155 
989979666452467732 
989979652523167744 
989979607451176980 
989979585502384138 
989979576744685658 
989979563574579211 
989979555286638612 
989979540556230756 
989979533904085122 
989978108755083314 
989978096247648256 
989978066258370672 
989978043403628564 
989978032699736074 
989978019995209799 
989977998390349834 
989977986470146078 
989977973841084566 
989977968812097551 
989977964106092545 
989977952882155542 
989977943214268466 
989977932162293770 
989977921609420810 
989977910427385897 
989977899186683934 
989977877606965318 
989977867196715058 
989977856660615218 
989977845306630184 
989977763719032922 
989977746706952253 
989977735323615252 
989977723038474300 
989977707393736755 
989977694508826714 
989977679975546920 
989977651349426246 
989977587424047165 
989977560324653106 
989977527600709643 
989977512786427914 
989977500358680576 
989977482906181702 
989977437012127794 
989977421270896660 
989977408381792257 
989977398088974366 
989977381718618112 
989977340635414619 
989975537432789053 
989975528637358110 
989975520689127454 
989975506151698453 
989975462950363198 
989975447582425108 
989975443438444625 
989975430226382908 
989975419044384820 
989975370956673044 
989975346998820995 
989975340304707604 
989975321862348860 
989975315768016987 
989975303768145921 
989975293886341140 
989975249430904952 
989975236705394749 
989975217252225054 
989975210230951946 
989975196301660261 
989975188873551923 
989975175112044555 
989975167532929134 
989975151741394985 
989975145768681533 
989975130887290980 
989975124415483924 
989975114856673320 
989975105578868828 
989975086826135603 
989975081172217866 
989975067108728904 
989975059575754792 
989971226782990396 
989965640611794984 
989965623679397938 
989965619061481522 
989965602330386522 
989965597616001054 
989965578640961566 
989965575197446214 
989965567219875961 
989965553391239238 
989965536903450684 
989965531832537109 
989965522043039776 
989965510647095346 
989965492368330792 
989965488652185670 
989965192819511336 
989965177946529832 
989965170698756146 
989965136016052374 
989965118211260456 
989965114478297129 
989965096233099264 
989965092605009970 
989965074322051132 
989965071100833842 
989965052406824970 
989965049298829352 
989965032035090482 
989965027807215617 
989965013664006244 
989965006282035211 
989964996421230654 
989964988796002374 
989964976611528804 
989964967086260315 
989964955040231484 
989964945804382248 
989964933947064400 
989964923943669850 
989964913055236168 
989964902561091584 
989964890770911292 
989964880973017088 
989964867966492673 
989964859200397312 
989964844851662911 
989964837482291311 
989964823452327946 
989964816250699826 
989964805102268446 
989964793278505021 
989964786471153706 
989964772537684039 
989964762597195796 
989964751884931152 
989964741164277781 
989964724747788299 
989964719001567283 
989964705521090650 
989964687380729866 
989964673501773854 
989964665662603375 
989964651829809207 
989964644632375296 
989964631407747102 
989964621815357460 
989964608599101482 
989964599807840296 
989964584192446534 
989964578429497344 
989959577946718268 
989959567318347796 
989959546451656834 
989959534300770314 
989959521185169488 
989959512511365200 
989959503787196427 
989959489404940328 
989959480009719849 
989959464239112193 
989959453359087627 
989959442818805841 
989959430957310065 
989959421843111949 
989959404273156206 
989959392566853724 
989959381917519942 
989959370945204234 
989959357993218058 
989959349441011763 
989959258240057375 
989959250417713203 
989959237717344306 
989959229110616114 
989959214208286740 
989959207073751050 
989959192309825556 
989959185569574932 
989959170616877127 
989959163939545138 
989959148621930526 
989959142091419688 
989959048478740490 
989959020943122482 
989959007089360957 
989958999539585074 
989958968552087593 
989958954547286096 
989958947345674321 
989958932753682443 
989958925136822304 
989953794660007986 
989953786980233316 
989953768747565066 
989953765576675368 
989953746618433556 
989953743296540702 
989953725902766120 
989953721947529268 
989953704117551145 
989953700221042809 
989953685142532166 
989953678381293568 
989953648412999772 
989953643207864360 
989953629010137098 
989953621095481374 
989950008717615225 
989950002078044211 
989949987045662810 
989949980372521091 
989949967298863214 
989949958746685540 
989949950290980954 
989949935900323880 
989949922084261898 
989949914853294120 
989949903776149664 
989949893483311114 
989949878442528768 
989949871396106300 
989949846104465408 
989949830682013716 
989949823862067250 
989949748263936030 
989949583318728704 
989949564633100289 
989949558689771550 
989949513345138738 
989949498321158174 
989949491773837352 
989949479031562280 
989949470307418122 
989949456738836510 
989949448362786877 
989949425222815874 
989949411805249629 
989949403999645747 
989949392117174364 
989949383166550058 
989949366674554881 
989949360819298355 
989949345954693150 
989949338862108692 
989949328426684416 
989949316732952710 
989949233610244157 
989949228602241054 
989949211447541812 
989949206854770689 
989949189607805039 
989949185438654554 
989949168011341905 
989949163984810024 
989949147492790373 
989949142564474930 
989949126009561128 
989949120766672976 
989949104379543613 
989949099337990224 
989949083261239427 
989949077783445574 
989949067670978690 
989949056249909258 
989946275065626644 
989946259311833088 
989946241079205928 
989946236570320977 
989946218664820796 
989946215070330920 
989946197273874572 
989946193540968448 
989946176742760448 
989946171814469642 
989946156152918066 
989946149773381642 
989946131834347601 
989946128206299136 
989946112855113779 
989946106312011796 
989940082515537930 
989940072545652807 
989940060600295524 
989940044594831380 
989940039112867920 
989940021832331264 
989940017109549057 
989939982934343700 
989939932439150712 
989939928353878126 
989939906203770983 
989939889120366652 
989939884871544842 
989939869507788810 
989939862893371473 
989939737915703296 
989939724233900092 
989939715916587078 
989939700833869934 
989939693892288562 
989939676473360455 
989939671620542484 
989939654172241920 
989939649898233896 
989939602108350535 
989939597700128889 
989939580457349160 
989939576179138670 
989939557564809296 
989939553940955206 
989939542184312922 
989939534361927730 
989939522697572382 
989939512400564244 
989939501830897695 
989939490560811038 
989939479215214693 
989939469136326697 
989939454380756992 
989939440174661662 
989939428053106739 
989939416271323146 
989939405273829376 
989939393903071292 
989939355953008740 
989939340064993332 
989939328711008306 
989939317541576794 
989939165242196059 
989935208637804574 
989935194322636800 
989935187263639632 
989935173443403887 
989935165478432809 
989935149993041970 
989935143345086475 
989935128279134258 
989935122025447525 
989935105663438990 
989935099321647146 
989935087304998922 
989935078736007218 
989935043474518127 
989935024075845642 
989935013040627773 
989935001976074251 
989934986654277653 
989934981000331275 
989934966232219669 
989934959408074752 
989926082226581595 
989926064803414106 
989926059594104892 
989926042523295796 
989926037188116541 
989926020461260840 
989926015117692988 
989926000156614656 
989925993823215707 
989925976282640384 
989925971278835723 
989925956342919228 
989925948784791595 
989925931818844180 
989925927020535860 
989925799375306792 
989925785148227584 
989925770673684560 
989925763757256754 
989925750310309978 
989925741904928839 
989925710875467816 
989925696178634843 
989925686674325584 
989925668181667930 
989925664239009863 
989925647310802944 
989925642718052373 
989925627979255848 
989925621520035960 
989925605413888060 
989925599692881930 
989925583976820736 
989925577945395221 
989925563575717918 
989925556445384714 
989920324227334154 
989920313359863808 
989920302366593105 
989920282452054086 
989920276361924618 
989920260373233734 
989920254287282296 
989920239116505178 
989920232946683904 
989920210377125938 
989920200541478942 
989920189049086082 
989920174499070022 
989920167368724491 
989920149580709928 
989920142446190662 
989920128156176456 
989920121332068422 
989920106844921866 
989920099676856433 
989920083591712778 
989920069117157437 
989920062016213122 
989920047478759484 
989920040428138606 
989920028373708861 
989920019280429116 
989919571144220735 
989919555155554396 
989919543763824640 
989919529381535755 
989919518354706492 
989919499404869762 
989919472955572274 
989919457084313600 
989919445109587968 
989919432367292466 
989919415267127306 
989919383704973422 
989919358547546152 
989919346690228275 
989915728318709900 
989915725210718288 
989915706051141775 
989915703186427934 
989915684655996928 
989915681640292402 
989915665030864926 
989915660421328918 
989915649428041841 
989915638812250162 
989915624035733634 
989915617215787018 
989915601789132920 
989915586052120627 
989915572965900381 
989915564396937246 
989915552891945020 
989915542393593877 
989915526794989618 
989915520549662753 
989915497657151518 
989913514179182652 
989913498819629126 
989913487587311616 
989913475511881738 
989913464103370802 
989913452728422400 
989913440938233967 
989913429265506335 
989913411720736808 
989913399691460670 
989913390111666196 
989913379172913152 
989913368070590515 
989913355252809829 
989913341738762350 
989913331001339934 
989913319760597052 
989913286566883408 
989913275615576134 
989913262743248896 
989913249979961344 
989913087089983569 
989913074926485595 
989913064876949554 
989913051136409600 
989912930365620305 
989912914494365699 
989912902255390841 
989912892251992114 
989912876061970492 
989912860891181098 
989912820596506645 
989912809028604034 
989912798853206046 
989912787562164244 
989912741986844672 
989912731190714418 
989912719106928640 
989912708193321012 
989912694092103690 
989912679453966386 
989831267346419742 
989831263697379328 
989831248195248179 
989831242465828894 
989831229060829214 
989831219913060363 
989831197725167626 
989831187243597855 
989831175625375744 
989831160815312916 
989831153932439562 
989831142758809641 
989831132134645760 
989831107098853396 
989831094885040169 
989831085569474570 
989830107793326101 
989830099111137310 
989829935302606849 
989829925349498910 
989829912414257183 
989829903157448754 
989829893829320744 
989829874694914098 
989829785792417833 
989829772681039892 
989829764573429770 
989829753064275978 
989829743044100146 
989829731719446588 
989829722311622656 
989829700396388433 
989829689688350743 
989829677415796766 
989829667710197810 
989829657207652372 
989829646608654377 
989829581081030686 
989829477708206101 
989829467369275403 
989829452504633394 
989829439594586112 
989829423744294932 
989829412704878632 
989829384309473280 
989829368153014323 
989829356664803358 
989829346720100352 
989829335668105226 
989829318752469052 
989829307838910495 
989829297105698837 
989829280575946813 
989829267682623529 
989829255405899826 
989829238712586290 
989829224166748181 
989829211390869525 
989829166302122084 
989829089856737291 
989829075696771142 
989829068914589736 
989829054540701717 
989829047049670656 
989829032206012436 
989829025490935828 
989829018276745296 
989829003688947813 
989828994037846026 
989828982167961652 
989828975914270720 
989828958277206097 
989828933715378276 
989828927302271056 
989828916137033748 
989828899535986708 
989828885040488510 
989828877666893865 
989828863020384259 
989828856280145961 
989828841650405436 
989828832615878656 
989828812051202058 
989828800638492682 
989828783513165825 
989828770678575115 
989828753989435422 
989828743738572820 
989828732615290910 
989828721181622282 
989828711257894913 
989828695491506217 
989828684661800990 
989828673278468096 
989828656228597760 
989828642886516747 
989828628781101077 
989828553497530379 
989828536879697940 
989828509331501086 
989816010410455051 
989815998108549140 
989815989287915550 
989815973190189086 
989815967620169758 
989815951346262026 
989815945113505862 
989815927233196042 
989815923345084426 
989815908555948083 
989815902130290778 
989815884057034772 
989815880558968842 
989815865484652585 
989815858836676679 
989815848623562782 
989815837135368223 
989815821532557362 
989815815572426784 
989815801290829875 
989815794588344370 
989815535195803670 
989815519995654164 
989815507576303656 
989815497694511115 
989815486235697192 
989815476395868180 
989815463997485108 
989815454623215616 
989815443667701770 
989815433114812437 
989815419567243284 
989815411476430848 
989815352454180874 
989815341662216212 
989815331151286272 
989815318245425222 
989815309668081714 
989815298330861568 
989815281264254997 
989815267968307230 
989815259680358480 
989814900006195210 
989814895212118026 
989814885946900490 
989814873309458452 
989814855991177216 
989814851570401280 
989814840245760010 
989814830141702194 
989814811963576410 
989814808226447420 
989814790761365534 
989814786122465321 
989814764848967701 
989814748210139147 
989814743390900274 
989814606321037343 
989814577405497415 
989814572431073301 
989814558661181460 
989814550494867536 
989814522204286986 
989814518236467280 
989814500494569534 
989814496644202546 
989814480185745518 
989814475416805377 
989814458610249739 
989814451521859584 
989814417329909760 
989814408106623038 
989814390155010068 
989814370571808798 
989814357208752138 
989814343946362920 
989814333439615026 
989814321691369543 
989814303228051466 
989814291874054164 
989814281333788742 
989814269669433354 
989814259422744576 
989814245564751872 
989814237864005642 
989814224094134283 
989814216225591346 
989814202120159293 
989814194893389834 
989814184118190140 
989814172013428787 
989814162135855114 
989814134688333876 
989814129030209586 
989814113913962506 
989814107777663066 
989814091931607050 
989814086072148008 
989814071048155146 
989814064836395018 
989814051620130826 
989814043411886110 
989814016480280639 
989813996360196106 
989813980522483733 
989813974654672936 
989813963443298354 
989813953477611581 
989813938495553556 
989813931818237983 
989813920451690496 
989813911102566412 
989813896669954119 
989813885982896208 
989813873693569025 
989813864633864212 
989813855037313064 
989813843343577088 
989813831758925824 
989813821629685760 
989813775613972501 
989813652863463475 
989813619384528936 
989813591882481694 
989813580385910784 
989813552514752562 
989813541638901831 
989813523620171806 
989813512329101364 
989813501923053568 
989812247427678238 
989812243573137449 
989812227362127882 
989812221766955038 
989812206302539806 
989812200472461313 
989812182978002954 
989812178498515024 
989812161872273458 
989812157380194344 
989812139348852766 
989812134902915093 
989812121149775872 
989812113922994186 
989802000269053992 
989801987849728073 
989801978945216552 
989801968325255228 
989801957722054666 
989801945705353237 
989801936033300520 
989801925727911956 
989801914956922940 
989801904525676564 
989801891888234527 
989801880601366608 
989801870388256808 
989801850666647594 
989801841149747241 
989801831129546775 
989801816462077994 
989801803300352011 
989801794995630081 
989801783369011230 
989801773491454002 
989801596709908520 
989801505878048788 
989801496080183296 
989801484508094485 
989801472097128491 
989801462949367838 
989801450693615616 
989801441550032896 
989801430602903592 
989801420435906570 
989801409673310279 
989801400521326633 
989801387816800276 
989801376357961768 
989801324805771265 
989801315808989184 
989801303561621585 
989801293851815967 
989801285303812136 
989801273169702962 
989801241381060658 
989799792655884349 
989799788834852894 
989799775266287636 
989799766651183155 
989798879455240193 
989798875088965662 
989798862325702657 
989798853660246056 
989798844965482546 
989798830214090803 
989798811608162305 
989798808844111944 
989798795854376990 
989798787138592778 
989798768960483388 
989798759321964544 
989798688606011442 
989798682536865822 
989798650257502228 
989798643202674748 
989798613922222111 
989798606158581760 
989798592325779486 
989798584352403499 
989798569387114526 
989798563301187584 
989798556699336735 
989798542098985010 
989798535660707870 
989798519659438090 
989798514039074867 
989798498885046292 
989798492610383922 
989798478483972096 
989798476407795752 
989798470485409892 
989798457495650345 
989798454316396544 
989798448612143104 
989798440601010217 
989798434531852320 
989798390399369216 
989798376986009600 
989798372670046228 
989798368870031421 
989798358891790417 
989798354508709888 
989798352185065532 
989798347210641419 
989798332828377148 
989798324452356156 
989798312087519262 
989798302721658920 
989798102754013244 
989798085263786025 
989798081258217522 
989798064220930048 
989798060211208192 
989798041630420992 
989798037746487296 
989798020407250954 
989798016582025236 
989797998521376788 
989797995258191922 
989797976039882812 
989797972931928115 
989797954674118697 
989797951373193276 
989797933690011679 
989797929562824785 
989797916564672533 
989797907953778710 
989797891788906516 
989797886504087572 
989797776508485663 
989797767201308722 
989797753687257169 
989797745256693791 
989797733051273248 
989797719268814878 
989797706555871253 
989797697831702608 
989797685995393024 
989797676201689088 
989797643175735297 
989797634208317450 
989797622707539988 
989797612645417002 
989797601257861134 
989797590612729876 
989797577589407816 
989797567783133274 
989797557905522720 
989797545494577162 
989788353954209832 
989788347021008957 
989788338745643040 
989788325483274301 
989788308303388672 
989788303337332746 
989788287608713266 
989788283141758976 
989788263919271936 
989788259951460392 
989788244222824468 
989788238157848576 
989788227940524034 
989788216234221618 
989788207191293974 
989788187578740778 
989788084885418004 
989788039964409906 
989788034230812672 
989788019622043739 
989788012655308800 
989787998126215178 
989787991453085696 
989787978836615189 
989787969927917598 
989787954601947156 
989787948205625385 
989787931436798012 
989787926693040128 
989787896477282404 
989787880576655420 
989787874536878103 
989787859118592043 
989787853334654976 
989787846875422721 
989787826205917206 
989787810645045278 
989787805234380800 
989784928801660948 
989784914285170709 
989784902251724850 
989784890943889408 
989784878558101514 
989784865643843596 
989784852771520522 
989784839924371456 
989784824413814845 
989784813382799380 
989784799134744597 
989784791425617930 
989784779006300170 
989784769803997185 
989784758051545108 
989784748106854410 
989784738074066994 
989784726636228608 
989784714833436672 
989784702741254175 
989784646466306048 
989784616271486996 
989784612295307264 
989784593710350377 
989784590560419910 
989784572411641876 
989784569031049216 
989784550064398388 
989784547287777330 
989784528988037130 
989784525464821790 
989784507286708235 
989784503939653642 
989784489020489768 
989784482389303337 
989784429947932702 
989784419873206282 
989784409454555176 
989784398348050432 
989784387564490782 
989784373404516365 
989784362943922206 
989784351908696104 
989784340550520872 
989784330148675604 
989784320187174932 
989784308573175828 
989784298049646592 
989784286527897621 
989784275790479390 
989784263123673089 
989784249836138497 
989784236615680001 
989784233725820998 
989784230521356309 
989784169829769276 
989784152184352768 
989784136728317962 
989784131766476820 
989784115886825482 
989784110270652456 
989784094533619742 
989784088099569666 
989784073658597406 
989784067178381352 
989784050988371989 
989784045409947678 
989784029870047242 
989784024694280242 
989784008713981952 
989784002149900319 
989783990875611176 
989783980821856266 
989778357895979058 
989778349004054608 
989778339197755412 
989778327952818197 
989778314161967114 
989778306259886080 
989778295321161768 
989778284927647774 
989778261137588224 
989778251893309511 
989778239574663218 
989778230191980586 
989778217260970006 
989778208696205343 
989778196482367568 
989778187393323009 
989778174579736617 
989778165884936212 
989778155428524042 
989778137174917130 
989778116991942667 
989778098524413954 
989778087757631488 
989778041888706570 
989778020137041920 
989778002302865438 
989777984967835648 
989777954538139728 
989777943779741776 
989777932593557514 
989777919461183518 
989777910481162261 
989777858677321728 
989777848355155968 
989777837118611477 
989777823747174430 
989777812401573928 
989777802276536360 
989777790075305985 
989777775533637652 
989777765656055810 
989770255859589140 
989770251778539600 
989770234338623518 
989770215334248480 
989770212524056606 
989770197462294528 
989770191162474506 
989770173978386453 
989770169259814942 
989770149387198474 
989770145637494804 
989770127832653845 
989770124154249256 
989770107456724992 
989770102138339400 
989769992457293824 
989769988439171102 
989769973322878976 
989769966901407814 
989769955971055706 
989769945208475648 
989769928078925874 
989769923586838568 
989769905534566440 
989769901277343784 
989769883225051246 
989769879538245683 
989769863352447016 
989769858151497768 
989769844058648577 
989769836936716308 
989769730753708032 
989769719353606224 
989769709341790248 
989769694103871498 
989769687472676914 
989769673090424862 
989769665603567637 
989769651691073546 
989769644325875772 
989769631017365544 
989769622138019860 
989769606572933120 
989769600453464114 
989769586834567218 
989769578739544094 
989769554202873866 
989768392804290610 
989768386303098930 
989768350555045908 
989768342682349598 
989768310210064424 
989768303847280670 
989768297916542976 
989768279994286091 
989768265117102080 
989768258699812924 
989768243659046933 
989768237262716938 
989768226441420901 
989768215456514090 
989768170082549770 
989768163564609576 
989768141892644874 
989768135836057620 
989768121151799356 
989768114541584435 
989764065209487441 
989764056342753280 
989764044061827132 
989764034784018483 
989764019772604457 
989764011354632192 
989763995462414377 
989763989489713202 
989763974235058177 
989763968182681600 
989763951623569428 
989763945634078740 
989763929762836531 
989763923861458954 
989763911387611166 
989763902709563412 
989754611864829972 
989754607804747826 
989754590083821598 
989754586233446410 
989754571930861598 
989754564779573278 
989754537462079518 
989754526137450496 
989754508265549874 
989754504398401636 
989754486828466176 
989754482848051290 
989754468868431882 
989754460702142464 
989754384055418900 
989754376790888458 
989754359611007057 
989754344888999936 
989754336324231209 
989754323892330526 
989754314899730432 
989754302119682129 
989754294066622494 
989754266711363585 
989754254300430397 
989754245114896394 
989754230808129566 
989754223619084298 
989754213066244166 
989754201057939476 
989754188483399761 
989754179297902622 
989754121265483806 
989754105742389248 
989754099442548756 
989754086666694656 
989754078164836362 
989754061786083341 
989754056086007858 
989754043821858947 
989754034745397248 
989754024855232523 
989754006492573727 
989753992210960435 
989753984929628251 
989753973177212938 
989753963853266954 
989753953862438942 
989753941908668426 
989753859180208128 
989753852137988106 
989753842163933204 
989753830432464946 
989753653718036551 
989753643165155348 
989753631781826590 
989753621300264960 
989753608809635840 
989753597388521482 
989753587380916244 
989753576861614120 
989753564027035648 
989753551930671155 
989753538005581884 
989753523669434388 
989753513611505694 
989753501733244979 
989753491083915274 
989753479591526400 
989753469386768434 
989753458712264724 
989753448218120212 
989753437702996009 
989753426898456656 
989744335136378880 
989744330753310720 
989744316933079040 
989744309450448896 
989744289808539648 
989744281868718190 
989744258661646356 
989744254123401268 
989744239225221152 
989744233051213856 
989744217217720350 
989744212285218817 
989744193217921064 
989744188176338985 
989744174368718898 
989744166579892285 
989739463032856607 
989739448478625842 
989739440811413564 
989739016616292382 
989739004872237116 
989738992213831700 
989738979530248232 
989738964850192425 
989738873095598140 
989738863159312454 
989738848567296000 
989738835917295647 
989738827096678410 
989738817277808651 
989738807991599134 
989738796121743370 
989738782653837382 
989738772461654026 
989738761107677224 
989738748789014558 
989738739666399312 
989738719063969893 
989738709983322132 
989738698348314714 
989738688126799913 
989738670506512384 
989738649937670194 
989738643767828480 
989738629213589504 
989738622473347082 
989738607415808090 
989738601355022356 
989738578647060520 
989738564759736321 
989738557079969862 
989738547961561118 
989738535655473182 
989738502407225444 
989738493892767754 
989738484124250132 
989738472581521449 
989738457784004652 
989738451467399208 
989738435906514944 
989738429308866561 
989738405762056272 
989738383444160563 
989738376645210153 
989738361541513247 
989738355220688906 
989738339190059068 
989738333318029343 
989738317916569661 
989738312136798268 
989738296286531604 
989738290322227220 
989738275726061588 
989738269124227152 
989738253462695937 
989738247368364043 
989738232759607306 
989738226216468561 
989738038303260732 
989738034905882664 
989738018162229292 
989738013389119528 
989737996133761035 
989737991696187472 
989737975074140190 
989737969537675275 
989737952546541589 
989737948071215135 
989737931050737695 
989737926529257552 
989737909999513600 
989737904861507644 
989737884863066194 
989737881385992212 
989737865741230152 
989737860045353030 
989737842991300629 
989737838776045620 
989737818936971334 
989737814935629864 
989737796191256576 
989737792869392444 
989737775987326976 
989737771595857920 
989737754336296980 
989737750104277023 
989737734253989969 
989737669384871976 
989737664561446912 
989737647750660107 
989737643531173888 
989737626284204113 
989737621347528754 
989737604197023844 
989737599826538536 
989737583137394769 
989737578410422282 
989737561062789120 
989737556981710909 
989737540045119578 
989737535095865425 
989737520206057623 
989737513633595412 
989733597374201886 
989733580030771210 
989733575865806958 
989733562326597632 
989733554097377300 
989733537429209148 
989733532538654720 
989733516076019722 
989733510828949524 
989733493405802516 
989733489106616321 
989733485063319573 
989733467254321205 
989733453006270484 
989733446018535434 
989733420240363610 
989733405669347368 
989733398484512809 
989733383032688650 
989733376665731153 
989733365743747112 
989733355836833792 
989733341253226547 
989733333221138453 
989733319157624873 
989733312119595048 
989733299507322922 
989733289852010508 
989733274760933496 
989733268503003187 
989733254112366602 
989733247007211580 
989733233673506886 
989733225066819625 
989733210663571476 
989733203138969640 
989733152165593160 
989733142954905620 
989733125959581766 
989733116048461845 
989733104136630292 
989733094984679424 
989733083605508126 
989733073115553873 
989733017662685204 
989733008737202186 
989732978341060628 
989732967033221141 
989732957927378964 
989732947529723984 
989732931926892545 
989732922984648734 
989732911890694195 
989732901157490751 
989732889426034748 
989732879619731497 
989730085525413948 
989730073630355496 
989730063928922112 
989730052855976036 
989730042714152970 
989730031125287015 
989730022183034890 
989730007939170306 
989730000083251220 
989727579806236703 
989727519966105640 
989727511745290300 
989727167082561537 
989727152150839316 
989727145507061762 
989727131225444372 
989727124724252762 
989727110534926396 
989727102263758898 
989727065177727038 
989727055614709801 
989726986215780352 
989726973452513400 
989726964610899978 
989726933724061816 
989726906146516992 
989726890803748944 
989726884612931624 
989726878346670131 
989726855353470987 
989723677732003911 
989723672245841970 
989723660510175293 
989723651077210132 
989723639005986856 
989723626548912148 
989723608165281822 
989723604377796688 
989723587218903060 
989723582454194186 
989723564754227250 
989723560614449252 
989723546043433020 
989723537973583902 
989723527861137409 
989723516167397466 
989723277926760539 
989723265138323466 
989723256657428531 
989723230707273758 
989723217696555078 
989723209085632562 
989723197098299463 
989723187703074906 
989723174059016212 
989723166194671626 
989723152777093160 
989723144531099708 
989723128794087444 
989723123114967141 
989723108279742514 
989723101275226123 
989718331797954630 
989718326957707264 
989718312902590574 
989718305466097664 
989718290014294047 
989718283609587732 
989718249094643722 
989718231205957632 
989718227192021033 
989718209353625611 
989718206157570088 
989718187903971348 
989718183940337716 
989718166924054578 
989718162746511380 
989718145893806150 
989718132480438273 
989718123320070204 
989718111383068743 
989718101518086156 
989718090185060403 
989718080806588417 
989718070421504100 
989718058849431692 
989718047050825728 
989718036527329320 
989718011244085268 
989717989706305586 
989717978650116156 
989717965081575464 
989717955497570385 
989717942734315520 
989717933783679016 
989717923310477323 
989717906482954350 
989717868197330994 
989717851743076372 
989717835007811624 
989717824261980160 
989717813751066624 
989717799708524595 
989717788337786900 
989717777810079825 
989717762110812240 
989717751700541491 
989717741709705266 
989717730087292971 
989717719723155506 
989717706557247488 
989717690832789524 
989717540399886386 
989717527967973428 
989717513371807836 
989717497093713940 
989717487404855357 
989717476004749333 
989708420166856714 
989708406149496872 
989708398566199346 
989708388571172895 
989708376940351529 
989708362516160583 
989708355239051274 
989708343708876860 
989708329817350154 
989708316613705768 
989708308476739664 
989708293234626660 
989708286611816478 
989708275270422559 
989708265191526440 
989708249878118430 
989708243645386752 
989708228180996126 
989708222430576660 
989708206790049883 
989708200767012954 
989708127605768212 
989708116016893962 
989708103840854037 
989708094470766612 
989708081011245127 
989708072891076639 
989708058483626014 
989708051328167946 
989708037524701245 
989708029647806485 
989708018016993320 
989708007820656680 
989707994222698566 
989707986568118272 
989707973439942686 
989707964237631560 
989707945338105927 
989707942192369684 
989707923972313108 
989707920147095663 
989707902866571354 
989707898395451473 
989707879563026433 
989707876161429535 
989707858482450503 
989707854900523028 
989707838295273513 
989707833178193970 
989707820045832192 
989707811401379912 
989707801469255760 
989707788487913532 
989703236137148446 
989703227580751902 
989703211793416224 
989703205883641887 
989703190855430145 
989703184639471686 
989703170299158538 
989703163307249674 
989703149101121626 
989703141303914516 
989703127303331950 
989703119959113739 
989703105656541304 
989703098287132753 
989703083783241779 
989703076736794675 
989702067784384562 
989702057332183110 
989702047047774208 
989702035240783892 
989702023484153867 
989702013757562961 
989701978613501972 
989701967829954581 
989701959705559041 
989701925517815818 
989701911550763039 
989701903183138886 
989701892160503849 
989701882324852756 
989701871293833287 
989701854738923600 
989701841921130536 
989701833587052594 
989701821448724560 
989701811701153832 
989694014464876615 
989694000774656000 
989693987004747826 
989693973532647484 
989693960899407882 
989693948056440862 
989693935158964274 
989693922282459157 
989693906558017576 
989693892255436880 
989693880352002079 
989693866762444850 
989693850966700112 
989693828640432158 
989693816200134676 
989693804271509544 
989693792342933504 
989693780548534322 
989693767944658964 
989693754518679562 
989693738655825965 
989693519562178591 
989693504731086889 
989693497923764264 
989693484669743134 
989693476604112927 
989693462674808862 
989693455309611038 
989693440893792306 
989693432748474429 
989693418127126528 
989693410988392529 
989693395893100594 
989693389119315978 
989693359008383016 
989693345481768990 
989693337424527380 
989693303270301716 
989693295036891176 
989693277542432798 
989693272744132659 
989693255362965534 
989693250883448893 
989693234555015178 
989693229735764038 
989693214606901298 
989693209322070057 
989693189529169960 
989693186047901746 
989693169321005066 
989693164405276732 
989693151059013674 
989693142334836756 
989693125624737862 
989693111783555072 
989693104472862730 
989693081727160321 
989693075754475591 
989693062127173683 
989693054527082546 
989693029134770257 
989693006837862431 
989692991625121832 
989692984930992158 
989692969529536552 
989692963137400832 
989692937086578788 
989692929289367583 
989692914265374770 
989692907311206441 
989692894938005544 
989692886243237909 
989692859554877470 
989692839950696468 
989690308914724865 
989690253386342471 
989690226907709440 
989690216480665620 
989690202459095071 
989690193726537738 
989690139477426187 
989690101514776606 
989690083114364998 
989690068409135136 
989690041825656843 
989679506463797309 
989679500642123817 
989679488805789708 
989679478785589248 
989679463245676604 
989679457122005055 
989679441724706827 
989679435626192977 
989679419947892747 
989679413874548796 
989679400201093150 
989679392693317712 
989679382371119104 
989679370295726140 
989679354495782932 
989679348728606730 
989679332567945278 
989679326456844339 
989679312426905710 
989679304982020136 
989678709571194910 
989678695553830943 
989678688037650522 
989678674263564308 
989678666508288061 
989678652541251634 
989678644362375199 
989678629237694564 
989678623235665990 
989678608610103296 
989678601559490600 
989678571138195498 
989678561579372595 
989678546949644288 
989678530545737739 
989678524828897310 
989678242132791346 
989678234918608916 
989678213255016538 
989678207995363338 
989678193894129705 
989678186315006002 
989678160062873621 
989678156325724220 
989678138793537557 
989678134490181652 
989678119470366721 
989678112637857873 
989678091611807845 
989678087388147812 
989678073991532574 
989678065707806720 
989678045591904296 
989678034225348669 
989678021525000212 
989678009327968288 
989678000100495370 
989677986267688960 
989677978227191808 
989677967787569184 
989677957851258880 
989677945339641888 
989677935466262538 
989677928818278433 
989677909268660234 
989677893162508298 
989677887185645649 
989677872815951872 
989677866188935208 
989677850569371668 
989677844437278790 
989677829924982824 
989677822815645756 
989677815081345024 
989677799558242384 
989677793589723156 
989677777391333407 
989677771317968956 
989677756453371934 
989677749331447848 
989677733737009202 
989677727638503444 
989677719740641292 
989677705761001542 
989677689122197574 
989677683468304405 
989677668008091698 
989677661557235742 
989677646214483978 
989677640199839745 
989677623699451985 
989677618058121267 
989677602996371466 
989677596075757578 
989674433507627060 
989674415774134362 
989674412401897502 
989674396920721448 
989674390876733470 
989674372279205898 
989674369108291584 
989674351941001247 
989674347587321957 
989674343497859092 
989674325542060062 
989674307552677888 
989674304255979530 
989674291220062228 
989674282617536572 
989674275172646953 
989674260538720267 
989674254628978729 
989674235586809866 
989674219862360135 
989674213390581790 
989673931009052732 
989673922691731496 
989673909685207070 
989673901112033380 
989673886088040460 
989673879502987294 
989673866693578792 
989673858569224242 
989673843994005598 
989673836725280798 
989673819960672306 
989673814742929418 
989673798968160348 
989673793167446076 
989673779007459368 
989673771659063416 
989673718542381056 
989663870647926784 
989663857335214120 
989663848149700608 
989663833767415808 
989663826662273124 
989663811294330900 
989663804356960317 
989663790419279882 
989663782982778960 
989663769225470012 
989663761486979092 
989663746634969088 
989663740389630013 
989663733481627658 
989663718633783296 
989663702863216640 
989663696664010772 
989663681191247872 
989663674761375774 
989663660299395123 
989663653550755900 
989663490610442241 
989663484948127785 
989663469630529558 
989663463708180521 
989663448994566175 
989663441994285056 
989663428270489600 
989663420418785340 
989663406137147422 
989663398704840754 
989663384381325322 
989663377209036860 
989663364206723072 
989663355625177119 
989663342392127498 
989663334322286602 
989663116008763392 
989663112451997736 
989663097574785054 
989663090817773578 
989663071725301850 
989663064230096988 
989663044038696970 
989663039785697320 
989663021804691498 
989663018487013396 
989663002989039647 
989662996601110568 
989662979689705524 
989662972832006176 
989662956109332570 
989662948303700018 
989662936660336670 
989662921636343818 
989662915105783888 
989662900367024178 
989662894008442902 
989662874450423848 
989662868452565112 
989662852530962482 
989662847007072316 
989662831752384612 
989662825343512606 
989662804954984468 
989662793831710720 
989662778371477566 
989662772189085736 
989662754581381140 
989662750814896188 
989662735522476173 
989662728937431071 
989662713070379109 
989662707789750272 
989662683064324136 
989662679184597022 
989662660465414195 
989662657227403264 
989662640542482432 
989662635781931108 
989662618874683462 
989662614122541096 
989662599153066064 
989662592454770788 
989662574113079428 
989662571143528468 
989662552902471750 
989662549299585114 
989662533273137233 
989662527145275442 
989662511810895893 
989662505674604644 
989662491124564058 
989662484740833280 
989653076459814912 
989653058063577119 
989653054536155176 
989653036509048843 
989653032612552734 
989653014430228540 
989653010445631549 
989652993550979173 
989652989054685264 
989652973971963904 
989652966757793802 
989652943038996500 
989652930925821962 
989652921169870889 
989652914068930571 
989652897354616933 
989648872626352128 
989648860441874502 
989648850912436294 
989648840317616198 
989648829399838810 
989648816800145438 
989648806935166997 
989648794935242792 
989648785422561310 
989648710617161728 
989648698545954926 
989648688852922418 
989648651003494400 
989648638949072966 
989648617205805147 
989648605142990848 
989648593390563358 
989648583018029137 
989648563560673311 
989648550877077576 
989648496757973012 
989648489573146705 
989648476050710528 
989648467930521641 
989648458942140476 
989648446241779763 
989648433545638018 
989648424389447720 
989648409851990076 
989648402881052742 
989648348787134494 
989648328184709150 
989648317300490300 
989648306676306031 
989648130502975518 
989648124215713802 
989648104565387264 
989648097732853780 
989648083962974248 
989648076048322620 
989648063117262919 
989648055089397880 
989647745042231386 
989647737039507556 
989647721960992878 
989647714729984090 
989647700704247869 
989647693930463303 
989647679250391070 
989647672094908546 
989647659642011648 
989647650234204261 
989647635793190942 
989647628805492756 
989647618743357480 
989647607058010163 
989647592994533407 
989647585641893898 
989647574732521482 
989647561583370302 
989647552322363412 
989647540418904094 
989647530738454661 
989647516947587103 
989647509540466788 
989647495816675358 
989647488631836712 
989647472332787732 
989647466284589136 
989647450941821048 
989647444176425061 
989647431434109028 
989647423251021884 
989647408361246730 
989647401486794832 
989647372873265163 
989647367575846942 
989647355089391636 
989647345765474357 
989647267596214302 
989647261178929194 
989647245643243530 
989647239645376596 
989647223505690694 
989647218111807528 
989647202546774066 
989647196674752583 
989647180182724699 
989647175006953522 
989647139724472390 
989647128244650004 
989647109710049301 
989647104446193665 
989647096170823741 
989647082753237022 
989647067460796466 
989647061416837180 
989647045142917223 
989647039627395072 
989646992680566834 
989646985567019009 
989646969553174679 
989646964029292634 
989646949932220499 
989646942512496690 
989646927345885234 
989646921251581952 
989646905715863562 
989646899051130920 
989646886908600401 
989646877152665712 
989646862535495721 
989646856197931108 
989646842499313685 
989646834186215454 
989646818742784010 
989646812627488848 
989646796789776434 
989646791202988062 
989646774698405918 
989646769124151346 
989637360503361596 
989637346687352872 
989637339087274094 
989637323631239268 
989637317738250330 
989637309190266890 
989637294375964783 
989637277888172062 
989637272704004136 
989636828816617542 
989636812916027442 
989636806578417726 
989636792284246046 
989636785099399258 
989636761170886666 
989636754027987055 
989636739943530576 
989636731965931621 
989636717604651109 
989636711162187816 
989635597301841920 
989635581493514311 
989635575436951574 
989635560148713472 
989635553668521994 
989635538002788362 
989635531782651994 
989635517295493152 
989635510660120677 
989635495241867405 
989635488522584095 
989635472391307354 
989635466787717160 
989635410764374136 
989635395664883712 
989635388727505000 
989635377675522121 
989635366879371334 
989635353386307714 
989635345400365106 
989635331659796552 
989635324068106341 
989634663146479676 
989634652945911808 
989634641923297320 
989634573535182968 
989634556502085702 
989634526382796824 
989634518816260106 
989634459831791716 
989634448347783269 
989634439061581855 
989634427699228742 
989634412377419796 
989634405876260985 
989634391926005770 
989634384393035806 
989634343225946235 
989634332522086440 
989634320610238474 
989634310975942707 
989634298640494662 
989634193824837814 
989634183435517972 
989634167157428224 
989634152057958440 
989634145372209182 
989634110983135242 
989634104431620166 
989634095904595988 
989634077676150814 
989634061129621525 
989634055647662141 
989634038354567218 
989634034550341672 
989634019228516392 
989634013129998446 
989633941763940392 
989633934029647933 
989633919932571757 
989633904690487376 
989633898499686451 
989633882854936606 
989633877012271187 
989633862655172608 
989633855499677756 
989633841952067604 
989633835635449856 
989633819822948363 
989633812814258218 
989633800097128448 
989633792811622521 
989633782195847249 
989633766001610802 
989633744988164136 
989625043166330901 
989625027802566656 
989625021695660122 
989624985276526652 
989624969484968007 
989624963797491772 
989624947951431710 
989624941957763072 
989624935985066075 
989624919249788958 
989624902984298566 
989624897825284217 
989624815226867752 
989624789624815756 
989624776358244352 
989624768577798144 
989624754770169906 
989624746180243537 
989624731143667812 
989624724738961508 
989622339970924554 
989622333398478870 
989622318865219644 
989622312162717717 
989622296090128445 
989622290050342983 
989622275273793596 
989622268747448450 
989622231971790958 
989622220210995250 
989622205090517122 
989622198224437268 
989622172404289576 
989622165471117332 
989622149918629918 
989622143421661194 
989622136551383060 
989622122500476938 
989622107610689626 
989622100425842718 
989622086278475786 
989622078854533222 
989618893431640095 
989618884829134860 
989618843305533490 
989618836372340876 
989618810669654016 
989618806269829161 
989618788427243610 
989618784715300894 
989618768193937408 
989618763433394176 
989618745989267527 
989618741375565884 
989618723558158456 
989618719690989629 
989618706281820202 
989618697821900800 
989618602879635496 
989618588807749642 
989618582189142086 
989618568171753502 
989618559665713223 
989618543794454578 
989618537964384287 
989618527159857212 
989618514518241330 
989618270783012995 
989618255708704868 
989618249236897842 
989618237375410177 
989618227728515082 
989618213576921148 
989618206161383454 
989618169771610214 
989618126230528101 
989618119796473898 
989618100141961266 
989617970412154880 
989617825742205028 
989617810055512154 
989617803608858745 
989617775163088896 
989617761053458473 
989617753281413152 
989617738387435580 
989617732049862737 
989617715805302846 
989617710151381033 
989617694909280336 
989617689481859092 
989617628945473536 
989617621559300126 
989617607604830238 
989617599539187712 
989609335871131739 
989606877891551237 
989606657866739712 
989606643450937364 
989606635423019038 
989606623163084852 
989606614162104320 
989606587947692072 
989606574651760640 
989606566393180231 
989606552128344085 
989606544909934662 
989606531064537149 
989606522910806017 
989606511930130522 
989606501545046026 
989606489004060762 
989606480233771088 
989606465251721246 
989606458247241768 
989606444980666389 
989606436243927090 
989606241015853056 
989606234246225950 
989606217833926666 
989606212255514715 
989606198540140655 
989606190390575254 
989606179967737856 
989606168672485386 
989606156664193085 
989606146748874754 
989606132655980595 
989606124745547786 
989606110283583579 
989606102217941022 
989606086833213501 
989606079975542834 
989606067128373320 
989606058320343120 
989606043740938360 
989606036761636964 
989606023633436722 
989606015018344488 
989605828128563210 
989605821426053211 
989605806846640219 
989605799296905337 
989605785061457970 
989605768791748658 
989605761384583248 
989605745483989035 
989605734524268675 
989605724848029766 
989605710570602556 
989605702672732242 
989605688814739476 
989605680816193587 
989605671706181672 
989605658229874758 
989605644707430410 
989605636650180708 
989605629050126367 
989605608133128212 
989603608557416478 
989603594909122570 
989603582112305265 
989603570741555240 
989603556443193444 
989603544657186917 
989603532749553805 
989603522586746911 
989603512369434724 
989603501107740712 
989603490441609236 
989603478705958963 
989603467721052180 
989603457197563924 
989603447919763587 
989603436515438633 
989602993450123285 
989602975544651786 
989602971803332620 
989602954250186785 
989602950261374977 
989602930837577790 
989602927691849778 
989602910751060019 
989602906313486376 
989602887577518090 
989602884410822716 
989602866106859550 
989602862457827349 
989602845454131220 
989602840618086411 
989602723223715902 
989602718974898196 
989602703674064938 
989602696854143036 
989602679074471986 
989602675190554714 
989602661261250680 
989602653753471056 
989602629250322432 
989602625202823248 
989602607507062914 
989602603270832289 
989602586271305789 
989602581800165427 
989602569498275860 
989602560291782717 
989602500145455174 
989602485792546877 
989602478616096798 
989602462921015386 
989602455551623188 
989602440598933574 
989602434127126528 
989602420642414653 
989602412677464144 
989602399096283196 
989602391265509416 
989602375658528849 
989602368767262741 
989602355018346517 
989602347829313556 
989602334235557978 
989602326392234004 
989602293395640340 
989602280724631564 
989602267474853969 
989602259434373201 
989602248462073886 
989602234604077176 
989602222541275187 
989602207722799185 
989602193978060870 
989602180023607367 
989602163099590726 
989602149744906280 
989602139523399731 
989602126114197525 
989602117763350580 
989602107302744125 
989602095235727401 
989602083823050822 
989602074037714944 
989602063988174908 
989602052848107590 
989602039510208623 
989602030328889354 
989602022045122640 
989602008581423104 
989601995608457296 
989601986762670171 
989601979317768223 
989601962167242792 
989601936749781012 
989601921230839838 
989601910094962718 
989601899781189642 
989601885948350465 
989601877085782036 
989601868533608489 
989601855845847050 
989601839886499840 
989601833506963538 
989601821540626504 
989601811977621544 
989601764577783848 
989601757325832243 
989601745300754483 
989601735540633744 
989589159733788802 
989589018201190450 
989589000257961984 
989588988572622859 
989588977386414130 
989588966724476949 
989588954024140800 
989588942590476298 
989588930586378270 
989588918645174272 
989588903033962536 
989588889436033094 
989588867864752178 
989588852115116102 
989588835711189112 
989588816773918810 
989587600731930654 
989587589235351593 
989587577214472302 
989587565650780170 
989587553957064714 
989587540812120115 
989587529231638618 
989587515990212628 
989587504908865566 
989587494255341598 
989587484180639764 
989587471757107230 
989587458960269353 
989587447014912120 
989587411162005514 
989587399216599060 
989587381562781706 
989587365578293250 
989587360268300329 
989587345722454036 
989587338357268591 
989587322918019103 
989587316953714768 
989587301225095268 
989587295533416498 
989587280488443964 
989587273970516028 
989587257629483078 
989587252097204315 
989587236959961100 
989587230588801076 
989587160200003654 
989587146555916309 
989587138288951296 
989587122455453716 
989587115903950899 
989587101639147520 
989587095133749248 
989587081271578744 
989587073616982086 
989587059012419635 
989587051634634803 
989587038628085790 
989587030126264350 
989587015525859389 
989587008508809247 
989586998497013780 
989586987017175051 
989586963768160317 
989586958072299550 
989586942888931378 
989586936572284938 
989585212008706109 
989585201275490385 
989585187862114306 
989585176961089586 
989585165560971314 
989585152512512010 
989585117502636092 
989585106169634907 
989585096111697980 
989585084795486268 
989585071688278037 
989585061072490566 
989585048586047568 
989585038351958087 
989585025639022662 
989585016487018576 
989584879463313458 
989580346469253241 
989573309710622740 
989573294573375559 
989573288382562354 
989573271970250762 
989573266454745168 
989573252617756753 
989573244984127538 
989573227309330553 
989573222867562498 
989573206518165574 
989573201606611025 
989573184258965574 
989573180110811256 
989573162788343928 
989573158552100895 
989573091195748353 
989573080802295888 
989573069888700446 
989573056425000960 
989573048694874153 
989573033364697228 
989573026678997103 
989573014947520604 
989573004956688414 
989572990213697538 
989572983431507968 
989572966847234078 
989572961944096839 
989572944168636496 
989572940116926504 
989572923444568104 
989572918298157136 
989572862128046200 
989572854150463488 
989572838837071952 
989572832281391204 
989572492135923802 
989572463664975922 
989572452189347850 
989572435219210241 
989572424892817468 
989572413996011520 
989572402067406908 
989572390323388466 
989572374112378940 
989572336191676436 
989572324330184724 
989572312611319848 
989572301253115965 
989572290255683694 
989572279660871710 
989572268273311794 
989572254566338570 
989572227253018656 
989572173322678322 
989572160714571867 
989572149587107860 
989572139436875836 
989572052497342564 
989572040195473418 
989572029873287168 
989572014861873152 
989571998428565544 
989571988689420388 
989571977146691674 
989571967122300938 
989571954501632071 
989571939305668629 
989571927964282900 
989571917826621470 
989571907462504489 
989571896880267314 
989571885140414474 
989571875380273162 
989571849853730876 
989571839548354590 
989571791628419094 
989571755968458802 
989571737551241256 
989571719410888714 
989571615459266610 
989571577706319902 
989571569544212500 
989571557032620045 
989571548274884788 
989571537160011819 
989571526963658823 
989571513915154453 
989571501516800030 
989571439713742998 
989568137756282980 
989568125538271314 
989568112791806045 
989568101811122186 
989568090293567618 
989568076540444712 
989568064767016991 
989568053589213244 
989568043342495874 
989568031346814977 
989568005698625586 
989567991362519051 
989567977965895781 
989567966515441734 
989567954922385458 
989567942393991258 
989567931547545671 
989567920252276766 
989567909108002816 
989567897829539860 
989567886140014633 
989567874463072306 
989558139596705832 
989558124392370218 
989558117811515393 
989558103009804368 
989558096231796828 
989558077646856212 
989558063851786270 
989558045703041064 
989558041835876442 
989558024769257543 
989558020365238392 
989558003244105829 
989557998483558490 
989557990048821248 
989557977830805524 
989557957941415976 
989557953956823121 
989557938404335676 
989557932381323305 
989557918619824168 
989557910713557092 
989542407257341952 
989542390698225714 
989542385530830899 
989542371203092550 
989542364588670996 
989542346293137468 
989542342828634192 
989542325577465856 
989542321349595206 
989542303523831909 
989542300076101693 
989542285165334598 
989542278194409502 
989542265166901288 
989542256765726741 
989542236914085948 
989542223454556171 
989542211303665744 
989542202399146014 
989542173718487061 
989542166412017754 
989537120240697364 
989537105472536596 
989537098635812875 
989537084320665671 
989537077446193235 
989537062338301972 
989537055556136971 
989537038221078528 
989537034534273104 
989537018650451982 
989537012858118164 
989536998387761162 
989536991836241960 
989536976405417994 
989536969983926302 
989536944528719894 
989536929974468618 
989536922919649360 
989536901272842290 
989536887846891611 
989536879672164392 
989527298757787669 
989527288951476255 
989527281259139132 
989527265723432981 
989527256516927508 
989527243875295325 
989527234882703380 
989527223776202762 
989527213579858000 
989527201072414720 
989527191803002920 
989527180381917224 
989527170303000596 
989527147565682759 
989527137163812935 
989527111939285012 
989527101549994014 
989527087067041852 
989527075763392542 
989527061490188318 
989527050366910534 
989527039101001768 
989527027516338177 
989526988643504178 
989526975880245301 
989526963788083261 
989526950961872937 
989526938991345714 
989526927620603974 
989526915666808882 
989526900512817252 
989526884347944970 
989526873258217513 
989526859601567794 
989526845600956417 
989526818958762026 
989526808028397618 
989526797198688256 
989526734703583263 
989526723630600232 
989526713019039774 
989525790473453608 
989525769778757664 
989525758223466536 
989525746496184340 
989525735146414120 
989525725038116904 
989525697523515443 
989525683371929630 
989525672860979240 
989525661825785877 
989525651390341121 
989525638178287616 
989525625624735746 
989525612886622278 
989525600035274782 
989525292924145744 
989525281574371338 
989525258333720616 
989525246270930994 
989525235286016000 
989525224569593936 
989525213056237599 
989525203233165373 
989525193133293638 
989525182597177434 
989525172241457252 
989525161680199700 
989525150355558460 
989525138653474816 
989525125915373618 
989525114167123988 
989525102410489916 
989525091643686993 
989525080373624892 
989525038724186172 
989525024018939934 
989525012161634384 
989524979785822288 
989524962715000862 
989524950257917963 
989524938098638940 
989524925972881428 
989524914136551434 
989524896352718908 
989524881374846977 
989524862831845429 
989524847870742608 
989524834117627919 
989524821257904158 
989524809530622003 
989524796524101633 
989524785396592660 
989524773241499680 
989524761002532976 
989524749199757352 
989524737422147644 
989524679062585435 
989524662398627940 
989524623731331144 
989524611655933972 
989524599983198208 
989524581968674837 
989524570430124032 
989524555074764880 
989524537685200896 
989524498011275274 
989524486271402024 
989524474351194132 
989524461151723550 
989524447327309895 
989524436388560906 
989524425122648134 
989524410316759111 
989524398480453642 
989524385125785680 
989524371808849970 
989524335943376916 
989524321426870333 
989524310769139712 
989524299549380618 
989524288954585149 
989524256863952946 
989524246537588736 
989524234634158130 
989524223594758224 
989524210571444264 
989524193852915712 
989524181655904256 
989524169123299358 
989524153696657460 
989524142858580068 
989524121694109696 
989524110377877524 
989524067222687784 
989524052005752895 
989524040412725249 
989469621662928896 
989469610946494474 
989469599856738344 
989469588699889665 
989469577895374918 
989469567329919056 
989469555304824844 
989469545246912514 
989469534090067968 
989469523604279317 
989469511621177385 
989469501856829490 
989469489617858611 
989469479513759786 
989469469476802620 
989469458487730246 
989452813354565632 
989452807763537960 
989452791158284308 
989452786192248842 
989452771327639572 
989452764541222932 
989452748367994890 
989452742877655091 
989452702960476260 
989452693758177320 
989452680013422632 
989452672396570674 
989452660195352577 
989452650787528745 
989452635176304671 
989452629383999548 
989452554884743178 
989452544273158214 
989452532743028776 
989452518545305601 
989452511154937896 
989452498634944522 
989452489541713940 
989452477252382740 
989452468331098142 
989452453927878687 
989452446583619584 
989452375070744666 
989452355340730378 
989452343949025290 
989452331693264976 
989452322599993344 
989452314660192256 
989452301838196796 
989452277326708757 
989452258594926612 
989452239770886144 
989452202072477696 
989452183961493515 
989452180174016512 
989452164944502804 
989452158153920562 
989452145784934411 
989452136477769738 
989452119151116318 
989452114818367539 
989452096640258068 
989452093117042688 
989452075391918080 
989452071650603018 
989452056970555412 
989452050028974132 
989452008215937024 
989452005674221598 
989451698827321404 
989451689461448725 
989451678816292904 
989451667923693619 
989451658570387456 
989451645995864084 
989451617692684308 
989451605659246603 
989451596687630337 
989451586994569256 
989451573207904256 
989451561317064714 
989451551766630460 
989451538479067136 
989451527523553371 
989451516740001873 
989451506338107452 
989438904526602250 
989438899753463860 
989438885119541298 
989438877662052372 
989438865389527091 
989438856002674788 
989438839590383657 
989438834704011274 
989438817620623360 
989438813065601055 
989438798289063946 
989438791175516160 
989438777271410758 
989438768849248347 
989438754752196648 
989438747454078996 
989437765487833118 
989437757380259870 
989437743090266132 
989437735922200668 
989437722433298452 
989437714485088266 
989437700392230942 
989437692880236565 
989437679622037565 
989437671749333013 
989437657727762492 
989437650027028511 
989437636777234444 
989437627960791061 
989437616216756236 
989437607001878528 
989437019405058048 
989437007853944852 
989436994960637953 
989436972684697620 
989436956826034186 
989436941189644340 
989436928514461696 
989436917844156457 
989436896696496149 
989436880531623946 
989436864232558674 
989436853155405914 
989436839779790888 
989436795861237830 
989436776038928384 
989436761350504478 
989436750361403403 
989436729142431784 
989436714663694386 
989436689296543784 
989436676596170762 
989436634682519562 
989436536850382888 
989436526947622912 
989436513651662889 
989436504021536788 
989436492306845696 
989436482467033128 
989436468437082142 
989436458819522600 
989436446278574080 
989436437348876318 
989436419497938974 
989436409238663219 
989436395619754035 
989436385209503784 
989436353957736458 
989436341903327242 
989436331807621160 
989436322517221427 
989436307262537748 
989436301126287360 
989436260412166144 
989436247636312105 
989436239063179304 
989436225746272286 
989436151037304852 
989436136424357908 
989436129189187645 
989436092975579146 
989436077821550683 
989436071534284820 
989436055935664188 
989436049929420830 
989436035119325246 
989436028383268914 
989436013262798918 
989436006627438665 
989435992815575040 
989435985693646848 
989428487641243699 
989427862236979220 
989427853898702879 
989427840653086761 
989427832646139924 
989427819685773332 
989427810827378740 
989427801276956682 
989427789075730483 
989427774374699029 
989427764924911676 
989427505792438313 
989427497856815104 
989427467037069342 
989427384396697641 
989427368424775681 
989427319082995743 
989427311327723532 
989427279740407808 
989427263969853440 
989427257758056480 
989426984595648563 
989423426148110336 
989423419412082718 
989423404887199764 
989423397811413092 
989423200268075048 
989423192764461056 
989423178382209084 
989423170954072116 
989423156622143558 
989423149269532732 
989423133679300638 
989423127345922048 
989423111222984724 
989423105699106856 
989423090071142440 
989423084031340574 
989422962040012892 
989422947410272286 
989422936777687040 
989422925457276928 
989422915093155850 
989422904615796746 
989422890875252736 
989422878573330442 
989422869140365313 
989422857782186044 
989422848445648946 
989422834877095941 
989422824785575946 
989422815197421608 
989422794855022602 
989422783496859698 
989422772692328478 
989422514641973289 
989422497432752160 
989422492919660564 
989422475685285899 
989422471423852574 
989422454004920340 
989422449869340743 
989422431682846732 
989422428134469702 
989422410778419220 
989422406399561748 
989422388997423125 
989422384782131260 
989422367849734155 
989422364020326410 
989422274287378432 
989422259259199508 
989422252762218537 
989422237436219402 
989422231308365875 
989422216326283284 
989422209929977857 
989422194775969833 
989422187893108747 
989422173116583956 
989422167097745459 
989422151859843082 
989422145299947560 
989422132956110868 
989422123820941332 
989422108398485544 
989422102278995978 
989422086135099442 
989422080854458388 
989422075590623262 
989422054736539688 
989422046201143308 
989422039729340426 
989422008255258649 
989422004656545792 
989421986725912576 
989421983311728660 
989421965288828958 
989421961388126208 
989421942182404107 
989421939217027102 
989421924025253888 
989421917519892521 
989421818467205140 
989421813236912138 
989421800633036800 
989421791527174186 
989421721306144788 
989421709964759050 
989421696240975902 
989421684312399923 
989421674233479198 
989421654222446602 
989421642566492161 
989421631631925248 
989421610194833418 
989421596756307978 
989421577097588767 
989421565995278356 
989421530335305749 
989421518977105961 
989421507748978709 
989421498324365332 
989421481714909204 
989421470352572456 
989421464111423488 
989421448902889532 
989421442082934785 
989421427486765126 
989421421170143303 
989421406645268541 
989421399812759602 
989421384465809439 
989421378467950592 
989421368384823376 
989421356900839434 
989421341394497576 
989421334570348584 
989421319890280498 
989421312986480702 
989421300005085225 
989421292186910761 
989421277645262858 
989421270112284673 
989421255700656178 
989421249061060649 
989419831788994570 
989419477143810140 
989419255613235210 
989417804388241478 
989417791595622420 
989417782208774186 
989417765548990464 
989417758531928074 
989417745072394302 
989417736809623552 
989417727053676604 
989417715351552030 
989417702919655485 
989417693734137926 
989417683319681054 
989417669432336414 
989417660070625342 
989417646401392741 
989408745505300501 
989408732876263425 
989408715503460403 
989408711896338442 
989408694070571048 
989408690463449118 
989408672826404895 
989408668573380668 
989408650525278218 
989408646368755723 
989408631910961154 
989408625363652638 
989408618933792769 
989408599136694336 
989408585253527582 
989408577938665503 
989408490571333703 
989408388549058590 
989408373030158346 
989408366822588446 
989408352641630258 
989408344957665332 
989408331191947335 
989408323596075028 
989408311982059520 
989408301689217044 
989408286828802048 
989408280000479233 
989408264502521866 
989408257951014976 
989408243644235786 
989408236367130635 
989408054409838632 
989408047933825064 
989408015918718977 
989407972352458792 
989407965066985482 
989407949933936680 
989407943550197810 
989407928870137878 
989407921949511700 
989407910343868426 
989407900441145374 
989407881973608480 
989407876609081344 
989407861803221012 
989407855482400808 
989407840374501396 
989407834104016946 
989407818375381032 
989407811983257600 
989407797001211904 
989407790395191376 
989407760988901456 
989407663278395413 
989407654537490452 
989407641791004762 
989407632961982474 
989407620639129620 
989407611193552936 
989407599252365333 
989407589907460106 
989407578859647046 
989407568436817930 
989407556554354688 
989407546836127794 
989407536455233557 
989407525600395285 
989407515362091088 
989407495090995210 
989407192178389034 
989407185740124201 
989407170674196492 
989407164223340565 
989407149513916426 
989407142488461362 
989407129851023370 
989407121042980935 
989407112151060570 
989407092597207060 
989407086117015572 
989407066105995264 
989407053409820703 
989407045130285086 
989407028667617310 
989407023177285673 
989407013635252257 
989407002298036224 
989406985772478484 
989406980256989184 
989398848050987038 
989398831508647946 
989398826269941821 
989398808809074718 
989398804665090058 
989398788798042132 
989398784427573348 
989398764810809348 
989398761228890172 
989398746653687808 
989398739582058526 
989398711341830174 
989398696972156970 
989398689720193024 
989398662964723793 
989398654152491060 
989394182290411581 
989394174996521030 
989394159049777213 
989394151365812224 
989394137172287548 
989394129903554560 
989394119606546472 
989394103395577917 
989394091177553980 
989394081748746300 
989394070042476545 
989394060471070720 
989394046415937546 
989394038706806846 
989394014539239459 
989393999930474506 
989393992942755840 
989393983019036672 
989393971891560448 
989393934725820416 
989392619803144212 
989392609636151368 
989392598038900767 
989392576064933958 
989392567605018705 
989392554510401536 
989392546084032523 
989392533471768576 
989392524445630475 
989392512328273930 
989392503486697502 
989392493537812521 
989392481571467344 
989392468892065832 
989392460474093608 
989392450089025606 
989392438785343519 
989392425665593394 
989392417251803137 
989392404299808780 
989392394183131166 
989392317549019146 
989392162733039648 
989392131636490270 
989392117447139328 
989392109998075915 
989392096093929522 
989392088506433576 
989392079358656572 
989392067119681536 
989392053274312714 
989392045586153503 
989392035343638558 
989392024283263026 
989392011947835412 
989392002745507870 
989391987742474280 
989391970126422036 
989391949393981490 
989391942704050186 
989391927579377674 
989391921229230080 
989391906825973811 
989391899611775007 
989391884847829132 
989391878069817394 
989391862173429760 
989391856745988116 
989391839935217674 
989391835078230106 
989391819211165728 
989391813292986399 
989391798772322354 
989391791935586324 
989391780145397840 
989391773212242040 
989391755407413258 
989391751196332052 
989391729906032680 
989391726517035018 
989391708905160764 
989391704719233024 
989391686687948870 
989391682787233804 
989391665234075668 
989391660905549824 
989391646170947605 
989391639330029630 
989391625216196668 
989391617255415868 
989387229367517234 
989387221738070016 
989387199055282217 
989387184291315743 
989387177853091900 
989387163315609660 
989387156315320330 
989387142381838357 
989387134513328179 
989387087524556820 
989387078762659870 
989387054645395536 
989387043115266109 
989387033355092019 
989387015596429362 
989387005647544330 
989386874315501608 
989386869420724234 
989386851313909820 
989386847358689280 
989386830438862888 
989386825942585374 
989386808024510484 
989386804283207751 
989386782615408671 
989386763682320474 
989386758867263520 
989386741146353744 
989386737572782100 
989386720950779965 
989386715787558922 
989376894313041990 
989376879863689276 
989376867637288991 
989376855075328040 
989376829095829557 
989376696354480179 
989376613433110549 
989376602968305714 
989376555077734450 
989376539760144415 
989376526015426691 
989376518461485066 
989376509842165810 
989376495132770344 
989376460634587176 
989376453596545064 
989376441022021684 
989376431337390141 
989376415180939314 
989376394758881310 
989376378275233862 
989376372122202132 
989376222922436658 
989376217264316457 
989376203142103100 
989376196062113824 
989376179989512222 
989376174138466324 
989376159110279198 
989376152411992094 
989376137614463036 
989376130911969323 
989376115506282566 
989376109533626408 
989376095029702706 
989376087995858944 
989376073693282364 
989376066219036692 
989376048284184586 
989376040931565598 
989376033633476609 
989376019360264192 
989376001043730472 
989375996979474443 
989375979984142446 
989375975244582933 
989375957372649572 
989375953669070878 
989375934043942912 
989375931435057152 
989375915106660412 
989375909343682560 
989375895259217940 
989375887277432852 
989375778145853501 
989375768276631572 
989375756536795197 
989375740300632107 
989375734785114162 
989375723255005194 
989375713218003025 
989375678619201608 
989375672738807849 
989375649716269086 
989375638928490526 
989375627947819028 
989375612919640074 
989375606275858464 
989375592183001158 
989375585224638474 
989375573296033842 
989375563145830522 
989375549707264060 
989375542283370547 
989375062165581849 
989375012706320404 
989374990153560084 
989374976308150272 
989374968905207878 
989374954426466304 
989374947430400030 
989374928652476458 
989374924261052456 
989374907970371594 
989374902068973660 
989374849916993586 
989374839221538816 
989374828714803211 
989374813627875378 
989374807311274024 
989374792194994187 
989374785622532096 
989374770229420045 
989374763937968178 
989374729938927617 
989374723588767814 
989370864623558706 
989370848639078460 
989370831429857310 
989370815436968006 
989370797770539058 
989370783929352203 
989370769387716618 
989370750395904020 
989370730552623134 
989370706624143420 
989370689192607824 
989370676387405824 
989370660151259199 
989370645680889856 
989370632313663498 
989370620271820830 
989370479846498335 
989370472867184670 
989370449102250044 
989370441145655342 
989370433541406761 
989370417510756352 
989370402268672072 
989370395515846666 
989370374905016341 
989370370794598400 
989370354516512799 
989370348770324530 
989370333570162749 
989370326905401364 
989370308815356005 
989370300351250443 
989370063566024784 
989370048491696128 
989370042170892288 
989370029420208169 
989370020075282444 
989370011158192208 
989369995848998932 
989369983228346439 
989369974072168448 
989369961527001119 
989369952106598420 
989369913955213322 
989369902500577351 
989369892266442793 
989369882527289364 
989369863086678056 
989369493836922900 
989369419996201010 
989369315222511637 
989369299779063888 
989369293789601863 
989369277775761509 
989369272084078604 
989369256837783572 
989369250969944094 
989369235367161856 
989369228912115763 
989369212969562192 
989369207340806174 
989369179549360168 
989369172775534642 
989369148486320150 
989369135479799938 
989369127120535572 
989369116102103090 
989369105742192640 
989369091548651530 
989369084007284757 
989363686672052345 
989363656468856872 
989363645404287066 
989363633664430084 
989363624113995806 
989363613024276490 
989363594468655136 
989363590668640326 
989363577431425084 
989363568732413972 
989363550009061456 
989363546603286658 
989363529066901534 
989363524860010526 
989363509936681033 
989363503167057940 
989362292586078258 
989362275141955604 
989362271169937458 
989362253486768208 
989362249753833492 
989362231030468638 
989362227851182110 
989362211585662996 
989362206061785140 
989362189603336232 
989362184733745192 
989362167449014323 
989362163120496680 
989362147257618483 
989362141683408937 
989348576083738704 
989348562385109032 
989348554277548102 
989348498430394398 
989348482580103169 
989348476431245332 
989348422886752286 
989348415613833278 
989348405883048037 
989348394248073256 
989348379245023254 
989348372290867220 
989348357363343372 
989348350782472253 
989348335351636028 
989348329173426196 
989346868116979772 
989346859367677982 
989346845526491136 
989346837938991135 
989346824701739058 
989346816443166841 
989346802845249607 
989346794901229639 
989346780623810611 
989346773237628938 
989346757605478460 
989346751498567790 
989346736470380604 
989346729931468870 
989346717239480370 
989346708553084959 
989346587039911976 
989346580542926908 
989346556044005476 
989346552231374848 
989346533470248981 
989346529875750963 
989346512444223488 
989346507734020136 
989346488880627733 
989346485382553631 
989346470610223104 
989346463232454707 
989346434467913728 
989346423940218920 
989346410359058525 
989346400976379934 
989346374912979054 
989346239881564211 
989346226631741510 
989346217936949279 
989346204632645662 
989346196621516811 
989346182423793694 
989346175419314197 
989346150865862736 
989346137020432384 
989346129403605032 
989346115218440252 
989346107274461215 
989346093219332157 
989346086151942154 
989346070763012096 
989346064475754496 
989346050496159778 
989346043198070834 
989345997920550972 
989345982099632210 
989345976458301460 
989345895806013440 
989345890517012560 
989345874066948126 
989345868643717150 
989345851480629258 
989345847261159465 
989345830043521114 
989345825773748234 
989345809097187428 
989345804068204594 
989345786238230598 
989345781997781063 
989345760770404352 
989345742881705984 
989345739463344148 
989345675030437898 
989345667870761020 
989345660790767658 
989345644105834516 
989345631292256296 
989345623050440734 
989345607946731521 
989345601055506463 
989345586799067136 
989345579576467486 
989345567249412096 
989345558328143962 
989345542834372649 
989345536454828042 
989345516045344859 
989345508847911002 
989345501386244116 
989345482469945395 
989345475670982656 
989345455479619585 
989345066088796201 
989345056488062996 
989345044223905802 
989345027102756884 
989345022518374420 
989345005137178696 
989345000636682290 
989344983423266817 
989344979061207080 
989344953975070780 
989344937957003264 
989344932693172244 
989344915353899039 
989344911121874964 
989344905488904202 
989344887193337956 
989344870990766121 
989344865508798494 
989344848920313906 
989344843861987398 
989344826547908708 
989344822462664704 
989344804481675284 
989344801042362378 
989344783581454398 
989344779231952916 
989344761494249502 
989344757270585434 
989344752224858202 
989344731882463273 
989337132529242143 
989337117383594034 
989337110790160434 
989337098853171330 
989337083980169218 
989337074211651634 
989337062337552425 
989337051809869864 
989337041231822868 
989337030066602004 
989337017819205724 
989336893076439130 
989336882112495707 
989336872016834590 
989336857500340305 
989336847928934411 
989336836767883286 
989336826969997433 
989336815829938196 
989336802349449286 
989336781499543623 
989336771164790845 
989335397647667230 
989335394241896488 
989335377271734272 
989335372808994816 
989335358716149760 
989335350860197908 
989335337857859626 
989335329133723658 
989335311718948914 
989335306341859368 
989335290277679108 
989335284829282354 
989335271050997780 
989335263106965534 
989335249286746142 
989335241435017256 
989335171801174056 
989335156928180244 
989335150548615268 
989335134815801374 
989335128855683112 
989335115219992626 
989335107347284110 
989335092101013544 
989335085759201282 
989335072383565845 
989335064313724960 
989335038774616075 
989335033099743252 
989334995489402880 
989334980125679626 
989334973905526814 
989334957501607996 
989334952220958810 
989334895434268682 
989334853621276722 
989333560387317761 
989333551906426950 
989333539046703114 
989333530305790022 
989333516737216602 
989333508617039893 
989333495308496916 
989333486953459774 
989333479625990214 
989333464681680896 
989333451310268416 
989333443299139625 
989333428749107220 
989333421044146197 
989333407123255346 
989333399892271175 
989330619332956230 
989330602090188810 
989330597187059742 
989330582062391376 
989330575536042014 
989330556519059456 
989330549673971713 
989330532267622460 
989330524659130418 
989330506015473694 
989330502701948938 
989330485643706429 
989330481122275339 
989330462386311249 
989330459194458112 
989330445009289277 
989330437878984734 
989321470847119440 
989321467906891776 
989321451557515284 
989321445979082832 
989321430342701056 
989321424504234036 
989321409048244258 
989321402907762700 
989321396859580446 
989321376194244628 
989321361325441084 
989321354648113242 
989321299849523261 
989321293902000158 
989321281923055637 
989321269893804143 
989320787938910278 
989320774567465020 
989320761292509254 
989320749892374608 
989320738278375435 
989320725745766490 
989320714370822204 
989320697048346684 
989320661916844072 
989320632292479017 
989320599400767549 
989320592211705907 
989320578597003274 
989320569029812245 
989320556950192179 
989320547768864828 
989320532572913746 
989320526390509588 
989320515208511488 
989320501300199484 
989320487274442782 
989320480341254184 
989316546277028021 
989316528493166632 
989316524894461992 
989316507609735208 
989316502975025184 
989316485421883392 
989316481647001620 
989316464538443786 
989316459824054294 
989316441717211136 
989316438152077373 
989316420053663854 
989316416467525672 
989316398864011344 
989316394975907921 
989316379339542549 
989316373622710362 
989316168902922240 
989316151257481266 
989316147436478465 
989316128893468672 
989316125953232937 
989316108437839962 
989316104407101490 
989316088149987428 
989316082638663712 
989316065660125194 
989316060975079454 
989316045879775232 
989316039785451562 
989316022299402240 
989316017966678097 
989315954678824980 
989315940871204926 
989315933174628382 
989315919803203624 
989315911603351603 
989315896998768700 
989315890103345232 
989315877948235797 
989315868653654106 
989315851700273212 
989315843638825040 
989315829638234112 
989315822092697640 
989315808020815902 
989315800374583326 
989315705885323314 
989315699644194876 
989315685127704648 
989315677552787507 
989315662759473192 
989315656333811722 
989315643255963679 
989315634934448199 
989315598435627129 
989315573932503040 
989315566470856745 
989315538415136829 
989315524930457620 
989315517208735794 
989315493531885618 
989315486871334974 
989315472681992224 
989315465597825044 
989315454038323230 
989315440293597228 
989315361352605706 
989305379945054278 
989305367446040596 
989305358478639114 
989305347565027338 
989305336668250182 
989305324085342208 
989305316158078976 
989305303256416357 
989305291743047710 
989305277729886238 
989305270171738112 
989305259807625217 
989305248088719360 
989305228832690246 
989305220196630619 
989304835306299462 
989304819854479391 
989304813495930910 
989304798237044756 
989304791853326346 
989304713570840577 
989304706226614272 
989304671837499422 
989304664698781716 
989304646994657340 
989304634453676052 
989304625700143215 
989304530724356166 
989304512139366420 
989304497895518278 
989304490018603139 
989304438252507226 
989304423790546974 
989304417079676928 
989304402781302824 
989304395399319562 
989302691924672542 
989302682135195648 
989302668533059604 
989302658349289532 
989302643916701716 
989302636010438658 
989302623326855188 
989302615017934848 
989302604439883877 
989302593354338395 
989302579420872714 
989302571837567036 
989302557774061608 
989302550320779304 
989302537293271051 
989302528518791229 
989302428983754753 
989302412617605151 
989302407466991626 
989302392124235876 
989302386243829810 
989302368506109994 
989302363892371548 
989302346808967248 
989302342828572764 
989302324436557895 
989302321206951976 
989302307332173874 
989302299522379786 
989302282497695795 
989302277997223946 
989302270292283402 
989302251921244210 
989302248599335002 
989302230282817536 
989302227132903495 
989302209323864084 
989302205611921428 
989302187467374612 
989302183738634281 
989302165262717010 
989302162150539274 
989302143892721725 
989302140495331338 
989302123508408430 
989302118848553010 
989302105858785351 
989302096861990932 
989300841464881212 
989300828135362660 
989300821118300170 
989300792769015850 
989300780777492520 
989300771268993134 
989300756278546553 
989300749597048852 
989300736036831242 
989300728172544030 
989300715765784657 
989300706462801951 
989300696891424808 
989300685147361280 
989300675269763122 
989300656529616927 
989300641040064562 
989300634941550714 
989300620009799720 
989300613756108831 
989293947471925258 
989293932703805461 
989293925544124496 
989293901498159234 
989293862969282640 
989293848566042624 
989293841251176529 
989293775618715688 
989293764214394990 
989293652159373322 
989293598392602715 
989287173855539241 
989287157124456478 
989287151990603836 
989287134517145601 
989287130658390016 
989287114346737685 
989287109162598531 
989287096726462504 
989287087306068018 
989287052145209405 
989287041273585824 
989287033467990047 
989287020390125598 
989287003952660540 
989286998000959528 
989286983656419368 
989286976102477824 
989286948499767386 
989286944712298546 
989286928341950508 
989286923023573042 
989286906669977670 
989286901167030383 
989286882401734686 
989286866903777342 
989286850701180948 
989286845458313296 
989286828119035974 
989286824033796136 
989286802131124294 
989286784766713856 
989286780324950036 
989286519867056129 
989286508236259389 
989286490850873445 
989286477269725185 
989286468822372432 
989286364791074897 
989286336097845289 
989286321732349992 
989286314832695356 
989286299762577488 
989286292992974878 
989286248340406272 
989286234155258028 
989286226530033746 
989286212378431570 
989286205071970335 
989286192094806077 
989286183815225364 
989286170376667166 
989286161618985071 
989286148520169512 
989286139728887818 
989285683501858876 
989285673494257715 
989285660764553277 
989285645799280720 
989285634797633616 
989285622839652443 
989285610495819846 
989285598676279316 
989285589436227705 
989285577255976990 
989285567202197615 
989285551909789738 
989285545396027433 
989285531219275808 
989285524445474846 
989285456564863017 
989285441800900680 
989285434712547410 
989285421928316949 
989285414202404864 
989285397853003878 
989285392186491073 
989285264616747048 
989285258312691832 
989285244505047041 
989285236611354735 
989285221205704754 
989285215052660736 
989285199747641374 
989285193212911688 
989285177555562566 
989285171964555294 
989285166021226596 
989285146341568573 
989285124623454240 
989282390578954301 
989282373839486996 
989282368655351828 
989282353190952970 
989282347507679242 
989282330428473464 
989282325676294184 
989282308752302191 
989282304096620614 
989282286908375040 
989282282554675261 
989282278217769001 
989282259213385738 
989282241333051413 
989282237453307914 
989278755480567908 
989278749713387570 
989278732151816312 
989278727827501087 
989278713231343626 
989278707250245692 
989278690502385724 
989278685439852614 
989278667215618048 
989278663654645841 
989278645438787626 
989278642125291601 
989278623527755776 
989278620650451005 
989278603080503347 
989278598852661299 
989278579772760074 
989278573032513616 
989278558516047893 
989278551289258065 
989277705046466610 
989277697819684864 
989277677129179156 
989277669923377322 
989277656149278790 
989277647987171429 
989277633332281404 
989277626734641162 
989277611106643968 
989277605066858546 
989277589665357945 
989277584007245904 
989277575484420148 
989277559466360892 
989277544413032468 
989277537731493988 
989277445830082560 
989277423231184906 
989277416667119627 
989277405086613564 
989277395603304448 
989277385646047282 
989277373386080296 
989277357128941568 
989277351009484901 
989277339370287155 
989277329647890573 
989277318755262474 
989277308022046771 
989277296294768660 
989277286601719878 
989277274807336980 
989277264967499798 
989272307400863775 
989272291844186243 
989272282616705095 
989272270126075954 
989272255831891968 
989272248479264828 
989272233463648367 
989272227205771294 
989272210923479100 
989272200005714000 
989272186827206666 
989272178375684166 
989272164312174603 
989272157240569896 
989272145962082345 
989272135191134248 
989272120603340800 
989272113951162479 
989272101259182189 
989272091968831539 
989272078249234502 
989272071030861844 
989271896510038087 
989271878176763934 
989271874829713438 
989271856488013894 
989271852721528942 
989271835734593566 
989271831305404466 
989271818038812672 
989271809293709382 
989271786074034217 
989271782160732160 
989271767174496306 
989271760358748220 
989271749034139710 
989271738426724372 
989271663180910632 
989271652447707207 
989271495320678441 
989271489880678451 
989271484604219483 
989271467755712532 
989271452459081779 
989271445928542248 
989271432167055380 
989271424361459772 
989271409387765821 
989271402706256014 
989271389464830022 
989271381814419498 
989271370003267634 
989271359911772190 
989271344640307230 
989271338407575613 
989271323165483028 
989271316924338226 
989271301023727676 
989271294778425395 
989271273123246161 
989271265477009518 
989271253896552508 
989271244148973679 
989271229829619762 
989271222409920572 
989271214587510874 
989271199509012520 
989271184724066355 
989271176201252944 
989271162393600020 
989271154617356299 
989271142319681606 
989271133536796682 
989271120085667912 
989271111642546228 
989271097700651040 
989271090809417749 
989271078478155857 
989271068759949342 
989271055698898944 
989271047436107786 
989270382676693022 
989270368994877451 
989270361558384742 
989270348761555025 
989270339819290624 
989270327550943242 
989270318482866227 
989270310144598126 
989270293124108373 
989270280444727337 
989270272110624778 
989270261033500702 
989270250623238254 
989270238321328188 
989270229416837160 
989267380511318056 
989267338597638214 
989267333459615824 
989267315734478949 
989267311657640016 
989267293752148028 
989267290098905119 
989267272113721355 
989267268343066706 
989267253398732811 
989267246864027658 
989267225875710063 
989267218967715840 
989267200886071306 
989267197182492672 
989267182619852800 
989267175640543353 
989256510381101096 
989256495654895726 
989256488788848680 
989256474909892668 
989256467523702855 
989256453254688808 
989256445960814642 
989256419356336158 
989256406253338805 
989256398548369469 
989256381490151534 
989256376100454450 
989256362829692968 
989256354688540702 
989256346669039635 
989256332651687939 
989256235545133056 
989256228402253854 
989256213252411443 
989256206826758164 
989256192876486736 
989256185368682529 
989256171686879352 
989256163965153310 
989256150191059014 
989256142574219274 
989256129278271488 
989256121158082600 
989256107216212028 
989256098689220619 
989256091038797854 
989256066468544582 
989256048806359050 
989256044482015262 
989256028212305920 
989256023544053800 
989256005768589333 
989256000919982122 
989255983404560404 
989255979449352212 
989255961543856168 
989255957106262106 
989255942577197096 
989255935753068674 
989255914097881149 
989255903570194512 
989255791703908472 
989255784741371924 
989255770153578578 
989255757751005194 
989255748750045254 
989255725983367318 
989255689652281394 
989255667384713226 
989255652138422282 
989255645297520681 
989255631791874068 
989255624237924415 
989255609033572412 
989255603144769606 
989255587814600774 
989255581300846592 
989255565488300103 
989255559612080128 
989255546681036861 
989255538216960070 
989255528377090058 
989255520663765032 
989255506843541556 
989255499117625394 
989255486140448768 
989255478217408582 
989255463327629312 
989255456289591376 
989255440657436682 
989255434466627644 
989255419757215814 
989255413151174706 
989255398659874816 
989255392133541899 
989255376769798175 
989255370151174174 
989255356586799114 
989255348726673448 
989255319534313482 
989255310172622938 
989255296465657986 
989255288584536086 
989243093217861632 
989243060200280074 
989243042160599120 
989243038079528970 
989243020329254962 
989243016256581632 
989242998648873051 
989242994785927210 
989242977371160597 
989242972526743633 
989242954742923330 
989242950527643691 
989242932508885062 
989242928574636093 
989242911508029461 
989242907309539429 
989242893057273926 
989242885322969098 
989241422827888730 
989241409544552478 
989241401483100160 
989241327873052712 
989241313503350854 
989241306519842816 
989241299163054090 
989241284973707274 
989241270033580052 
989241263473721344 
989241247782826024 
989241241759785000 
989241227037777930 
989241220230438912 
989241206913507421 
989241198961106955 
989241119852343376 
989241103800754226 
989241089338789928 
989241069571039285 
989241057168478248 
989241048045846580 
989241035156766760 
989241026747179038 
989241013694513262 
989241005305913364 
989240992177737789 
989240983310966804 
989240970614833242 
989240962360414258 
989240948355653662 
989240940470337566 
989240925962240030 
989240919213633587 
989240747930828810 
989240735524077688 
989240720839819294 
989240707845873704 
989240692175949834 
989240672877936690 
989240651684143224 
989240636815339581 
989240623850721340 
989240610588360734 
989240593597235220 
989240580766847037 
989240563842834503 
989240547136929792 
989240534176518214 
989240521681678346 
989240508100538439 
989240495152693269 
989240480464244737 
989240052766875719 
989240047670792312 
989240004020674620 
989239994805805186 
989239982034124901 
989239972253016084 
989239958327951410 
989239950773977129 
989239925901754408 
989239909023907890 
989239905085444136 
989239889369374760 
989239882771730472 
989239867680645270 
989239861837955122 
989239847606681610 
989239839578783794 
989239823749509120 
989239818108141680 
989239792338341968 
989228597283803227 
989228577927082034 
989228572986183741 
989228554485125122 
989228550970306622 
989228533962403871 
989228530061701150 
989228511346720838 
989228507538292756 
989228492686229564 
989228485979545610 
989228467994386472 
989228464701857833 
989228446888648764 
989228442803400774 
989228427183800401 
989228420565188629 
989226050854727752 
989226041199444009 
989226029853847573 
989226016591462410 
989226007905046528 
989225995636715560 
989225984991580190 
989225972211531806 
989225963256688640 
989225954457059328 
989225938225070090 
989225903521398904 
989225895954874390 
989225852522868787 
989225842100027443 
989225830779617290 
989225749636591657 
989225740472033371 
989225724378497044 
989225718519062538 
989225708821839882 
989225697300070410 
989225685421817946 
989225675376455720 
989225662126624888 
989225653603794974 
989225629146832916 
989225617000136746 
989225607290294324 
989225594174713956 
989225586205524068 
989225571487719434 
989225564328054825 
989225422522814474 
989225413656051743 
989225400049733642 
989225392445485106 
989225366612766750 
989225355317502044 
989225344911413328 
989225332680822835 
989225323168161792 
989225312221028402 
989225302012088350 
989225290356097127 
989225280033939506 
989225247079272478 
989225232587972669 
989225222215454810 
989225211675160688 
989225201671741501 
989225190431023234 
989225186140254208 
989225170126397481 
989225164686381097 
989225147804291092 
989225142561427477 
989225125779996722 
989225121191456840 
989225105634779236 
989225099745968138 
989225081437827162 
989225077730058340 
989225060936077332 
989225056133595167 
989225051779919912 
989225031676612718 
989225029436854304 
989224885052125244 
989224871550648371 
989224863631814696 
989224847966076948 
989224841892724746 
989224760351285279 
989224751463563285 
989224710803968000 
989224695217926154 
989224689337528361 
989224642688458812 
989224635956609095 
989224622404816936 
989224614649544764 
989224599218700388 
989224593019502665 
989224579912306688 
989224571318190131 
989224556038344784 
989224549193224242 
989223991682142279 
989223988293140480 
989223973537583104 
989223966650564639 
989223950171111424 
989223945272193055 
989223921209475102 
989223905396928543 
989223899575226438 
989223883800444958 
989223878213636107 
989223859699978240 
989223856252268604 
989223839579906068 
989223835041665134 
989223741156380692 
989223722147799150 
989223707824238712 
989223700664549426 
989223686110322798 
989223679621730384 
989223666166431804 
989223657412902983 
989223643047395368 
989223635824820244 
989223617147600956 
989223611300732928 
989223596146700308 
989223589452611584 
989223574353084426 
989223567235367003 
989223488151781387 
989223474205696031 
989223465976496199 
989223453095776257 
989223444551970866 
989223430849167390 
989223422636732457 
989223408627777556 
989223401065431110 
989223387257765989 
989223379452178443 
989223366407880705 
989223357180428399 
989223347822948403 
989223335751712798 
989223323714080769 
989223314146877530 
989223300225966082 
989223292353269921 
989223061934993427 
989223036014166047 
989223019916431411 
989222882959839262 
989222879327567953 
989222863519232032 
989222857940828210 
989222839850762240 
989222836172374016 
989222816933093461 
989222814567497808 
989222798574620774 
989222792882970634 
989222778546831400 
989222771475247154 
989222755339747338 
989222747202801674 
989222735706218517 
989222725442744341 
989222712788516864 
989222703913369610 
989222689640181820 
989222682606329887 
989221959361511474 
989221943431544893 
989221932929003542 
989221920966844446 
989221909537366107 
989221897520689192 
989221887416606781 
989221874330390558 
989221865006460929 
989221851676942446 
989221842516594708 
989221829954662400 
989221821427617802 
989221809184456754 
989221798967140362 
989217532760186950 
989217522505097216 
989217511641862184 
989217500279492730 
989217486836760718 
989217478511046696 
989217442955948053 
989217431836835840 
989217421774712832 
989217410529763371 
989217399129661442 
989217389260468246 
989217372718116895 
989217323544096838 
989217305890283540 
989217301775659139 
989217284398653490 
989217280548282418 
989217264186314773 
989217259824234536 
989217241469968394 
989217236482945135 
989217218917171231 
989217215209406524 
989217196985155614 
989217193411608626 
989217179046125628 
989217171513159700 
989216664077860944 
989216643358023730 
989216633744678982 
989214652691005460 
989214014728990760 
989213904523624488 
989213898018287646 
989213888899842138 
989213876245659669 
989213866913329182 
989213854644989983 
989213841026088990 
989213833434386432 
989213819945496706 
989213811074531389 
989213798122536980 
989213789763301386 
989213773661351947 
989213762370293810 
989213748000612442 
989213740899647558 
989213726311845928 
989213719168966657 
989213705621360720 
989213697287258142 
989213643566645310 
989213631075999844 
989213597454434304 
989213585198678026 
989213572070510652 
989213559542153307 
989213538713227355 
989213525798969406 
989213512192622633 
989213492651393145 
989213479804223558 
989213465451319356 
989213452776120330 
989213437064261632 
989213423453757510 
989213407523786822 
989200245009285140 
989200234703908924 
989200224696295445 
989200212469878799 
989200201719889980 
989200188600090674 
989200176092692481 
989200165174927402 
989200152436801536 
989200139711295610 
989200126981578752 
989200038129455166 
989200025479430244 
989199970378858566 
989199961340121148 
989199950871166997 
989199939613655152 
989199898815660072 
989199881308631050 
989199875004588043 
989193730772828180 
989193726909906994 
989193709960699995 
989193705170812978 
989193688615878676 
989193685054947389 
989193666155388988 
989193661768159372 
989193642788921395 
989193639861293116 
989193626238205963 
989193618508095508 
989193606495621131 
989193596810952774 
989193582621642842 
989193575378087967 
989193560177930270 
989193553928405032 
989193538740822146 
989193532315144282 
989190308958978099 
989190298167025684 
989190287341531207 
989190265518587974 
989190244442177537 
989190233641873449 
989190192722239498 
989190181569560646 
989190163831849000 
989190151127330868 
989190139995635752 
989190106374103080 
989190092633571390 
989190080172286023 
989190064493985832 
989190043958661140 
989189907559891024 
989189892170981388 
989189880682778705 
989189866736734288 
989189851658199131 
989189837150105692 
989189824483307520 
989189804229021748 
989189744216920124 
989189732414160926 
989189719550226462 
989189703217598544 
989189687195361291 
989189674331414528 
989189658317561896 
989189643872374835 
989189629385277541 
989189613291733023 
989189599781859389 
989189586548838420 
989189573340966932 
989189552239427584 
989189394613284895 
989189382701477939 
989189371217477704 
989189360475848704 
989189349205753956 
989189293060812831 
989189284806398032 
989189269463633951 
989189240086732881 
989189228401405952 
989189216867082271 
989189207123714058 
989189194599501845 
989189185183305738 
990312183529353216 
990312167901384734 
990312161597341737 
990312149790392351 
990312139300429875 
990312128764313620 
990312118370844752 
990312100800921600 
990312090071867422 
990312072850059274 
990312068051783700 
990312053510135848 
990312045683544144 
990312010296225822 
990311998908690484 
990311956248428554 
990311917107154994 
990311894256603146 
990311880188887072 
990311872777584640 
990311858164621362 
990311851323715664 
990311836853362698 
990311829840470036 
990311805102477352 
990311792532144148 
990311783673757726 
990311767865454642 
990311761880170527 
990311748089282680 
990311740812173332 
990311728845848616 
990311719463170198 
990311704749551698 
990311697568895027 
990311684411392030 
990311676186353704 
990307683166998548 
990307663776723085 
990307658974257222 
990307642645807176 
990307636354363414 
990307621636538418 
990307615525449778 
990307601134813194 
990307593484382258 
990307583069937664 
990307571845980190 
990307555437850644 
990307549972693083 
990307535674290206 
990307528283934720 
990307493722853426 
990304497110745098 
990304480685879356 
990304474759299082 
990304463887687700 
990304452932145184 
990304438356947024 
990304430610067538 
990304421516816444 
990304408493522974 
990304390525095967 
990304385777156176 
990304371495555122 
990304365518667806 
990304348837916832 
990304342185738281 
990304312456544266 
990298238139645962 
990298220368371792 
990298216689967144 
990298198885171300 
990298195030577262 
990298189120819262 
990298168547753984 
990298153884475483 
990298147114848306 
990298131801460766 
990298124939579412 
990298107138961428 
990298103292760064 
990298088067461220 
990298082111520828 
990298070342316153 
990298060439568494 
990298045172305981 
990298038780194836 
990297906458288168 
990297851206721597 
990297837449379880 
990297830189043742 
990297814955347968 
990297808273829919 
990297779928694904 
990297742167380028 
990297735984984134 
990297719987904552 
990297714422075392 
990297698752159767 
990297692628455434 
990297672994939020 
990297662416912435 
990297629697134623 
990297616782864405 
990297608138391592 
990296994046152716 
990296958226800770 
990296947216777266 
990296936470954014 
990296921157541900 
990296910382395433 
990296888571990126 
990296877360631840 
990296866803576872 
990296855457972306 
990296844561158215 
990296834004107294 
990296820833988658 
990296810037866546 
990296799224922133 
990296788701429760 
990296776374374450 
990296754459115541 
990296744250187796 
990296725057048616 
990296714378354728 
990296703699648654 
990296693490745414 
990296679154610187 
990296668907929610 
990295765530337390 
990295755845664808 
990295743887716404 
990295683498147910 
990295671007490139 
990295662505639986 
990295647657816154 
990295640166760489 
990295625583173662 
990295618645790770 
990295602887798845 
990295596852195328 
990295584638394378 
990295575423492096 
990295562450534470 
990295553948647474 
990295537687355393 
990295532322844692 
990295504724328579 
990295498244124713 
990295463011946516 
990295447023280220 
990295441641988117 
990295426521497611 
990295419890315326 
990295405369643009 
990295398570676284 
990295386306527282 
990295376764477511 
990295367738343465 
990295354039763005 
990295339699404800 
990295332887887922 
990295318455279636 
990295310813233264 
990295295822815352 
990295289116110919 
990295240214724618 
990295230861410314 
990295215401214012 
990295209147518987 
990282701460373517 
990282687241654313 
990282679884857364 
990282664751796264 
990282658313568296 
990282643402805328 
990282637073612821 
990282621340762182 
990282614843773009 
990282599861735474 
990282593398313021 
990282578399469638 
990282572401618965 
990282558908559481 
990282550104690708 
990282535114272808 
990282528587915294 
990282513802997811 
990282506936913970 
990281725399679009 
990281717669572669 
990281704105181274 
990281696647737344 
990281681653084201 
990281674313052181 
990281660111138836 
990281652494270575 
990281638263001168 
990281627236200518 
990281610991644772 
990281605480329236 
990281582306816053 
990281567324733482 
990281561138159646 
990281545514381332 
990281539852046366 
990281526086365214 
990281517341216879 
990281506008227900 
990281496587808778 
990281413536415774 
990281403046461502 
990281390752956416 
990281376504885289 
990281369693347870 
990281352643510342 
990281348281421844 
990281325896400916 
990281322075389983 
990281305226903614 
990281300718006272 
990281279490654228 
990281262038122506 
990281257655074876 
990279761693650984 
990279751778312263 
990279735743508531 
990279718140018698 
990279713706614795 
990279696971333752 
990279692353405020 
990279674913521704 
990279670568218624 
990279653015052329 
990279648476823612 
990279631674441789 
990279626930667550 
990279608739979335 
990279604155596921 
990279590331158609 
990279582269718599 
990279568478830682 
990279559909896192 
990267851875164200 
990267846800076820 
990267827942481921 
990267824788340776 
990267806887080076 
990267803615526983 
990267785777135696 
990267782157447228 
990267764201619526 
990267759977984011 
990267742852628500 
990267739518140446 
990267723349131264 
990267717258969138 
990267700695674890 
990267695326953492 
990267686154018866 
990267669720760340 
990267654088556564 
990267647822274560 
990312183529353216 
990312167901384734 
990312161597341737 
990312149790392351 
990312139300429875 
990312128764313620 
990312118370844752 
990312100800921600 
990312090071867422 
990312072850059274 
990312068051783700 
990312053510135848 
990312045683544144 
990312010296225822 
990311998908690484 
990311956248428554 
990311917107154994 
990311894256603146 
990311880188887072 
990311872777584640 
990311858164621362 
990311851323715664 
990311836853362698 
990311829840470036 
990311805102477352 
990311792532144148 
990311783673757726 
990311767865454642 
990311761880170527 
990311748089282680 
990311740812173332 
990311728845848616 
990311719463170198 
990311704749551698 
990311697568895027 
990311684411392030 
990311676186353704 
990307683166998548 
990307663776723085 
990307658974257222 
990307642645807176 
990307636354363414 
990307621636538418 
990307615525449778 
990307601134813194 
990307593484382258 
990307583069937664 
990307571845980190 
990307555437850644 
990307549972693083 
990307535674290206 
990307528283934720 
990307493722853426 
990304497110745098 
990304480685879356 
990304474759299082 
990304463887687700 
990304452932145184 
990304438356947024 
990304430610067538 
990304421516816444 
990304408493522974 
990304390525095967 
990304385777156176 
990304371495555122 
990304365518667806 
990304348837916832 
990304342185738281 
990304312456544266 
990298238139645962 
990298220368371792 
990298216689967144 
990298198885171300 
990298195030577262 
990298189120819262 
990298168547753984 
990298153884475483 
990298147114848306 
990298131801460766 
990298124939579412 
990298107138961428 
990298103292760064 
990298088067461220 
990298082111520828 
990298070342316153 
990298060439568494 
990298045172305981 
990298038780194836 
990297906458288168 
990297851206721597 
990297837449379880 
990297830189043742 
990297814955347968 
990297808273829919 
990297779928694904 
990297742167380028 
990297735984984134 
990297719987904552 
990297714422075392 
990297698752159767 
990297692628455434 
990297672994939020 
990297662416912435 
990297629697134623 
990297616782864405 
990297608138391592 
990296994046152716 
990296958226800770 
990296947216777266 
990296936470954014 
990296921157541900 
990296910382395433 
990296888571990126 
990296877360631840 
990296866803576872 
990296855457972306 
990296844561158215 
990296834004107294 
990296820833988658 
990296810037866546 
990296799224922133 
990296788701429760 
990296776374374450 
990296754459115541 
990296744250187796 
990296725057048616 
990296714378354728 
990296703699648654 
990296693490745414 
990296679154610187 
990296668907929610 
990295765530337390 
990295755845664808 
990295743887716404 
990295683498147910 
990295671007490139 
990295662505639986 
990295647657816154 
990295640166760489 
990295625583173662 
990295618645790770 
990295602887798845 
990295596852195328 
990295584638394378 
990265663337685133 
990141894594031646 
990060123701542952 
990059717697101834 
990027959035392081 
989971226782990396 
989939165242196059 
989801596709908520 
989788084885418004 
989733017662685204 
989673718542381056 
989618270783012995 
989617970412154880 
989606877891551237 
989589159733788802 
989584879463313458 
989571615459266610 
990265663337685133 
990141894594031646 
990060123701542952 
990059717697101834 
990027959035392081 
990265663337685133 
990141894594031646 
990060123701542952 
990312183529353216 
990312167901384734 
990312161597341737 
990312149790392351 
990312139300429875 
990312128764313620 
990312118370844752 
990312100800921600 
990312090071867422 
990312072850059274 
990312068051783700 
990312053510135848 
990312045683544144 
990312010296225822 
990311998908690484 
990311956248428554 
990311917107154994 
990311894256603146 
990311880188887072 
990311872777584640 
990311858164621362 
990311851323715664 
990311836853362698 
990311829840470036 
990311805102477352 
990311792532144148 
990311783673757726 
990311767865454642 
990311761880170527 
990311748089282680 
990311740812173332 
990311728845848616 
990311719463170198 
990311704749551698 
990311697568895027 
990311684411392030 
990311676186353704 
990307683166998548 
990307663776723085 
990307658974257222 
990307642645807176 
990307636354363414 
990307621636538418 
990307615525449778 
990307601134813194 
990307593484382258 
990307583069937664 
990307571845980190 
990307555437850644 
990307549972693083 
990307535674290206 
990307528283934720 
990307493722853426 
990304497110745098 
990304480685879356 
990304474759299082 
990304463887687700 
990304452932145184 
990304438356947024 
990304430610067538 
990304421516816444 
990304408493522974 
990304390525095967 
990304385777156176 
990304371495555122 
990304365518667806 
990304348837916832 
990304342185738281 
990304312456544266 
990298238139645962 
990298220368371792 
990298216689967144 
990298198885171300 
990298195030577262 
990298189120819262 
990298168547753984 
990298153884475483 
990298147114848306 
990298131801460766 
990298124939579412 
990298107138961428 
990298103292760064 
990298088067461220 
990298082111520828 
990298070342316153 
990298060439568494 
990298045172305981 
990298038780194836 
990297906458288168 
990297851206721597 
990297837449379880 
990297830189043742 
990297814955347968 
990297808273829919 
990297779928694904 
990297742167380028 
990297735984984134 
990297719987904552 
990297714422075392 
990297698752159767 
990297692628455434 
990297672994939020 
990297662416912435 
990297629697134623 
990297616782864405 
990297608138391592 
990296994046152716 
990296958226800770 
990296947216777266 
990296936470954014 
990296921157541900 
990296910382395433 
990296888571990126 
990296877360631840 
990296866803576872 
990296855457972306 
990296844561158215 
990296834004107294 
990296820833988658 
990296810037866546 
990296799224922133 
990296788701429760 
990311956248428554 
990307528283934720 
990295683498147910 
990295240214724618 
990281413536415774 
990279713706614795 
990311956248428554 
990307528283934720 
990311956248428554 
990307528283934720 
990295683498147910 
990295240214724618 
990281413536415774 
990279713706614795 
990337957825245238 
990327548971982948 
990311956248428554 
990307528283934720 
990337957825245238 
990327548971982948 
990337957825245238 
990327548971982948 
990311956248428554 
990307528283934720 
990295683498147910 
990295240214724618 
990343712905248780 
990343699298910238 
990343692453830706 
990343672006578176 
990343665782235136 
990343650628210688 
990343643879575602 
990343629073698977 
990343621905633352 
990343611063336971 
990343601332572221 
990343589273956373 
990343579027243058 
990343568398897222 
990343549272866856 
990342144772431893 
990342130918649936 
990342118558023702 
990342075167944794 
990342060047487036 
990342053558906960 
990337957825245238 
990337945342996540 
990337935905816576 
990337924174327818 
990337914359656488 
990337902909198406 
990337892633149480 
990337880612307034 
990337870902464572 
990337859431051304 
990337849486377021 
990337838992211988 
990337827864707103 
990337795635687444 
990337779244367893 
990337768154595328 
990337757647872000 
990337747828998205 
990337732293308486 
990328810631229441 
990328799809900584 
990328789055701102 
990328777202610206 
990328767186600036 
990328756990251098 
990328746307387392 
990328735641247805 
990328724580888647 
990328661121056778 
990328647263088682 
990328636752134145 
990328621254189078 
990328610399338577 
990328550265618432 
990328535468081203 
990328525456285716 
990328515364786186 
990328500756029450 
990328490043789372 
990328479092449340 
990327795106340914 
990327786709323786 
990327774260649984 
990327767381979177 
990327743784828948 
990327730191085619 
990327714718302249 
990327708565258340 
990327677258956831 
990327670673911809 
990327646632153098 
990327629364207686 
990327624058425464 
990327548971982948 
990327543393583165 
990327528025620540 
990327522120056882 
990327507016372224 
990327500066402334 
990327484996263936 
990327479011004587 
990327452100362284 
990327448048635995 
990327430575190097 
990327426695454740 
990327408072745030 
990327404444676127 
990327387910709258 
990327383120826449 
990327365580238929 
990327361448869919 
990327343514017882 
990327340204691456 
990327324924850206 
990327318360776744 
990327311050108938 
990327295665373236 
990327287138369606 
990327254166962286 
990327207069114418 
990327192275800065 
990327177184702486 
990327159556038686 
990327147057000519 
990327136801914880 
990327126538461255 
990327115390013460 
990327093411864666 
990327083626549268 
990327071635046430 
990327061648392232 
990327048411156530 
990327039380840498 
990327027775201350 
990327017352359936 
990327005193060462 
990326995277721610 
990326633502236752 
990326618318831626 
990326606146994256 
990326594545524806 
990326581471883325 
990326570340188173 
990326557769883669 
990326541772791808 
990326518033043526 
990326506360299520 
990326495845163098 
990326485162287144 
990326473892171847 
990326459220492389 
990326448009142353 
990326436386730025 
990326414337261709 
990326400009502721 
990326366224416898 
990326348096614451 
990326314089197598 
990326241892651128 
990326231172022282 
990326217351770143 
990326207033798656 
990326192810917888 
990326169587040336 
990326158090448907 
990326109335875695 
990326099504418826 
990326089236742214 
990326077987635262 
990326055116111922 
990325969048981586 
990325933363843152 
990325920642527232 
990325910249042011 
990325897733210122 
990325876652646491 
990325866154307644 
990325854901010443 
990312183529353216 
990312167901384734 
990312161597341737 
990312149790392351 
990312139300429875 
990312128764313620 
990312118370844752 
990312100800921600 
990312090071867422 
990312072850059274 
990312068051783700 
990312053510135848 
990312045683544144 
990312010296225822 
990311998908690484 
990311956248428554 
990311917107154994 
990311894256603146 
990311880188887072 
990311872777584640 
990311858164621362 
990311851323715664 
990311836853362698 
990311829840470036 
990311805102477352 
990311792532144148 
990311783673757726 
990311767865454642 
990311761880170527 
990311748089282680 
990311740812173332 
990311728845848616 
990311719463170198 
990311704749551698 
990311697568895027 
990311684411392030 
990311676186353704 
990307683166998548 
990307663776723085 
990307658974257222 
990307642645807176 
990307636354363414 
990307621636538418 
990307615525449778 
990307601134813194 
990307593484382258 
990307583069937664 
990307571845980190 
990307555437850644 
990307549972693083 
990307535674290206 
990307528283934720 
990307493722853426 
990304497110745098 
990304480685879356 
990304474759299082 
990304463887687700 
990304452932145184 
990304438356947024 
990304430610067538 
990304421516816444 
990304408493522974 
990304390525095967 
990304385777156176 
990304371495555122 
990304365518667806 
990304348837916832 
990304342185738281 
990304312456544266 
990298238139645962 
990298220368371792 
990298216689967144 
990298198885171300 
990298195030577262 
990298189120819262 
990298168547753984 
990298153884475483 
990298147114848306 
990298131801460766 
990298124939579412 
990298107138961428 
990298103292760064 
990298088067461220 
990298082111520828 
990298070342316153 
990298060439568494 
990298045172305981 
990298038780194836 
990297906458288168 
990297851206721597 
990297837449379880 
990297830189043742 
990297814955347968 
990297808273829919 
990297779928694904 
990297742167380028 
990297735984984134 
990297719987904552 
990297714422075392 
990297698752159767 
990297692628455434 
990297672994939020 
990297662416912435 
990297629697134623 
990297616782864405 
990297608138391592 
990343712905248780 
990343699298910238 
990343692453830706 
990343672006578176 
990343665782235136 
990343650628210688 
990343643879575602 
990343629073698977 
990343621905633352 
990343611063336971 
990343601332572221 
990343589273956373 
990343579027243058 
990343568398897222 
990343549272866856 
990342144772431893 
990342130918649936 
990342118558023702 
990342075167944794 
990342060047487036 
990342053558906960 
990337957825245238 
990337945342996540 
990337935905816576 
990337924174327818 
990337914359656488 
990337902909198406 
990337892633149480 
990337880612307034 
990337870902464572 
990337859431051304 
990337849486377021 
990337838992211988 
990337827864707103 
990337795635687444 
990337779244367893 
990337768154595328 
990337757647872000 
990337747828998205 
990337732293308486 
990328810631229441 
990328799809900584 
990328789055701102 
990328777202610206 
990328767186600036 
990328756990251098 
990328746307387392 
990328735641247805 
990328724580888647 
990328661121056778 
990328647263088682 
990328636752134145 
990328621254189078 
990328610399338577 
990328550265618432 
990328535468081203 
990328525456285716 
990328515364786186 
990328500756029450 
990328490043789372 
990328479092449340 
990327795106340914 
990327786709323786 
990327774260649984 
990327767381979177 
990327743784828948 
990327730191085619 
990327714718302249 
990327708565258340 
990327677258956831 
990327670673911809 
990327646632153098 
990327629364207686 
990327624058425464 
990327548971982948 
990327543393583165 
990327528025620540 
990327522120056882 
990327507016372224 
990327500066402334 
990327484996263936 
990327479011004587 
990327452100362284 
990327448048635995 
990327430575190097 
990327426695454740 
990327408072745030 
990327404444676127 
990327387910709258 
990327383120826449 
990327365580238929 
990327361448869919 
990327343514017882 
990327340204691456 
990327324924850206 
990327318360776744 
990327311050108938 
990327295665373236 
990327287138369606 
990327254166962286 
990327207069114418 
990327192275800065 
990327177184702486 
990327159556038686 
990327147057000519 
990327136801914880 
990327126538461255 
990327115390013460 
990327093411864666 
990327083626549268 
990327071635046430 
990327061648392232 
990327048411156530 
990327039380840498 
990327027775201350 
990327017352359936 
990327005193060462 
990326995277721610 
990326633502236752 
990326618318831626 
990326606146994256 
990326594545524806 
990326581471883325 
990326570340188173 
990326557769883669 
990326541772791808 
990326518033043526 
990326506360299520 
990326495845163098 
990326485162287144 
990326473892171847 
990326459220492389 
990326448009142353 
990326436386730025 
990326414337261709 
990326400009502721 
990326366224416898 
990326348096614451 
990326314089197598 
990326241892651128 
990326231172022282 
990326217351770143 
990326207033798656 
990326192810917888 
990326169587040336 
990326158090448907 
990326109335875695 
990326099504418826 
990326089236742214 
990326077987635262 
990326055116111922 
990325969048981586 
990325933363843152 
990325920642527232 
990325910249042011 
990325897733210122 
990325876652646491 
990325866154307644 
990325854901010443 
990312183529353216 
990312167901384734 
990312161597341737 
990312149790392351 
990312139300429875 
990312128764313620 
990312118370844752 
990312100800921600 
990312090071867422 
990312072850059274 
990312068051783700 
990312053510135848 
990312045683544144 
990312010296225822 
990311998908690484 
990311956248428554 
990311917107154994 
990311894256603146 
990311880188887072 
990311872777584640 
990311858164621362 
990311851323715664 
990311836853362698 
990311829840470036 
990311805102477352 
990311792532144148 
990311783673757726 
990311767865454642 
990311761880170527 
990311748089282680 
990311740812173332 
990311728845848616 
990311719463170198 
990311704749551698 
990311697568895027 
990311684411392030 
990311676186353704 
990307683166998548 
990307663776723085 
990307658974257222 
990307642645807176 
990307636354363414 
990307621636538418 
990307615525449778 
990307601134813194 
990307593484382258 
990307583069937664 
990307571845980190 
990307555437850644 
990307549972693083 
990307535674290206 
990307528283934720 
990307493722853426 
990304497110745098 
990304480685879356 
990304474759299082 
990304463887687700 
990304452932145184 
990304438356947024 
990304430610067538 
990304421516816444 
990304408493522974 
990304390525095967 
990304385777156176 
990304371495555122 
990304365518667806 
990304348837916832 
990304342185738281 
990304312456544266 
990298238139645962 
990298220368371792 
990298216689967144 
990298198885171300 
990298195030577262 
990298189120819262 
990298168547753984 
990298153884475483 
990298147114848306 
990298131801460766 
990298124939579412 
990298107138961428 
990298103292760064 
990298088067461220 
990298082111520828 
990298070342316153 
990298060439568494 
990298045172305981 
990298038780194836 
990297906458288168 
990297851206721597 
990297837449379880 
990297830189043742 
990297814955347968 
990297808273829919 
990297779928694904 
990297742167380028 
990297735984984134 
990297719987904552 
990297714422075392 
990297698752159767 
990297692628455434 
990297672994939020 
990297662416912435 
990297629697134623 
990297616782864405 
990297608138391592 
990296994046152716 
990296958226800770 
990296947216777266 
990296936470954014 
990296921157541900 
990296910382395433 
990296888571990126 
990296877360631840 
990296866803576872 
990296855457972306 
990296844561158215 
990296834004107294 
990296820833988658 
990296810037866546 
990296799224922133 
990296788701429760 
990296776374374450 
990296754459115541 
990296744250187796 
990296725057048616 
990296714378354728 
990296703699648654 
990296693490745414 
990296679154610187 
990296668907929610 
990295765530337390 
990295755845664808 
990295743887716404 
990295683498147910 
990295671007490139 
990295662505639986 
990295647657816154 
990295640166760489 
990295625583173662 
990295618645790770 
990295602887798845 
990295596852195328 
990295584638394378 
990295575423492096 
990295562450534470 
990295553948647474 
990295537687355393 
990295532322844692 
990295504724328579 
990295498244124713 
990295463011946516 
990295447023280220 
990295441641988117 
990295426521497611 
990295419890315326 
990295405369643009 
990295398570676284 
990295386306527282 
990295376764477511 
990295367738343465 
990295354039763005 
990295339699404800 
990295332887887922 
990295318455279636 
990295310813233264 
990295295822815352 
990295289116110919 
990295240214724618 
990295230861410314 
990295215401214012 
990295209147518987 
990282701460373517 
990282687241654313 
990282679884857364 
990282664751796264 
990282658313568296 
990282643402805328 
990282637073612821 
990282621340762182 
990282614843773009 
990282599861735474 
990282593398313021 
990282578399469638 
990282572401618965 
990282558908559481 
990282550104690708 
990282535114272808 
990282528587915294 
990282513802997811 
990282506936913970 
990281725399679009 
990281717669572669 
990281704105181274 
990281696647737344 
990281681653084201 
990281674313052181 
990281660111138836 
990281652494270575 
990281638263001168 
990281627236200518 
990281610991644772 
990281605480329236 
990281582306816053 
990281567324733482 
990281561138159646 
990281545514381332 
990281539852046366 
990281526086365214 
990281517341216879 
990281506008227900 
990281496587808778 
990281413536415774 
990281403046461502 
990281390752956416 
990281376504885289 
990281369693347870 
990281352643510342 
990281348281421844 
990281325896400916 
990281322075389983 
990281305226903614 
990281300718006272 
990281279490654228 
990281262038122506 
990281257655074876 
990279761693650984 
990279751778312263 
990279735743508531 
990279718140018698 
990279713706614795 
990279696971333752 
990279692353405020 
990279674913521704 
990279670568218624 
990279653015052329 
990279648476823612 
990279631674441789 
990279626930667550 
990279608739979335 
990279604155596921 
990279590331158609 
990279582269718599 
990279568478830682 
990279559909896192 
990267851875164200 
990267846800076820 
990267827942481921 
990267824788340776 
990267806887080076 
990267803615526983 
990267785777135696 
990267782157447228 
990267764201619526 
990267759977984011 
990267742852628500 
990267739518140446 
990267723349131264 
990267717258969138 
990267700695674890 
990267695326953492 
990267686154018866 
990267669720760340 
990267654088556564 
990267647822274560 
990267487243341834 
990267468729700392 
990267465055469648 
990267448819347526 
990267442876022806 
990267425540952136 
990267421640245248 
990267403587956736 
990267400177995857 
990267383266553856 
990267378384396310 
990267332138004521 
990267328610582528 
990267309782355968 
990267306703720468 
990267288630476820 
990267285459578920 
990267266534887474 
990267263129120828 
990267247832490104 
990267241075449987 
990267135588720732 
990267128617795616 
990267118677278820 
990267107390398484 
990267052197576724 
990267036489908224 
990267030005489725 
990267011894509638 
990267008522264616 
990266993850605598 
990266987064221696 
990266975576006656 
990266965094465557 
990266952234700810 
990266944173277204 
990266931091243128 
990266922102829137 
990266851852427284 
990266845330288670 
990266779790098442 
990266772814979113 
990266762136281128 
990266755953860638 
990266746676056114 
990266733803737088 
990266720541368350 
990266712681218078 
990266697053274133 
990266690652749944 
990266675821674586 
990266669899350016 
990266654464299018 
990266647837286440 
990266634587471932 
990266626781904956 
990266597702770778 
990266591507779594 
990266574046892042 
990266566631378964 
990266552207163483 
990266545114583151 
990265947216556163 
990265932452610118 
990265925926277161 
990265911330082847 
990265903839076365 
990265889347756052 
990265882762690621 
990265867826786314 
990265861489197076 
990265837963325480 
990265823128084570 
990265816131977266 
990265800600453183 
990265794820735056 
990265779343728684 
990265773308141619 
990265759513063444 
990265752248520724 
990265738071769138 
990265730182303805 
990265663337685133 
990265504658759780 
990265497641697331 
990265455413444648 
990265443354816592 
990265429803032592 
990265421733187584 
990265405719322724 
990265400128339978 
990265359426805760 
990265351201759333 
990265344511844422 
990265329043247115 
990265316993007636 
990265307706835044 
990265293676875776 
990265286240403516 
990265270545313872 
990265264048336946 
990265251272458261 
990265242825150484 
990237167437615216 
990237150886907914 
990237146298343437 
990237127549784114 
990237124177559592 
990237106804768778 
990237102664986624 
990237084860182638 
990237081081094175 
990237070138159145 
990237060067627098 
990237044351582288 
990237038223720528 
990237021350035466 
990237016740466688 
990237000164597801 
990236995521507328 
990236986579251210 
990236973170040885 
990236957139419146 
990236951753945129 
990236678042050560 
990236674036486204 
990236661063487498 
990236652599406694 
990236637919326299 
990236631183274005 
990236609054117938 
990236592427892847 
990236586673340416 
990236528569643078 
990236523398062100 
990236506947989565 
990236501419884614 
990236483480854568 
990236479701803098 
990236462702272572 
990236458931589120 
990236441772711986 
990236436332683304 
990236419966533642 
990236414643949578 
990236405328396289 
990236401998114876 
990236382763057162 
990236379902517278 
990236362433253388 
990236358519980092 
990236349237985370 
990236336944459809 
990236321433911326 
990236313817071616 
990236301691346946 
990236291683737621 
990236276982706216 
990236270586388511 
990236262969524254 
990236258582286370 
990236230941822997 
990236225346625586 
990236180593405992 
990236177317638185 
990236158875303966 
990236155419176960 
990236137756962856 
990236134275694602 
990236120837132359 
990236112746340422 
990236101736280125 
990236091418308629 
990236087949611069 
990236069893140480 
990236065984020480 
990236048107917383 
990236044643426304 
990236027782307900 
990236023462166548 
990236006852739093 
990236001605681243 
990235983742111795 
990235979614920784 
990235966713249792 
990235958123331694 
990235938456236065 
990235933532115004 
990235918612987945 
990235912233439292 
990235897075228672 
990235890414678016 
990235879186518066 
990235869044682752 
990232010033356870 
990231994837397584 
990231988625629264 
990231970963394600 
990231966597140491 
990231949895409664 
990231945315237888 
990231931474047056 
990231923861381232 
990231906358554624 
990231902332006452 
990231885294731315 
990231881264009256 
990231864281288754 
990231859617206342 
990231844584837131 
990231837555183618 
990231826054381568 
990231815946113025 
990231804143353866 
990231793548546078 
990192725649412136 
990192694473134141 
990192671740010586 
990192639586492456 
990192621999759390 
990192599887388682 
990192583651237948 
990192567087947796 
990192550130372639 
990192526692585513 
990192510225752084 
990192492001509417 
990192475035566142 
990192447382499368 
990192415367376907 
990192306642628628 
990192293933903892 
990192282391183430 
990192260987617362 
990192249906282526 
990192204763004949 
990192193576763402 
990192183699206174 
990192173767082004 
990192161800720395 
990192151445012510 
990192140233637949 
990192129219371048 
990192118993649755 
990192103822880798 
990192094624743446 
990192084252254239 
990192072147468338 
990192061594615819 
990192047568871424 
990192003939696642 
990191958716710922 
990191949241782322 
990191925829185536 
990191916584943707 
990191905792991233 
990191895806357534 
990191886939619358 
990191871601033267 
990191858871328838 
990191850197487627 
990191840068259860 
990191828756217907 
990191816877932544 
990191807914729532 
990191796703342643 
990191785768783892 
990191756857454602 
990191746157797406 
990191735449731102 
990191713735823380 
990191678289743872 
990191665862049844 
990191655581786133 
990191637235916800 
990191627928743958 
990191615584899113 
990191603064918036 
990191593984237589 
990191579341930497 
990191571230154762 
990191561805545492 
990191549914705960 
990191537600217098 
990191528641187870 
990191519480807444 
990191499817922640 
990343712905248780 
990343699298910238 
990343692453830706 
990343672006578176 
990343665782235136 
990343650628210688 
990343643879575602 
990343629073698977 
990343621905633352 
990343611063336971 
990343601332572221 
990343589273956373 
990343579027243058 
990343568398897222 
990343549272866856 
990342144772431893 
990342130918649936 
990342118558023702 
990342075167944794 
990342060047487036 
990342053558906960 
990337957825245238 
990337945342996540 
990337935905816576 
990337924174327818 
990337914359656488 
990337902909198406 
990337892633149480 
990337880612307034 
990337870902464572 
990337859431051304 
990337849486377021 
990337838992211988 
990337827864707103 
990337795635687444 
990337779244367893 
990337768154595328 
990337757647872000 
990337747828998205 
990337732293308486 
990328810631229441 
990328799809900584 
990328789055701102 
990328777202610206 
990328767186600036 
990328756990251098 
990328746307387392 
990328735641247805 
990328724580888647 
990328661121056778 
990328647263088682 
990328636752134145 
990328621254189078 
990328610399338577 
990328550265618432 
990328535468081203 
990328525456285716 
990328515364786186 
990328500756029450 
990328490043789372 
990328479092449340 
990343712905248780 
990343699298910238 
990343692453830706 
990343672006578176 
990343665782235136 
990343650628210688 
990343643879575602 
990343629073698977 
990343621905633352 
990343611063336971 
990343601332572221 
990343589273956373 
990343579027243058 
990343568398897222 
990343549272866856 
990342144772431893 
990342130918649936 
990342118558023702 
990342075167944794 
990342060047487036 
990342053558906960 
990337957825245238 
990337945342996540 
990337935905816576 
990337924174327818 
990337914359656488 
990337902909198406 
990337892633149480 
990337880612307034 
990337870902464572 
990337859431051304 
990337849486377021 
990337838992211988 
990337827864707103 
990337795635687444 
990337779244367893 
990337768154595328 
990337757647872000 
990337747828998205 
990337732293308486 
990328810631229441 
990328799809900584 
990328789055701102 
990328777202610206 
990328767186600036 
990328756990251098 
990328746307387392 
990328735641247805 
990328724580888647 
990328661121056778 
990328647263088682 
990328636752134145 
990328621254189078 
990328610399338577 
990328550265618432 
990328535468081203 
990328525456285716 
990328515364786186 
990328500756029450 
990328490043789372 
990328479092449340 
990327795106340914 
990327786709323786 
990327774260649984 
990327767381979177 
990327743784828948 
990327730191085619 
990327714718302249 
990327708565258340 
990327677258956831 
990327670673911809 
990327646632153098 
990327629364207686 
990327624058425464 
990327548971982948 
990327543393583165 
990327528025620540 
990327522120056882 
990327507016372224 
990327500066402334 
990327484996263936 
990327479011004587 
990327452100362284 
990327448048635995 
990327430575190097 
990327426695454740 
990327408072745030 
990327404444676127 
990327387910709258 
990327383120826449 
990327365580238929 
990327361448869919 
990327343514017882 
990327340204691456 
990327324924850206 
990327318360776744 
990327311050108938 
990327295665373236 
990327287138369606 
990327254166962286 
990327207069114418 
990327192275800065 
990327177184702486 
990327159556038686 
990327147057000519 
990327136801914880 
990327126538461255 
990327115390013460 
990327093411864666 
990327083626549268 
990327071635046430 
990327061648392232 
990327048411156530 
990327039380840498 
990327027775201350 
990327017352359936 
990327005193060462 
990326995277721610 
990326633502236752 
990326618318831626 
990326606146994256 
990326594545524806 
990326581471883325 
990326570340188173 
990326557769883669 
990326541772791808 
990326518033043526 
990326506360299520 
990326495845163098 
990326485162287144 
990326473892171847 
990326459220492389 
990326448009142353 
990326436386730025 
990326414337261709 
990326400009502721 
990326366224416898 
990326348096614451 
990343712905248780 
990343699298910238 
990343692453830706 
990343672006578176 
990343665782235136 
990343650628210688 
990343643879575602 
990343629073698977 
990343621905633352 
990343611063336971 
990343601332572221 
990343589273956373 
990343579027243058 
990343568398897222 
990343549272866856 
990342144772431893 
990342130918649936 
990342118558023702 
990342075167944794 
990342060047487036 
990342053558906960 
990337957825245238 
990337945342996540 
990337935905816576 
990337924174327818 
990337914359656488 
990337902909198406 
990337892633149480 
990337880612307034 
990337870902464572 
990337859431051304 
990337849486377021 
990337838992211988 
990337827864707103 
990337795635687444 
990337779244367893 
990337768154595328 
990337757647872000 
990337747828998205 
990337732293308486 
990328810631229441 
990328799809900584 
990328789055701102 
990328777202610206 
990328767186600036 
990328756990251098 
990328746307387392 
990328735641247805 
990328724580888647 
990328661121056778 
990328647263088682 
990328636752134145 
990328621254189078 
990328610399338577 
990328550265618432 
990328535468081203 
990328525456285716 
990328515364786186 
990328500756029450 
990328490043789372 
990328479092449340 
990327795106340914 
990327786709323786 
990327774260649984 
990327767381979177 
990327743784828948 
990327730191085619 
990327714718302249 
990327708565258340 
990327677258956831 
990327670673911809 
990327646632153098 
990327629364207686 
990327624058425464 
990327548971982948 
990327543393583165 
990327528025620540 
990327522120056882 
990327507016372224 
990327500066402334 
990327484996263936 
990327479011004587 
990327452100362284 
990327448048635995 
990327430575190097 
990327426695454740 
990327408072745030 
990327404444676127 
990327387910709258 
990327383120826449 
990327365580238929 
990327361448869919 
990327343514017882 
990327340204691456 
990327324924850206 
990327318360776744 
990327311050108938 
990327295665373236 
990327287138369606 
990327254166962286 
990327207069114418 
990327192275800065 
990327177184702486 
990327159556038686 
990327147057000519 
990327136801914880 
990327126538461255 
990327115390013460 
990327093411864666 
990327083626549268 
990327071635046430 
990327061648392232 
990327048411156530 
990327039380840498 
990327027775201350 
990327017352359936 
990327005193060462 
990326995277721610 
990326633502236752 
990326618318831626 
990326606146994256 
990326594545524806 
990326581471883325 
990326570340188173 
990326557769883669 
990326541772791808 
990326518033043526 
990326506360299520 
990326495845163098 
990326485162287144 
990326473892171847 
990326459220492389 
990326448009142353 
990326436386730025 
990326414337261709 
990326400009502721 
990326366224416898 
990326348096614451 
990343692453830706 
990343672006578176 
990343549272866856 
990342144772431893 
990342075167944794 
990337957825245238 
990337935905816576 
990328789055701102 
990327774260649984 
990327730191085619 
990327714718302249 
990327646632153098 
990327629364207686 
990327548971982948 
990327430575190097 
990327207069114418 
990327159556038686 
990326606146994256 
990326217351770143 
990326169587040336 
990325969048981586 
990312161597341737 
990311956248428554 
990311894256603146 
990311880188887072 
990311805102477352 
990307658974257222 
990343692453830706 
990343672006578176 
990343549272866856 
990342144772431893 
990342075167944794 
990337957825245238 
990337935905816576 
990328789055701102 
990327774260649984 
990327730191085619 
990327714718302249 
990327646632153098 
990327629364207686 
990327548971982948 
990327430575190097 
990327207069114418 
990327159556038686 
990326606146994256 
990326217351770143 
990326169587040336 
990325969048981586 
990312161597341737 
990311956248428554 
990311894256603146 
990311880188887072 
990311805102477352 
990307658974257222 
990307528283934720 
990304474759299082 
990298216689967144 
990298153884475483 
990297830189043742 
990297742167380028 
990297629697134623 
990296958226800770 
990296888571990126 
990295743887716404 
990295683498147910 
990295562450534470 
990295553948647474 
990295441641988117 
990295240214724618 
990343692453830706 
990337935905816576 
990328789055701102 
990327774260649984 
990327430575190097 
990326606146994256 
990326217351770143 
990312161597341737 
990311880188887072 
990307658974257222 
990304474759299082 
990298216689967144 
990297830189043742 
990296888571990126 
990295441641988117 
990265663337685133 
990141894594031646 
990060123701542952 
990265663337685133 
990141894594031646 
990060123701542952 
990265663337685133 
990141894594031646 
990060123701542952 
990027959035392081 
989971226782990396 
989939165242196059 
989801596709908520 
989788084885418004 
989673718542381056 
989606877891551237 
989589159733788802 
989584879463313458 
989293652159373322 
989293598392602715 
989243093217861632 
989214014728990760 
988931697863168020 
988924209445109780 
988840196265111613 
988742041615863808 
988716643154808842 
988650142288723978 
988650095882944513 
988608416031338496 
988607158167941163 
988605414486708304 
988604240446504980 
988603186040418314 
988602734938833017 
988602673873973298 
988602653930049536 
988602611152347196 
988602511478906900 
988600997574238218 
988600604593102888 
988600552525004810 
988600511651540992 
988600456555155547 
988600427023040512 
988597729326399528 
988585554587316244 
988551811281616936 
988544883931369492 
988335229284540446 
988188016382201877 
987976270337937408 
987953859479605308 
987936735923154984 
987778235565752320 
987614645311393802 
987559334391218236 
987431008762736701 
987382627155714098 
987279783014567996 
987158770683613234 
987157344351817768 
987037826187141130 
986900580729491496 
986705881985085511 
986638526164652062 
986398414537359411 
986386047078395924 
986366720220483705 
986264348609609738 
986204121793179678 
986144530787090473 
986142462626119690 
986009053585109075 
985981410454163477 
985910073169678356 
985844342998573087 
985815481644646420 
985634051912237086 
985621433394802788 
985618660364255294 
985618161208557578 
985612192277758012 
985575215411122226 
985439192685359135 
985418055704281088 
985222970484080680 
985222954247938048 
985113774199545886 
985113724987781150 
985113643534393344 
985113430300164116 
985113331281059860 
985113231221735464 
985028506822008913 
984998460430360606 
984836413923143710 
984819251103793152 
984693072183066664 
984693042093101096 
984682418931908638 
984632333728616488 
984562351867035708 
984458477009260595 
984260602568523786 
984254804622704650 
984064843571167232 
983989077990834186 
983988553723830273 
983988392515760168 
983986857371107328 
983986542483763280 
983959814717714452 
983897202986459206 
983806149163896832 
983750364736151584 
983623818448883722 
983571941615079504 
983504691776327690 
983427849736314970 
983424669958938644 
983388451225362583 
983322618386075698 
983251208682749984 
983206326538756096 
983180410899034142 
983179285814718534 
983178585936371742 
983087375154552883 
982975550408777779 
982938266229678090 
982912513555435550 
982783307064430602 
982766013525405696 
982722701686894653 
982564364508880906 
982552936813035540 
982530351249387531 
982507568670847026 
982370524342673508 
982355342136586250 
982355112540373122 
982341638464634940 
982175091364335668 
982170544252264459 
982090994726109194 
982090406349140088 
982066787241820230 
981980034967425074 
981736660301672538 
981731119617675294 
981693483599400991 
981685150767280208 
981642635578064916 
981642279884324884 
981529392599670784 
981491857672523826 
981491653284077634 
981482535882203176 
981482486980825108 
981443556730368080 
981438510349303808 
981435238762823690 
981424167234727936 
981318251260837948 
981301333170724914 
981258038692417557 
981235850748760104 
981225614554066984 
981118275012399105 
981094013035753472 
980912573857804348 
980872104981442632 
980773183273701407 
980728414019416084 
980662950597623838 
980596164019752980 
980593666693427220 
980559210632871946 
980545897303769158 
980539277572190288 
980539062999990373 
980536911221370941 
980367031964688384 
980366890310443018 
980334704345640980 
980243056878059520 
980183612135731230 
980146976937107467 
980127104005963817 
980124427960352868 
980101512221065216 
980030057248600084 
980002067429085196 
979978174727352340 
979866112751702097 
979858338957393980 
979834771653943366 
979773352195543090 
979756620663894096 
979637746366836747 
979637543979061258 
979608187982479450 
979529186496622652 
979519184784482354 
979342449434578974 
979335164809338880 
979290863739994133 
979290638220677160 
979244679977660496 
979237424024678440 
979145225987579954 
979127393044279378 
979124213803782164 
979074713332646010 
979051984286003220 
978891454732726362 
978846477633880116 
978773907303727196 
978748752875626566 
978711162017443890 
978707041847767100 
978580674338488320 
978561014318637117 
978560335730602044 
978560188762173440 
978537909990862888 
978537122359312415 
978492239191879721 
978478838549971035 
978401572818149456 
978381633658953758 
978354400571568188 
978349841249878016 
978334019848667196 
978320517847220225 
978291239541686332 
978194784596406272 
978194739327283240 
978194726933106708 
978164938600226927 
978139784247660595 
978121119401922580 
978054384510468176 
978008844431138817 
977994014840201256 
977986001416904735 
977872812159152168 
977859755857051688 
977827717066137610 
977825796385280010 
977761920599875584 
977761727343108176 
977759522137440256 
977713689488662528 
977675701270511708 
977655317850640404 
977644486396088401 
977644355252797470 
977630022347145246 
977621822336016484 
977526798181072928 
977501331780665354 
977488934651183134 
977462747979714560 
977376719587667988 
977373079217004635 
977295925863149588 
977295530579345448 
977284013083492382 
977267516462227577 
977263006008369262 
977258760454148147 
977160517225443328 
977112608526176286 
977104554271338556 
977103634196217886 
977093712851140629 
977093331194638366 
977066375765983292 
976950296112672769 
976950289863180368 
976930973994344558 
976928489829724161 
976908952866549771 
976908034330755102 
976859501997199391 
976859416353726505 
976742141755797514 
976739451306905610 
976739390556631040 
976717344883744808 
976717250339962921 
976695295419232257 
976656899577630781 
976654938438500362 
976648635687256064 
976588228649951322 
976530739975831596 
976511584115511357 
976506990614413362 
976348493553745930 
976347989507457114 
976275278131245067 
976250254569664563 
976166757783977994 
976166721054449664 
976144188112515092 
976059733444284428 
976047515843559465 
976046151658795020 
976046051368771604 
976045467009953802 
976045362479509524 
976041542106103848 
975927121467830352 
975901172240089088 
975899179379478529 
975878459073114112 
975846623420772403 
975715463814332416 
975711272995786792 
975696967290220604 
975683963173621800 
975642250275074068 
975631891816402974 
975606595205615656 
975521903580176395 
975504900358287370 
975484826205437952 
975483669680652379 
975455653244067840 
975448434926551061 
975335276975124510 
975335259094810694 
975303838192009256 
975279577985351692 
975228594668310548 
975200318344265819 
975120908228370542 
975120341569503333 
974987186774626334 
974987066477776906 
974985065203380304 
974960097220493352 
974960025963495424 
974958605793128478 
974931791028822066 
974802699797266495 
974737488289595442 
974690371860840529 
974591569883713556 
974561056108212234 
974550705174114314 
974549566823219221 
974547259142328370 
974359649656651836 
974348860291944479 
990358830263205958 
990265663337685133 
990141894594031646 
990060123701542952 
990027959035392081 
989971226782990396 
990358830263205958 
990265663337685133 
990141894594031646 
990060123701542952 
990027959035392081 
989971226782990396 
989939165242196059 
989801596709908520 
989788084885418004 
989673718542381056 
989606877891551237 
989589159733788802 
989584879463313458 
989293652159373322 
989293598392602715 
989243093217861632 
989214014728990760 
988931697863168020 
988924209445109780 
988840196265111613 
988742041615863808 
988716643154808842 
988650142288723978 
988650095882944513 
988608416031338496 
988607158167941163 
988605414486708304 
988604240446504980 
988603186040418314 
988602734938833017 
988602673873973298 
988602653930049536 
988602611152347196 
988602511478906900 
988600997574238218 
988600604593102888 
988600552525004810 
988600511651540992 
988600456555155547 
988600427023040512 
988597729326399528 
988585554587316244 
988551811281616936 
988544883931369492 
988335229284540446 
988188016382201877 
987976270337937408 
987953859479605308 
987936735923154984 
987778235565752320 
987614645311393802 
987559334391218236 
987431008762736701 
987382627155714098 
987279783014567996 
987158770683613234 
987157344351817768 
987037826187141130 
986900580729491496 
986705881985085511 
986638526164652062 
986398414537359411 
986386047078395924 
986366720220483705 
986264348609609738 
986204121793179678 
986144530787090473 
986142462626119690 
986009053585109075 
985981410454163477 
985910073169678356 
985844342998573087 
985815481644646420 
985634051912237086 
985621433394802788 
985618660364255294 
985618161208557578 
985612192277758012 
985575215411122226 
985439192685359135 
985418055704281088 
985222970484080680 
985222954247938048 
985113774199545886 
985113724987781150 
985113643534393344 
985113430300164116 
985113331281059860 
985113231221735464 
985028506822008913 
984998460430360606 
984836413923143710 
984819251103793152 
984693072183066664 
984693042093101096 
984682418931908638 
984632333728616488 
984562351867035708 
984458477009260595 
984260602568523786 
984254804622704650 
984064843571167232 
983989077990834186 
983988553723830273 
983988392515760168 
983986857371107328 
983986542483763280 
983959814717714452 
983897202986459206 
983806149163896832 
983750364736151584 
983623818448883722 
983571941615079504 
983504691776327690 
983427849736314970 
983424669958938644 
983388451225362583 
983322618386075698 
983251208682749984 
983206326538756096 
983180410899034142 
983179285814718534 
983178585936371742 
983087375154552883 
982975550408777779 
982938266229678090 
982912513555435550 
982783307064430602 
982766013525405696 
982722701686894653 
982564364508880906 
982552936813035540 
982530351249387531 
982507568670847026 
982370524342673508 
982355342136586250 
982355112540373122 
982341638464634940 
982175091364335668 
982170544252264459 
982090994726109194 
982090406349140088 
982066787241820230 
981980034967425074 
981736660301672538 
981731119617675294 
981693483599400991 
981685150767280208 
981642635578064916 
981642279884324884 
981529392599670784 
981491857672523826 
981491653284077634 
981482535882203176 
981482486980825108 
981443556730368080 
981438510349303808 
981435238762823690 
981424167234727936 
981318251260837948 
981301333170724914 
981258038692417557 
981235850748760104 
981225614554066984 
981118275012399105 
981094013035753472 
980912573857804348 
980872104981442632 
980773183273701407 
980728414019416084 
980662950597623838 
980596164019752980 
980593666693427220 
980559210632871946 
980545897303769158 
980539277572190288 
980539062999990373 
980536911221370941 
980367031964688384 
980366890310443018 
980334704345640980 
980243056878059520 
980183612135731230 
980146976937107467 
980127104005963817 
980124427960352868 
980101512221065216 
980030057248600084 
980002067429085196 
979978174727352340 
979866112751702097 
979858338957393980 
979834771653943366 
979773352195543090 
979756620663894096 
979637746366836747 
979637543979061258 
979608187982479450 
979529186496622652 
979519184784482354 
979342449434578974 
979335164809338880 
979290863739994133 
979290638220677160 
979244679977660496 
979237424024678440 
979145225987579954 
979127393044279378 
979124213803782164 
979074713332646010 
979051984286003220 
978891454732726362 
978846477633880116 
978773907303727196 
978748752875626566 
978711162017443890 
978707041847767100 
978580674338488320 
978561014318637117 
978560335730602044 
978560188762173440 
978537909990862888 
978537122359312415 
978492239191879721 
978478838549971035 
978401572818149456 
978381633658953758 
978354400571568188 
978349841249878016 
978334019848667196 
978320517847220225 
978291239541686332 
978194784596406272 
978194739327283240 
978194726933106708 
978164938600226927 
978139784247660595 
978121119401922580 
978054384510468176 
978008844431138817 
977994014840201256 
977986001416904735 
977872812159152168 
977859755857051688 
977827717066137610 
977825796385280010 
977761920599875584 
977761727343108176 
977759522137440256 
977713689488662528 
977675701270511708 
977655317850640404 
977644486396088401 
977644355252797470 
977630022347145246 
977621822336016484 
977526798181072928 
977501331780665354 
977488934651183134 
977462747979714560 
977376719587667988 
977373079217004635 
977295925863149588 
977295530579345448 
977284013083492382 
977267516462227577 
977263006008369262 
977258760454148147 
977160517225443328 
977112608526176286 
977104554271338556 
977103634196217886 
977093712851140629 
977093331194638366 
977066375765983292 
976950296112672769 
976950289863180368 
976930973994344558 
976928489829724161 
976908952866549771 
976908034330755102 
976859501997199391 
976859416353726505 
976742141755797514 
976739451306905610 
976739390556631040 
976717344883744808 
976717250339962921 
976695295419232257 
976656899577630781 
976654938438500362 
976648635687256064 
976588228649951322 
976530739975831596 
976511584115511357 
976506990614413362 
976348493553745930 
976347989507457114 
976275278131245067 
976250254569664563 
976166757783977994 
976166721054449664 
976144188112515092 
976059733444284428 
976047515843559465 
976046151658795020 
976046051368771604 
976045467009953802 
976045362479509524 
976041542106103848 
975927121467830352 
975901172240089088 
975899179379478529 
975878459073114112 
975846623420772403 
975715463814332416 
975711272995786792 
975696967290220604 
975683963173621800 
975642250275074068 
975631891816402974 
975606595205615656 
975521903580176395 
975504900358287370 
975484826205437952 
975483669680652379 
975455653244067840 
975448434926551061 
975335276975124510 
975335259094810694 
975303838192009256 
975279577985351692 
975228594668310548 
975200318344265819 
975120908228370542 
975120341569503333 
974987186774626334 
974987066477776906 
974985065203380304 
974960097220493352 
974960025963495424 
974958605793128478 
974931791028822066 
974802699797266495 
974737488289595442 
974690371860840529 
974591569883713556 
974561056108212234 
974550705174114314 
974549566823219221 
974547259142328370 
974359649656651836 
974348860291944479 
974225832723771412 
974206256023760966 
974202132335054878 
974133925570023494 
974125570180915200 
974087482217988116 
973950721173123083 
973938105734287371 
973870078862958632 
973843615593934888 
973808504362123325 
973740891158249503 
973689331074105354 
973665287033462914 
973664647473422358 
973663214372016138 
973600606675681280 
973553509502959646 
973538349484748840 
973491626594955264 
973479974772301864 
973465422693269564 
973418059245158470 
973389879364948008 
973372521997025390 
973359164808102018 
973270680403603466 
973264287957123072 
973262234253922484 
973177851262173184 
973117868638076948 
973114224974897162 
973113914269257778 
973093935603941426 
973079257280569394 
972984206252703824 
972964209660944455 
972899806332727306 
972873395609940068 
972782344643674112 
972757635189329950 
972756636693315614 
972691744191828024 
972655543460167761 
972617865582743642 
972603463471071273 
972577241605214238 
972571950188757063 
972554725536972860 
972465706786508840 
972434937724690442 
972429400282890261 
972408404226244659 
972396007000244224 
972390512378138624 
972390510213885953 
972390297562673172 
972374210552942612 
972363374618873876 
972362858987925544 
972361152787009556 
972242673131986985 
972211582723563580 
972193909847498812 
972192317895229500 
972060077324370000 
972060023570194432 
972059929689063424 
972030330724831262 
972001145209905202 
971999252983205888 
971926240342716426 
971912479254925322 
971881448279781436 
971872961239871508 
971858787243790357 
971858117014986802 
971746248547782746 
971668404945711124 
971665619864940545 
971665492974661642 
971630904176967720 
971608531704873060 
971605085224316969 
971487836714971156 
971487579134390302 
971486963829985300 
971484083181994014 
971477021148450846 
971471146534961172 
971445919646118038 
971408709618106478 
971321297776807937 
971306122227122216 
971291302618615819 
971286967755108422 
971279885052047360 
971225028433702952 
971202316617256970 
971167291867803689 
971155408947384420 
971155249609982002 
971154534535680040 
971097070591152189 
971096432964698112 
971096152512548914 
970972341200891915 
970966609151807528 
970945397910548490 
970882592847040552 
970857207522541588 
970856595997224991 
970819546854334464 
970808173684465725 
970790035345539084 
970779617348698203 
970779327908171897 
970760970781753424 
970669126148296785 
970595665090592798 
970595274890313738 
970594779836596364 
970594645732126740 
970593581217759282 
970592868068642837 
970520612579729420 
970488396680159293 
970488113069719623 
970487865031147550 
970397187156639875 
970222405173805066 
970218104758083645 
970217506121846794 
970217463407050832 
970191460488085544 
970185311223152670 
970157777777471489 
970157234673836062 
970140711599095839 
970110767988875334 
970110733301981184 
970109969083019264 
970088270811770950 
970065442699898910 
970048357961711616 
969852917555294219 
969852869887000616 
969811396332253196 
969692849924894761 
969682653693501492 
969664829566619778 
969660321847476314 
969485697478168606 
969478804282175548 
969478586518110230 
969437548088819802 
969294801222639686 
969294514051227688 
969281693611622480 
969116685548269568 
969050625465806848 
969007225030983730 
968997982206840902 
968966526982037534 
968966524675166258 
968963052357697576 
968779359064322089 
968779338352824340 
968779312461385799 
968773128736112652 
968772978064101406 
968768418461413436 
968735561303093268 
968677016796811294 
968558995935735868 
968557688533438514 
968424007705694248 
968374910953074688 
968346222345715763 
968335768563097600 
968304704385855588 
968301044138401813 
968299856944849006 
968299713398964234 
968291998152937512 
968241918653919262 
968241870113218680 
968238342812598362 
968001354893250622 
